******************************************************************************
                  TI ARM Linker PC v16.9.6                     
******************************************************************************
>> Linked Sat Oct 13 18:46:23 2018

OUTPUT FILE NAME:   <xwr16xx_srr_ti_design_mss.xer4f>
ENTRY POINT SYMBOL: "_c_int00"  address: 0000e3b0


MEMORY CONFIGURATION

         name            origin    length      used     unused   attr    fill
----------------------  --------  ---------  --------  --------  ----  --------
  VECTORS               00000000   00000100  0000003c  000000c4     X
  PROG_RAM              00000100   0003ff00  00014a3a  0002b4c6  R  X
  DATA_RAM              08000000   00030000  0000c614  000239ec  RW  
  L3_RAM                51000000   000a0000  00000000  000a0000  RW  
  HS_RAM                52080000   00008000  00000000  00008000  RW  


SEGMENT ALLOCATION MAP

run origin  load origin   length   init length attrs members
----------  ----------- ---------- ----------- ----- -------
00000000    00000000    0000003c   0000003c    r--
  00000000    00000000    0000003c   0000003c    r-- .vecs
00000100    00000100    00014a40   00014a40    r-x
  00000100    00000100    00011ff4   00011ff4    r-x .text
  000120f8    000120f8    00002696   00002696    r-- .const
  00014790    00014790    000003b0   000003b0    r-- .cinit
08000000    08000000    0000c618   00000000    rw-
  08000000    08000000    00008000   00000000    rw- systemHeap
  08008000    08008000    00001edc   00000000    rw- .bss
  08009ee0    08009ee0    00001000   00000000    rw- .stack
  0800aee0    0800aee0    00000f38   00000000    rw- .data
  0800be18    0800be18    00000800   00000000    rw- .myFiqStack


SECTION ALLOCATION MAP

 output                                  attributes/
section   page    origin      length       input sections
--------  ----  ----------  ----------   ----------------
systemHeap 
*          0    08000000    00008000     UNINITIALIZED
                  08000000    00008000     mss_srr_per4f.oer4f (systemHeap)

.vecs      0    00000000    0000003c     
                  00000000    0000003c     mss_srr_per4f.oer4f (.vecs)

.text      0    00000100    00011ff4     
                  00000100    0000107a     rtsv7R4_T_le_v3D16_eabi.lib : _printfi.obj (.text)
                  0000117a    00000006     libosal_xwr16xx.aer4f : HwiP_tirtos.oer4f (.text:HwiP_restore)
                  00001180    00000760     sysbios.aer4f : BIOS.obj (.text:xdc_runtime_System_doPrint__I)
                  000018e0    000004f0                   : BIOS.obj (.text:ti_sysbios_knl_Semaphore_pend__E)
                  00001dd0    00000480     mss_main.obj (.text:SRR_MSS_initTask)
                  00002250    000003f4     sysbios.aer4f : BIOS.obj (.text:ti_sysbios_knl_Task_Instance_finalize__E)
                  00002644    0000000c     libmmwave_xwr16xx.aer4f : mmwave_xwr16xx.oer4f (.text:MMWave_deviceMailboxCallbackFxn)
                  00002650    000003f0     sysbios.aer4f : BIOS.obj (.text:ti_sysbios_heaps_HeapMem_freeUnprotected__E)
                  00002a40    00000354                   : BIOS.obj (.text:ti_sysbios_heaps_HeapMem_allocUnprotected__E)
                  00002d94    0000000c     libmmwave_xwr16xx.aer4f : mmwave_osal.oer4f (.text:MMWave_osalMutexUnlock)
                  00002da0    0000034c     sysbios.aer4f : BIOS.obj (.text:ti_sysbios_knl_Task_sleep__E)
                  000030ec    00000004     libosal_xwr16xx.aer4f : HwiP_tirtos.oer4f (.text:HwiP_disableInterrupt)
                  000030f0    000002fc     sysbios.aer4f : BIOS.obj (.text:ti_sysbios_family_arm_exc_Exception_excDumpContext__I)
                  000033ec    00000004     libosal_xwr16xx.aer4f : HwiP_tirtos.oer4f (.text:HwiP_enableInterrupt)
                  000033f0    000002d4     sysbios.aer4f : BIOS.obj (.text:ti_sysbios_family_arm_v7r_vim_Hwi_dispatchIRQC__I)
                  000036c4    000002b8     rtsv7R4_T_le_v3D16_eabi.lib : ull_div32.obj (.text)
                  0000397c    00000004     libmmwave_xwr16xx.aer4f : mmwave_link.oer4f (.text:MMWave_disableDevice)
                  00003980    000002b4     sysbios.aer4f : BIOS.obj (.text:ti_sysbios_knl_Task_Instance_init__E)
                  00003c34    0000000c     libmmwave_xwr16xx.aer4f : mmwave_osal.oer4f (.text:MMWave_osalSemSignal)
                  00003c40    000002b4     sysbios.aer4f : BIOS.obj (.text:ti_sysbios_knl_Task_Module_startup__E)
                  00003ef4    0000000c     mss_main.obj (.text:MmwDemo_mboxCallback)
                  00003f00    0000029c     sysbios.aer4f : BIOS.obj (.text:ti_sysbios_family_arm_exc_Exception_excHandler__I)
                  0000419c    0000027c     libmmwave_xwr16xx.aer4f : mmwave_xwr16xx.oer4f (.text:MMWave_deviceExecuteFxn)
                  00004418    00000008     libosal_xwr16xx.aer4f : HwiP_tirtos.oer4f (.text:HwiP_disable)
                  00004420    00000268     sysbios.aer4f : BIOS.obj (.text:xdc_runtime_Error_policyDefault__E)
                  00004688    00000260     libmailbox_xwr16xx.aer4f : mailbox.oer4f (.text:Mailbox_open)
                  000048e8    00000008     libmmwave_xwr16xx.aer4f : mmwave.oer4f (.text:MMWave_decodeErrorLevel)
                  000048f0    00000248     sysbios.aer4f : BIOS.obj (.text:ti_sysbios_knl_Event_post__E)
                  00004b38    00000240     libcli_xwr16xx.aer4f : cli_mmwave.oer4f (.text:CLI_MMWaveProfileCfg)
                  00004d78    00000238     libsoc_xwr16xx.aer4f : soc_xwr16xx_mss.oer4f (.text:SOC_deviceInit)
                  00004fb0    00000218     sysbios.aer4f : BIOS.obj (.text:ti_sysbios_knl_Semaphore_post__E)
                  000051c8    00000214     libuart_xwr16xx.aer4f : uartsci.oer4f (.text:UartSci_open)
                  000053dc    00000200     libcrc_xwr16xx.aer4f : crc.oer4f (.text:CRC_open)
                  000055dc    00000004     libmmwave_xwr16xx.aer4f : mmwave_link.oer4f (.text:MMWave_enableDevice)
                  000055e0    000001f8     sysbios.aer4f : BIOS.obj (.text:ti_sysbios_family_arm_v7r_vim_Hwi_reconfig__E)
                  000057d8    00000008     libmmwave_xwr16xx.aer4f : mmwave_link.oer4f (.text:MMWave_mboxCallbackFxn)
                  000057e0    000001f8     sysbios.aer4f : BIOS.obj (.text:ti_sysbios_heaps_HeapMem_Instance_init__E)
                  000059d8    000001f0     libDMA_xwr16xx.aer4f : dma.oer4f (.text:DMA_setChannelParams)
                  00005bc8    000001e8     mss_srr_cli.obj (.text:SRR_MSS_CLIAdvancedFrameCfg)
                  00005db0    000001e8     sysbios.aer4f : BIOS.obj (.text:xdc_runtime_Core_createObject__I)
                  00005f98    000001e4     rtsv7R4_T_le_v3D16_eabi.lib : strtod.obj (.text)
                  0000617c    000001d4     mss_srr_cli.obj (.text:SRR_MSS_CLIBasicCfg)
                  00006350    000001c8     rtsv7R4_T_le_v3D16_eabi.lib : fopen.obj (.text)
                  00006518    000001c4     libcli_xwr16xx.aer4f : cli_mmwave.oer4f (.text:CLI_MMWaveChirpCfg)
                  000066dc    00000004     libmmwave_xwr16xx.aer4f : mmwave_listlib.oer4f (.text:MMWave_listGetHead)
                  000066e0    000001c4     sysbios.aer4f : BIOS.obj (.text:ti_sysbios_knl_Clock_workFunc__E)
                  000068a4    000001bc     mss_srr_cli.obj (.text:SRR_MSS_CLIInit)
                  00006a60    000001b8     sysbios.aer4f : BIOS.obj (.text:ti_sysbios_timers_rti_Timer_Module_startup__E)
                  00006c18    000001a4     libcli_xwr16xx.aer4f : cli_mmwave.oer4f (.text:CLI_MMWaveSubFrameCfg)
                  00006dbc    000001a1                          : cli_mmwave.oer4f (.text:CLI_MMWaveVersion)
                  00006f5d    00000001     --HOLE-- [fill = 0]
                  00006f5e    00000002     libmmwave_xwr16xx.aer4f : mmwave_link.oer4f (.text:MMWave_maskHostIRQ)
                  00006f60    000001a0     sysbios.aer4f : BIOS.obj (.text:ti_sysbios_knl_Swi_run__I)
                  00007100    00000198     libmmwavelink_xwr16xx.aer4f : rl_driver.oer4f (.text:rlDriverCmdInvoke)
                  00007298    00000008     libosal_xwr16xx.aer4f : SemaphoreP_tirtos.oer4f (.text:SemaphoreP_Params_init)
                  000072a0    00000190     sysbios.aer4f : BIOS.obj (.text:ti_sysbios_family_arm_v7r_vim_Hwi_Instance_init__E)
                  00007430    0000018c     mss_main.obj (.text:MmwDemo_mboxReadTask)
                  000075bc    00000004     libmmwave_xwr16xx.aer4f : mmwave_listlib.oer4f (.text:MMWave_listGetNext)
                  000075c0    0000018c     sysbios.aer4f : BIOS.obj (.text:xdc_runtime_Core_constructObject__I)
                  0000774c    00000188     mss_srr_per4f.oer4f (.text:xdc_runtime_System_printfExtend__I)
                  000078d4    00000184     libmmwavelink_xwr16xx.aer4f : rl_driver.oer4f (.text:rlDriverRxHdrRead)
                  00007a58    00000008                                 : rl_driver.oer4f (.text:rlDriverGetHandle)
                  00007a60    00000184     sysbios.aer4f : BIOS.obj (.text:xdc_runtime_Startup_startMods__I)
                  00007be4    0000000c     libuart_xwr16xx.aer4f : UART.oer4f (.text:UART_Params_init)
                  00007bf0    00000174     sysbios.aer4f : BIOS.obj (.text:ti_sysbios_family_arm_v7r_vim_Hwi_Module_startup__E)
                  00007d64    0000000c     libuart_xwr16xx.aer4f : uartsci_dma.oer4f (.text:UartSci_isDMAEnabled)
                  00007d70    00000174     sysbios.aer4f : BIOS.obj (.text:ti_sysbios_heaps_HeapBuf_Module_startup__E)
                  00007ee4    0000000c     rtsv7R4_T_le_v3D16_eabi.lib : copy_zero_init.obj (.text:decompress:ZI)
                  00007ef0    00000174     sysbios.aer4f : BIOS.obj (.text:ti_sysbios_timers_rti_Timer_getFreq__E)
                  00008064    0000000c     libmmwavelink_xwr16xx.aer4f : rl_driver.oer4f (.text:rlDriverGetPlatformId)
                  00008070    00000154     sysbios.aer4f : BIOS.obj (.text:ti_sysbios_knl_Task_exit__E)
                  000081c4    0000014c     libcli_xwr16xx.aer4f : cli_mmwave.oer4f (.text:CLI_MMWaveFrameCfg)
                  00008310    0000014c                          : cli.oer4f (.text:CLI_task)
                  0000845c    0000014c     libmmwave_xwr16xx.aer4f : mmwave_link.oer4f (.text:MMWave_initMMWaveLink)
                  000085a8    0000014a     libuart_xwr16xx.aer4f : uartsci.oer4f (.text:UartSci_ISR)
                  000086f2    0000000e     libosal_xwr16xx.aer4f : SemaphoreP_tirtos.oer4f (.text:SemaphoreP_delete)
                  00008700    00000148     sysbios.aer4f : BIOS.obj (.text:ti_sysbios_knl_Task_checkStacks__E)
                  00008848    00000008     mss_srr_per4f.oer4f (.text:ti_sysbios_family_arm_TaskSupport_Module__startupDone__S)
                  00008850    00000138     sysbios.aer4f : BIOS.obj (.text:ti_sysbios_knl_Task_schedule__I)
                  00008988    00000006     libmmwavelink_xwr16xx.aer4f : rl_controller.oer4f (.text:rlGetSubBlockId)
                  0000898e    00000002     mss_main.obj (.text:SRR_MSS_closeFxn)
                  00008990    00000130     sysbios.aer4f : BIOS.obj (.text:ti_sysbios_knl_Task_postInit__I)
                  00008ac0    00000130                   : BIOS.obj (.text:ti_sysbios_knl_Task_startCore__E)
                  00008bf0    00000128     libcli_xwr16xx.aer4f : cli_mmwave.oer4f (.text:CLI_MMWaveContModeCfg)
                  00008d18    00000128     libmmwavelink_xwr16xx.aer4f : rl_driver.oer4f (.text:rlDriverMsgRead)
                  00008e40    00000124     libcli_xwr16xx.aer4f : cli_mmwave.oer4f (.text:CLI_MMWaveAdvFrameCfg)
                  00008f64    0000000c     sysbios.aer4f : tms570_Core_asm.obj (.text:ti_sysbios_family_arm_v7r_tms570_Core_getId__E)
                  00008f70    00000124                   : BIOS.obj (.text:ti_sysbios_gates_GateMutex_enter__E)
                  00009094    0000000a     libosal_xwr16xx.aer4f : MemoryP_tirtos.oer4f (.text:MemoryP_ctrlFree)
                  0000909e    00000002     mss_main.obj (.text:SRR_MSS_openFxn)
                  000090a0    00000120     sysbios.aer4f : BIOS.obj (.text:ti_sysbios_knl_Swi_post__E)
                  000091c0    0000011c                   : BIOS.obj (.text:ti_sysbios_timers_rti_Timer_startup__E)
                  000092dc    00000118     mss_srr_cli.obj (.text:SRR_MSS_CLISensorStart)
                  000093f4    00000114     libmmwavelink_xwr16xx.aer4f : rl_driver.oer4f (.text:rlDriverCmdSendRetry)
                  00009508    0000010c     libmmwave_xwr16xx.aer4f : mmwave_xwr16xx.oer4f (.text:MMWave_deviceInitFxn)
                  00009614    00000108     libmailbox_xwr16xx.aer4f : mailbox.oer4f (.text:Mailbox_write)
                  0000971c    00000004     libmmwave_xwr16xx.aer4f : mmwave_link.oer4f (.text:MMWave_mboxClose)
                  00009720    00000108     sysbios.aer4f : BIOS.obj (.text:ti_sysbios_knl_Semaphore_Instance_init__E)
                  00009828    00000104     libmmwave_xwr16xx.aer4f : mmwave_link.oer4f (.text:MMWave_startLink)
                  0000992c    00000100     libcli_xwr16xx.aer4f : cli_mmwave.oer4f (.text:CLI_MMWaveBPMCfgAdvanced)
                  00009a2c    00000100     libmmwave_xwr16xx.aer4f : mmwave_link.oer4f (.text:MMWave_openLink)
                  00009b2c    00000100     libmmwavelink_xwr16xx.aer4f : rl_driver.oer4f (.text:rlDriverInit)
                  00009c2c    00000004     libmmwave_xwr16xx.aer4f : mmwave_link.oer4f (.text:MMWave_mboxRead)
                  00009c30    00000100     sysbios.aer4f : BIOS.obj (.text:xdc_runtime_Text_putMod__E)
                  00009d30    000000fc     libcrc_xwr16xx.aer4f : crc.oer4f (.text:CRC_computeSignature)
                  00009e2c    000000fc     libDMA_xwr16xx.aer4f : dma.oer4f (.text:DMA_disableInterrupt)
                  00009f28    00000006     libmmwavelink_xwr16xx.aer4f : rl_controller.oer4f (.text:rlGetSubBlockLen)
                  00009f2e    00000002     libuart_xwr16xx.aer4f : uartsci.oer4f (.text:UartSci_init)
                  00009f30    000000fc     sysbios.aer4f : BIOS.obj (.text:ti_sysbios_knl_Task_blockI__E)
                  0000a02c    000000f8     libmmwavelink_xwr16xx.aer4f : rl_driver.oer4f (.text:rlDriverRdVerifyMsg)
                  0000a124    0000000a     libosal_xwr16xx.aer4f : SemaphoreP_tirtos.oer4f (.text:SemaphoreP_post)
                  0000a12e    00000002     rtsv7R4_T_le_v3D16_eabi.lib : i_div0.obj (.text)
                  0000a130    000000f6     sysbios.aer4f : BIOS.obj (.text:xdc_runtime_Text_putSite__E)
                  0000a226    0000000a     libuart_xwr16xx.aer4f : UART.oer4f (.text:UART_read)
                  0000a230    000000f4     sysbios.aer4f : BIOS.obj (.text:ti_sysbios_family_arm_v7r_vim_Hwi_mapChannel__I)
                  0000a324    0000000a     libuart_xwr16xx.aer4f : UART.oer4f (.text:UART_write)
                  0000a32e    00000002     --HOLE-- [fill = 0]
                  0000a330    000000f4     sysbios.aer4f : BIOS.obj (.text:ti_sysbios_knl_Task_unblockI__E)
                  0000a424    000000ec     mss_srr_cli.obj (.text:SRR_MSS_CLISensorStop)
                  0000a510    000000ec     auto_init.aer4f : auto_init.oer4f (.text)
                  0000a5fc    000000ec     rtsv7R4_T_le_v3D16_eabi.lib : s_scalbn.obj (.text)
                  0000a6e8    000000e4     libDMA_xwr16xx.aer4f : dma.oer4f (.text:DMA_clearChannelInterruptFlag)
                  0000a7cc    000000e4     libmmwave_xwr16xx.aer4f : mmwave_link.oer4f (.text:MMWave_asyncEventHandler)
                  0000a8b0    000000e0     libcli_xwr16xx.aer4f : cli.oer4f (.text:CLI_open)
                  0000a990    000000dc     rtsv7R4_T_le_v3D16_eabi.lib : setvbuf.obj (.text)
                  0000aa6c    00000004     libmmwave_xwr16xx.aer4f : mmwave_link.oer4f (.text:MMWave_registerInterruptHandler)
                  0000aa70    000000dc     sysbios.aer4f : BIOS.obj (.text:ti_sysbios_family_arm_v7r_vim_Hwi_initIntController__I)
                  0000ab4c    00000004     libmmwave_xwr16xx.aer4f : mmwave_link.oer4f (.text:MMWave_unmaskHostIRQ)
                  0000ab50    000000dc     sysbios.aer4f : BIOS.obj (.text:xdc_runtime_Memory_alloc__E)
                  0000ac2c    000000d8     libDMA_xwr16xx.aer4f : dma.oer4f (.text:DMA_enableInterrupt)
                  0000ad04    000000d8     libmmwave_xwr16xx.aer4f : mmwave.oer4f (.text:MMWave_init)
                  0000addc    000000d4     libmailbox_xwr16xx.aer4f : mailbox.oer4f (.text:Mailbox_read)
                  0000aeb0    000000d0     sysbios.aer4f : exc_Exception_asm.obj (.text:ti_sysbios_family_arm_exc_Exception_excHandlerAsm__I)
                  0000af80    000000cc     libmmwavelink_xwr16xx.aer4f : rl_sensor.oer4f (.text:rlSetChirpConfig)
                  0000b04c    000000cc     rtsv7R4_T_le_v3D16_eabi.lib : fflush.obj (.text)
                  0000b118    00000004     libmmwave_xwr16xx.aer4f : mmwave_link.oer4f (.text:MMWave_waitIRQStatus)
                  0000b11c    00000004     mss_srr_per4f.oer4f (.text:ti_sysbios_BIOS_RtsGateProxy_enter__E)
                  0000b120    000000cc     sysbios.aer4f : BIOS.obj (.text:ti_sysbios_timers_rti_Timer_initDevice__I)
                  0000b1ec    000000c8     libmmwave_xwr16xx.aer4f : mmwave_fullcfg.oer4f (.text:MMWave_addChirp)
                  0000b2b4    000000c8                             : mmwave_fullcfg.oer4f (.text:MMWave_flushCfg)
                  0000b37c    00000004     mss_srr_per4f.oer4f (.text:ti_sysbios_BIOS_RtsGateProxy_leave__E)
                  0000b380    000000c4     sysbios.aer4f : BIOS.obj (.text:ti_sysbios_family_arm_v7r_vim_Hwi_Instance_finalize__E)
                  0000b444    000000c0     libmmwavelink_xwr16xx.aer4f : rl_sensor.oer4f (.text:rlSetFrameConfig)
                  0000b504    000000bc     libcli_xwr16xx.aer4f : cli.oer4f (.text:CLI_help)
                  0000b5c0    000000bc     libmmwave_xwr16xx.aer4f : mmwave_link.oer4f (.text:MMWave_computeCRC)
                  0000b67c    000000bc     rtsv7R4_T_le_v3D16_eabi.lib : open.obj (.text)
                  0000b738    00000004     mss_srr_per4f.oer4f (.text:ti_sysbios_BIOS_nullFunc__I)
                  0000b73c    00000004     mss_srr_per4f.oer4f (.text:ti_sysbios_family_arm_v7r_vim_Hwi_delete)
                  0000b740    000000bc     sysbios.aer4f : BIOS.obj (.text:xdc_runtime_Core_deleteObject__I)
                  0000b7fc    000000b8     libmmwavelink_xwr16xx.aer4f : rl_driver.oer4f (.text:rlDriverMsgWrite)
                  0000b8b4    000000b6     libsoc_xwr16xx.aer4f : soc_mpu.o (.text)
                  0000b96a    00000002     --HOLE-- [fill = 0]
                  0000b96c    00000004     mss_srr_per4f.oer4f (.text:ti_sysbios_heaps_HeapMem_Module_GateProxy_enter__E)
                  0000b970    000000b4     sysbios.aer4f : BIOS.obj (.text:ti_sysbios_knl_Swi_restoreHwi__E)
                  0000ba24    000000b2     libuart_xwr16xx.aer4f : uartsci_dma.oer4f (.text:UartSci_openDMA)
                  0000bad6    00000002     --HOLE-- [fill = 0]
                  0000bad8    000000b0     libmmwave_xwr16xx.aer4f : mmwave_fullcfg.oer4f (.text:MMWave_addProfile)
                  0000bb88    000000b0     libmmwavelink_xwr16xx.aer4f : rl_sensor.oer4f (.text:rlSetProfileConfig)
                  0000bc38    000000ae     rtsv7R4_T_le_v3D16_eabi.lib : _io_perm.obj (.text)
                  0000bce6    00000002     --HOLE-- [fill = 0]
                  0000bce8    000000ac     libesm_xwr16xx.aer4f : esm.oer4f (.text:ESM_processInterrupt)
                  0000bd94    0000000a     libuart_xwr16xx.aer4f : UART.oer4f (.text:UART_writePolling)
                  0000bd9e    00000002     --HOLE-- [fill = 0]
                  0000bda0    000000ac     sysbios.aer4f : BIOS.obj (.text:xdc_runtime_Text_visitRope2__I)
                  0000be4c    000000a8     libcli_xwr16xx.aer4f : cli_mmwave.oer4f (.text:CLI_MMWaveExtensionHelp)
                  0000bef4    000000a8     libpinmux_xwr16xx.aer4f : pinmux.oer4f (.text:Pinmux_Set_OverrideCtrl)
                  0000bf9c    000000a8     mss_main.obj (.text:main)
                  0000c044    000000a8     libmmwavelink_xwr16xx.aer4f : rl_sensor.oer4f (.text:rlSetAdvFrameConfig)
                  0000c0ec    00000004     mss_srr_per4f.oer4f (.text:ti_sysbios_heaps_HeapMem_Module_GateProxy_leave__E)
                  0000c0f0    000000a8     sysbios.aer4f : BIOS.obj (.text:ti_sysbios_knl_Swi_schedule__I)
                  0000c198    00000004     mss_srr_per4f.oer4f (.text:ti_sysbios_knl_Clock_TimerProxy_getMaxTicks__E)
                  0000c19c    00000004     mss_srr_per4f.oer4f (.text:ti_sysbios_knl_Semaphore_delete)
                  0000c1a0    000000a8     sysbios.aer4f : BIOS.obj (.text:xdc_runtime_Error_print__E)
                  0000c248    000000a4     libDMA_xwr16xx.aer4f : dma.oer4f (.text:DMA_assignChannel)
                  0000c2ec    000000a4                          : dma.oer4f (.text:DMA_getChannelInterruptFlag)
                  0000c390    000000a4     libesm_xwr16xx.aer4f : esm.oer4f (.text:ESM_init)
                  0000c434    000000a4     libmmwave_xwr16xx.aer4f : mmwave_fullcfg.oer4f (.text:MMWave_addBpmChirp)
                  0000c4d8    000000a4                             : mmwave.oer4f (.text:MMWave_start)
                  0000c57c    000000a4     libsoc_xwr16xx.aer4f : soc_xwr16xx_mss.oer4f (.text:SOC_unhaltDSS)
                  0000c620    000000a0                          : soc.oer4f (.text:SOC_registerSysIntListener)
                  0000c6c0    000000a0     libmmwavelink_xwr16xx.aer4f : rl_driver.oer4f (.text:rlDriverWaitForResponse)
                  0000c760    000000a0     sysbios.aer4f : BIOS.obj (.text:xdc_runtime_Startup_exec__E)
                  0000c800    0000009f                   : BIOS.obj (.text:xdc_runtime_Text_putLab__E)
                  0000c89f    00000001     --HOLE-- [fill = 0]
                  0000c8a0    0000009c     libmmwave_xwr16xx.aer4f : mmwave_fullcfg.oer4f (.text:MMWave_getProfileHandle)
                  0000c93c    0000009c     libuart_xwr16xx.aer4f : uartsci.oer4f (.text:UartSci_write)
                  0000c9d8    0000009c     rtsv7R4_T_le_v3D16_eabi.lib : memcpy_t2.obj (.text)
                  0000ca74    00000004     mss_srr_per4f.oer4f (.text:xdc_runtime_Startup_reset__I)
                  0000ca78    00000004     mss_srr_per4f.oer4f (.text:xdc_runtime_System_Module_GateProxy_enter__E)
                  0000ca7c    00000004     mss_srr_per4f.oer4f (.text:xdc_runtime_System_Module_GateProxy_leave__E)
                  0000ca80    0000009c     sysbios.aer4f : BIOS.obj (.text:ti_sysbios_heaps_HeapMem_alloc__E)
                  0000cb1c    00000004     --HOLE-- [fill = 0]
                  0000cb20    0000009c                   : BIOS.obj (.text:ti_sysbios_knl_Clock_logTick__E)
                  0000cbbc    00000098     rtsv7R4_T_le_v3D16_eabi.lib : fclose.obj (.text)
                  0000cc54    00000098                                 : fputc.obj (.text)
                  0000ccec    00000098     sysbios.aer4f : vim_Hwi_asm_switch.obj (.text)
                  0000cd84    0000000c     rtsv7R4_T_le_v3D16_eabi.lib : fputc.obj (.tramp.putchar.1)
                  0000cd90    00000098     sysbios.aer4f : BIOS.obj (.text:xdc_runtime_Assert_raise__I)
                  0000ce28    00000096     libuart_xwr16xx.aer4f : uartsci.oer4f (.text:UartSci_readChar)
                  0000cebe    00000002     --HOLE-- [fill = 0]
                  0000cec0    00000094     libmmwavelink_xwr16xx.aer4f : rl_driver.oer4f (.text:rlDriverDeInit)
                  0000cf54    00000094                                 : rl_driver.oer4f (.text:rlDriverMsgReadCmdCtx)
                  0000cfe8    00000094     sysbios.aer4f : vim_Hwi_asm.obj (.text:ti_sysbios_family_arm_v7r_vim_Hwi_dispatchIRQ__I)
                  0000d07c    00000093     mss_main.obj (.text:SRR_MSS_eventFxn)
                  0000d10f    00000001     --HOLE-- [fill = 0]
                  0000d110    00000090     libgpio_xwr16xx.aer4f : gpio.oer4f (.text:GPIO_init)
                  0000d1a0    00000090     libmailbox_xwr16xx.aer4f : mailbox.oer4f (.text:Mailbox_close)
                  0000d230    00000090     libuart_xwr16xx.aer4f : uartsci_dma.oer4f (.text:UartSci_initiateTxDMA)
                  0000d2c0    00000090                           : uartsci.oer4f (.text:UartSci_read)
                  0000d350    00000090     sysbios.aer4f : BIOS.obj (.text:ti_sysbios_timers_rti_Timer_setPeriodMicroSecs__E)
                  0000d3e0    00000090                   : BIOS.obj (.text:xdc_runtime_Core_assignLabel__I)
                  0000d470    0000008c     libcli_xwr16xx.aer4f : cli_mmwave.oer4f (.text:CLI_MMWaveDataOutputMode)
                  0000d4fc    0000008c     libsoc_xwr16xx.aer4f : soc_xwr16xx.oer4f (.text:SOC_translateAddress)
                  0000d588    0000008c     libuart_xwr16xx.aer4f : uartsci_dma.oer4f (.text:UartSci_initiateRxDMA)
                  0000d614    0000008c     libmmwavelink_xwr16xx.aer4f : rl_device.oer4f (.text:rlDevicePowerOn)
                  0000d6a0    0000008c                                 : rl_driver.oer4f (.text:rlDriverMsgCmdReply)
                  0000d72c    00000004     --HOLE-- [fill = 0]
                  0000d730    0000008c     sysbios.aer4f : BIOS.obj (.text:ti_sysbios_knl_Swi_runLoop__I)
                  0000d7bc    00000088     rtsv7R4_T_le_v3D16_eabi.lib : vsnprintf.obj (.text)
                  0000d844    00000088     mss_srr_per4f.oer4f (.text:ti_sysbios_family_arm_v7r_vim_Hwi_create)
                  0000d8cc    00000084     libmmwave_xwr16xx.aer4f : mmwave_xwr16xx.oer4f (.text:MMWave_deviceCfgAsyncEvent)
                  0000d950    00000084                             : mmwave_xwr16xx.oer4f (.text:MMWave_deviceEventFxn)
                  0000d9d4    00000008     sysbios.aer4f : BIOS.obj (.tramp.ti_sysbios_family_arm_v7r_vim_Hwi_enableInterrupt__E.1)
                  0000d9dc    00000004     --HOLE-- [fill = 0]
                  0000d9e0    00000084                   : BIOS.obj (.text:ti_sysbios_heaps_HeapMem_getStats__E)
                  0000da64    00000008                   : BIOS.obj (.tramp.ti_sysbios_family_arm_v7r_vim_Hwi_disableInterrupt__E.1)
                  0000da6c    00000004     --HOLE-- [fill = 0]
                  0000da70    00000084                   : BIOS.obj (.text:ti_sysbios_knl_Swi_startup__E)
                  0000daf4    00000080     libcli_xwr16xx.aer4f : cli_mmwave.oer4f (.text:CLI_MMWaveChannelCfg)
                  0000db74    00000080     cfg.obj (.text:Cfg_ProfileCfgInitParams)
                  0000dbf4    00000080     libuart_xwr16xx.aer4f : uartsci.oer4f (.text:UartSci_writePolling)
                  0000dc74    00000080     libmmwavelink_xwr16xx.aer4f : rl_driver.oer4f (.text:rlDriverExecuteGetApi)
                  0000dcf4    00000080     mss_srr_per4f.oer4f (.text:ti_sysbios_knl_Task_create)
                  0000dd74    0000007e     libosal_xwr16xx.aer4f : HwiP_tirtos.oer4f (.text:HwiP_create)
                  0000ddf2    00000002     --HOLE-- [fill = 0]
                  0000ddf4    0000007c     cfg.obj (.text:Cfg_AdvFrameCfgInitParams)
                  0000de70    0000007c     libmailbox_xwr16xx.aer4f : mailbox.oer4f (.text:Mailbox_init)
                  0000deec    0000007c     libuart_xwr16xx.aer4f : uartsci.oer4f (.text:UartSci_readPolling)
                  0000df68    0000007c     sysbios.aer4f : arm_TaskSupport_asm.obj (.text:_ti_sysbios_family_arm_TaskSupport_buildTaskStack)
                  0000dfe4    00000008                   : BIOS.obj (.tramp.xdc_runtime_Memory_free__E.1)
                  0000dfec    00000004     --HOLE-- [fill = 0]
                  0000dff0    0000007c                   : BIOS.obj (.text:ti_sysbios_family_arm_v7r_vim_Hwi_phantomIntHandler__I)
                  0000e06c    0000007a     rtsv7R4_T_le_v3D16_eabi.lib : memset_t2.obj (.text)
                  0000e0e6    00000002     --HOLE-- [fill = 0]
                  0000e0e8    00000078     libcli_xwr16xx.aer4f : cli_mmwave.oer4f (.text:CLI_MMWaveADCCfg)
                  0000e160    00000078     libmmwave_xwr16xx.aer4f : mmwave_xwr16xx.oer4f (.text:MMWave_deviceOpenFxn)
                  0000e1d8    00000078                             : mmwave.oer4f (.text:MMWave_open)
                  0000e250    00000078     sysbios.aer4f : BIOS.obj (.text:xdc_runtime_System_exit__E)
                  0000e2c8    00000074     libmmwave_xwr16xx.aer4f : mmwave_xwr16xx.oer4f (.text:MMWave_deviceStartFxn)
                  0000e33c    00000074     libsoc_xwr16xx.aer4f : soc.oer4f (.text:SOC_init)
                  0000e3b0    00000074     boot.aer4f : boot.oer4f (.text)
                  0000e424    00000074     libmmwavelink_xwr16xx.aer4f : rl_driver.oer4f (.text:rlDriverAsyncEventHandler)
                  0000e498    00000074                                 : rl_driver.oer4f (.text:rlDriverProcRdMsg)
                  0000e50c    00000074     rtsv7R4_T_le_v3D16_eabi.lib : getdevice.obj (.text)
                  0000e580    00000074                                 : s_frexp.obj (.text)
                  0000e5f4    00000072     libmmwavelink_xwr16xx.aer4f : rl_driver.oer4f (.text:rlDriverClientCbCheck)
                  0000e666    00000070     cfg.obj (.text:Cfg_ChirpCfgInitParams)
                  0000e6d6    00000002     --HOLE-- [fill = 0]
                  0000e6d8    00000008     sysbios.aer4f : BIOS.obj (.tramp.ti_sysbios_knl_Semaphore_post__E.1)
                  0000e6e0    00000070                   : BIOS.obj (.text:ti_sysbios_family_arm_v7r_vim_Hwi_getStackInfo__E)
                  0000e750    00000070                   : BIOS.obj (.text:xdc_runtime_Text_xprintf__I)
                  0000e7c0    0000006c     libDMA_xwr16xx.aer4f : dma.oer4f (.text:DMA_disableChannel)
                  0000e82c    0000006c     libmmwave_xwr16xx.aer4f : mmwave_link.oer4f (.text:MMWave_spawn)
                  0000e898    0000006c                             : mmwave_link.oer4f (.text:MMWave_stopLink)
                  0000e904    0000006c     libpinmux_xwr16xx.aer4f : pinmux.oer4f (.text:Pinmux_Set_FuncSel)
                  0000e970    0000006c     rtsv7R4_T_le_v3D16_eabi.lib : copy_decompress_lzss.obj (.text:decompress:lzss)
                  0000e9dc    0000006c                                 : trgmsg.obj (.text)
                  0000ea48    00000008     sysbios.aer4f : BIOS.obj (.tramp.xdc_runtime_Assert_raise__I.1)
                  0000ea50    0000006c                   : BIOS.obj (.text:ti_sysbios_heaps_HeapMem_init__I)
                  0000eabc    00000004     --HOLE-- [fill = 0]
                  0000eac0    0000006c                   : BIOS.obj (.text:ti_sysbios_knl_Task_allBlockedFunction__I)
                  0000eb2c    00000004     --HOLE-- [fill = 0]
                  0000eb30    0000006c                   : BIOS.obj (.text:xdc_runtime_System_atexit__E)
                  0000eb9c    0000006a     libuart_xwr16xx.aer4f : uartsci.oer4f (.text:UartSci_control)
                  0000ec06    00000002     --HOLE-- [fill = 0]
                  0000ec08    00000068     libDMA_xwr16xx.aer4f : dma.oer4f (.text:DMA_enableChannel)
                  0000ec70    00000068     libmmwave_xwr16xx.aer4f : mmwave_xwr16xx.oer4f (.text:MMWave_deviceStopFxn)
                  0000ecd8    00000068     libmailbox_xwr16xx.aer4f : mailbox.oer4f (.text:Mailbox_readFlush)
                  0000ed40    00000068     libmmwavelink_xwr16xx.aer4f : rl_driver.oer4f (.text:rlDriverExecuteSetApi)
                  0000eda8    00000068                                 : rl_driver.oer4f (.text:rlDriverHostIrqHandler)
                  0000ee10    00000068     rtsv7R4_T_le_v3D16_eabi.lib : hostlseek.obj (.text)
                  0000ee78    00000068                                 : hostrename.obj (.text)
                  0000eee0    00000068     sysbios.aer4f : BIOS.obj (.text:ti_sysbios_family_arm_v7r_tms570_Core_Module_startup__E)
                  0000ef48    00000066     libmmwavelink_xwr16xx.aer4f : rl_device.oer4f (.text:rlDevicePowerOff)
                  0000efae    00000002     --HOLE-- [fill = 0]
                  0000efb0    00000064     libcli_xwr16xx.aer4f : cli_mmwave.oer4f (.text:CLI_MMWaveLowPowerCfg)
                  0000f014    00000064     libosal_xwr16xx.aer4f : SemaphoreP_tirtos.oer4f (.text:SemaphoreP_create)
                  0000f078    00000064     rtsv7R4_T_le_v3D16_eabi.lib : fseek.obj (.text)
                  0000f0dc    00000064     sysbios.aer4f : exc_Exception_asm.obj (.text:ti_sysbios_family_arm_exc_Exception_initCore0__I)
                  0000f140    00000064                   : BIOS.obj (.text:ti_sysbios_hal_Hwi_checkStack)
                  0000f1a4    0000000c     rtsv7R4_T_le_v3D16_eabi.lib : fflush.obj (.tramp.fflush.1)
                  0000f1b0    00000064     sysbios.aer4f : BIOS.obj (.text:xdc_runtime_Core_assignParams__I)
                  0000f214    00000060     libcli_xwr16xx.aer4f : cli_mmwave.oer4f (.text:CLI_MMWaveExtensionHandler)
                  0000f274    00000008     sysbios.aer4f : BIOS.obj (.tramp.ti_sysbios_knl_Event_post__E.1)
                  0000f27c    00000004     --HOLE-- [fill = 0]
                  0000f280    00000060                   : BIOS.obj (.text:ti_sysbios_timers_rti_Timer_stop__E)
                  0000f2e0    0000005e     libuart_xwr16xx.aer4f : uartsci.oer4f (.text:UartSci_writeChar)
                  0000f33e    00000002     --HOLE-- [fill = 0]
                  0000f340    0000005c     libmmwave_xwr16xx.aer4f : mmwave_link.oer4f (.text:MMWave_mboxOpen)
                  0000f39c    0000005c                             : mmwave.oer4f (.text:MMWave_stop)
                  0000f3f8    0000005c     mss_main.obj (.text:SRR_MSS_mmWaveCtrlTask)
                  0000f454    0000005c     rtsv7R4_T_le_v3D16_eabi.lib : hostopen.obj (.text)
                  0000f4b0    0000005c                                 : hostread.obj (.text)
                  0000f50c    0000005a     libuart_xwr16xx.aer4f : uartsci.oer4f (.text:UartSci_readCancel)
                  0000f566    0000005a     libmmwavelink_xwr16xx.aer4f : rl_driver.oer4f (.text:rlDriverCalChkSum)
                  0000f5c0    00000058     libesm_xwr16xx.aer4f : esm.oer4f (.text:ESM_highpriority_FIQ)
                  0000f618    00000058     libmmwave_xwr16xx.aer4f : mmwave.oer4f (.text:MMWave_execute)
                  0000f670    00000058                             : mmwave_link.oer4f (.text:MMWave_initCRC)
                  0000f6c8    00000058     libuart_xwr16xx.aer4f : uartsci_dma.oer4f (.text:UartSci_closeDMA)
                  0000f720    00000058     libmmwavelink_xwr16xx.aer4f : rl_driver.oer4f (.text:rlDriverMsgReadSpawnCtx)
                  0000f778    00000058     rtsv7R4_T_le_v3D16_eabi.lib : close.obj (.text)
                  0000f7d0    00000058                                 : hostwrite.obj (.text)
                  0000f828    00000008     --HOLE-- [fill = 0]
                  0000f830    00000058     sysbios.aer4f : BIOS.obj (.text:ti_sysbios_family_arm_TaskSupport_start__E)
                  0000f888    00000058     mss_srr_per4f.oer4f (.text:ti_sysbios_rts_gnu_MemAlloc_alloc)
                  0000f8e0    00000058     sysbios.aer4f : BIOS.obj (.text:ti_sysbios_timers_rti_Timer_setPeriod__E)
                  0000f938    00000056     libmmwavelink_xwr16xx.aer4f : rl_driver.oer4f (.text:rlDriverOsiCbCheck)
                  0000f98e    00000002     --HOLE-- [fill = 0]
                  0000f990    00000054     libcrc_xwr16xx.aer4f : crc.oer4f (.text:CRC_getTransactionId)
                  0000f9e4    00000054     libDMA_xwr16xx.aer4f : dma.oer4f (.text:DMA_freeChannel)
                  0000fa38    00000054     libmmwave_xwr16xx.aer4f : mmwave_link.oer4f (.text:MMWave_initLink)
                  0000fa8c    00000054     rtsv7R4_T_le_v3D16_eabi.lib : ltoa.obj (.text)
                  0000fae0    00000054     sysbios.aer4f : BIOS.obj (.text:ti_sysbios_hal_Hwi_initStack)
                  0000fb34    00000054     mss_srr_per4f.oer4f (.text:ti_sysbios_knl_Semaphore_create)
                  0000fb88    00000008     --HOLE-- [fill = 0]
                  0000fb90    00000053     sysbios.aer4f : BIOS.obj (.text:xdc_runtime_Text_printVisFxn__I)
                  0000fbe3    00000001     --HOLE-- [fill = 0]
                  0000fbe4    00000050     libcrc_xwr16xx.aer4f : crc.oer4f (.text:CRC_getSignature)
                  0000fc34    00000050     libmmwave_xwr16xx.aer4f : mmwave.oer4f (.text:MMWave_sync)
                  0000fc84    00000050     libmmwavelink_xwr16xx.aer4f : rl_driver.oer4f (.text:rlDeviceIdentifyCmdDir)
                  0000fcd4    00000050                                 : rl_driver.oer4f (.text:rlDriverVerifyCRC)
                  0000fd24    00000050     rtsv7R4_T_le_v3D16_eabi.lib : atoi.obj (.text)
                  0000fd74    00000050                                 : exit.obj (.text)
                  0000fdc4    00000050                                 : u_div32.obj (.text)
                  0000fe14    0000000c                                 : memset_t2.obj (.tramp.memset.1)
                  0000fe20    00000050     sysbios.aer4f : BIOS.obj (.text:ti_sysbios_knl_Semaphore_pendTimeout__I)
                  0000fe70    0000004c     libmailbox_xwr16xx.aer4f : mailbox.oer4f (.text:Mailbox_boxEmptyISRProcessing)
                  0000febc    0000004c     libuart_xwr16xx.aer4f : uartsci.oer4f (.text:UartSci_writeCancel)
                  0000ff08    0000004c     rtsv7R4_T_le_v3D16_eabi.lib : cpy_tbl.obj (.text)
                  0000ff54    0000004c     mss_srr_per4f.oer4f (.text:ti_sysbios_gates_GateHwi_Object__create__S)
                  0000ffa0    0000004c     mss_srr_per4f.oer4f (.text:ti_sysbios_gates_GateMutex_Object__create__S)
                  0000ffec    0000004c     mss_srr_per4f.oer4f (.text:ti_sysbios_heaps_HeapMem_Object__create__S)
                  00010038    0000004c     mss_srr_per4f.oer4f (.text:ti_sysbios_knl_Semaphore_construct)
                  00010084    0000004a     libmailbox_xwr16xx.aer4f : mailbox.oer4f (.text:Mailbox_boxFullISRProcessing)
                  000100ce    00000002     --HOLE-- [fill = 0]
                  000100d0    00000048     libcli_xwr16xx.aer4f : cli.oer4f (.text:CLI_write)
                  00010118    00000048     libmmwavelink_xwr16xx.aer4f : rl_device.oer4f (.text:rlDeviceGetVersion)
                  00010160    00000048                                 : rl_driver.oer4f (.text:rlDriverOsiInit)
                  000101a8    00000046     libmailbox_xwr16xx.aer4f : mailbox.oer4f (.text:CSL_FINSR)
                  000101ee    00000044     libcrc_xwr16xx.aer4f : crc.oer4f (.text:CRC_resetSignature)
                  00010232    00000002     --HOLE-- [fill = 0]
                  00010234    00000044     libmailbox_xwr16xx.aer4f : mailbox.oer4f (.text:Mailbox_boxFullISRMssDss)
                  00010278    00000044     mss_main.obj (.text:SRR_MSS_chirpIntCallback)
                  000102bc    00000044     mss_main.obj (.text:SRR_MSS_frameStartIntCallback)
                  00010300    00000044     rtsv7R4_T_le_v3D16_eabi.lib : hostclose.obj (.text)
                  00010344    00000044                                 : hostunlink.obj (.text)
                  00010388    00000044     mss_srr_per4f.oer4f (.text:ti_sysbios_BIOS_atExitFunc__I)
                  000103cc    00000004     --HOLE-- [fill = 0]
                  000103d0    00000044     sysbios.aer4f : BIOS.obj (.text:ti_sysbios_heaps_HeapMem_free__E)
                  00010414    00000044     mss_srr_per4f.oer4f (.text:ti_sysbios_knl_Clock_doTick__I)
                  00010458    00000044     mss_srr_per4f.oer4f (.text:ti_sysbios_knl_Queue_construct)
                  0001049c    00000004     --HOLE-- [fill = 0]
                  000104a0    00000044     sysbios.aer4f : BIOS.obj (.text:ti_sysbios_knl_Swi_Module_startup__E)
                  000104e4    0000000c     rtsv7R4_T_le_v3D16_eabi.lib : cpy_tbl.obj (.tramp.copy_in.1)
                  000104f0    00000044     sysbios.aer4f : BIOS.obj (.text:ti_sysbios_knl_Task_restoreHwi__E)
                  00010534    0000000c     --HOLE-- [fill = 0]
                  00010540    00000044                   : BIOS.obj (.text:ti_sysbios_timers_rti_Timer_periodicStub__E)
                  00010584    00000042     libmmwave_xwr16xx.aer4f : mmwave_link.oer4f (.text:MMWave_executeLink)
                  000105c6    00000040     libmmwavelink_xwr16xx.aer4f : rl_driver.oer4f (.text:rlDriverValidateHdr)
                  00010606    00000002     --HOLE-- [fill = 0]
                  00010608    00000040     rtsv7R4_T_le_v3D16_eabi.lib : strtok.obj (.text)
                  00010648    0000003e     libDMA_xwr16xx.aer4f : dma.oer4f (.text:CSL_FINSR)
                  00010686    0000003e     libcrc_xwr16xx.aer4f : crc.oer4f (.text:CSL_FINSR)
                  000106c4    0000003e     libpinmux_xwr16xx.aer4f : pinmux.oer4f (.text:CSL_FINSR)
                  00010702    0000003e     libsoc_xwr16xx.aer4f : soc.oer4f (.text:CSL_FINSR)
                  00010740    0000003e                          : soc_xwr16xx.oer4f (.text:CSL_FINSR)
                  0001077e    0000003e                          : soc_xwr16xx_mss.oer4f (.text:CSL_FINSR)
                  000107bc    0000003e     libuart_xwr16xx.aer4f : uartsci.oer4f (.text:CSL_FINSR)
                  000107fa    0000003e                           : uartsci.oer4f (.text:UartSci_close)
                  00010838    0000003c     libcli_xwr16xx.aer4f : cli_mmwave.oer4f (.text:CLI_MMWaveFlushCfg)
                  00010874    0000003c     libmailbox_xwr16xx.aer4f : mailbox.oer4f (.text:Mailbox_writeReset)
                  000108b0    0000003c     libsoc_xwr16xx.aer4f : soc.oer4f (.text:SOC_unhaltBSS)
                  000108ec    0000003c     libmmwavelink_xwr16xx.aer4f : rl_controller.oer4f (.text:rlGetSubBlock)
                  00010928    0000003c     sysbios.aer4f : vim_Hwi_asm.obj (.text:ti_sysbios_family_arm_v7r_vim_Hwi_init__I)
                  00010964    0000000c     --HOLE-- [fill = 0]
                  00010970    0000003c                   : BIOS.obj (.text:xdc_runtime_System_aprintf_va__F)
                  000109ac    0000003a     libosal_xwr16xx.aer4f : HwiP_tirtos.oer4f (.text:HwiP_delete)
                  000109e6    00000002     --HOLE-- [fill = 0]
                  000109e8    00000038     libuart_xwr16xx.aer4f : UART.oer4f (.text:UART_init)
                  00010a20    00000038     mss_srr_per4f.oer4f (.text:ti_sysbios_BIOS_startFunc__I)
                  00010a58    00000008     --HOLE-- [fill = 0]
                  00010a60    00000038     sysbios.aer4f : BIOS.obj (.text:xdc_runtime_System_printf_va__F)
                  00010a98    00000036     libmmwavelink_xwr16xx.aer4f : rl_controller.oer4f (.text:rlAppendSubBlock)
                  00010ace    00000036     rtsv7R4_T_le_v3D16_eabi.lib : strncpy.obj (.text)
                  00010b04    00000034     libmmwave_xwr16xx.aer4f : mmwave_link.oer4f (.text:MMWave_mboxWrite)
                  00010b38    00000034     libsoc_xwr16xx.aer4f : soc_xwr16xx.oer4f (.text:SOC_setMMWaveDSSLinkState)
                  00010b6c    00000034                          : soc_xwr16xx.oer4f (.text:SOC_setMMWaveMSSLinkState)
                  00010ba0    00000034     libuart_xwr16xx.aer4f : UART.oer4f (.text:UART_open)
                  00010bd4    00000034     mss_srr_per4f.oer4f (.text:ti_sysbios_BIOS_errorRaiseHook__I)
                  00010c08    00000034     mss_srr_per4f.oer4f (.text:ti_sysbios_BIOS_registerRTSLock__I)
                  00010c3c    00000034     mss_srr_per4f.oer4f (.text:ti_sysbios_BIOS_removeRTSLock__I)
                  00010c70    00000034     mss_srr_per4f.oer4f (.text:ti_sysbios_family_arm_v7r_vim_Hwi_Object__delete__S)
                  00010ca4    00000034     mss_srr_per4f.oer4f (.text:ti_sysbios_gates_GateMutex_Object__delete__S)
                  00010cd8    00000008     --HOLE-- [fill = 0]
                  00010ce0    00000034     sysbios.aer4f : BIOS.obj (.text:ti_sysbios_knl_Clock_Module_startup__E)
                  00010d14    0000000c     --HOLE-- [fill = 0]
                  00010d20    00000034                   : BIOS.obj (.text:ti_sysbios_knl_Idle_run__E)
                  00010d54    00000034     mss_srr_per4f.oer4f (.text:ti_sysbios_knl_Semaphore_Object__delete__S)
                  00010d88    00000008     --HOLE-- [fill = 0]
                  00010d90    00000034     sysbios.aer4f : BIOS.obj (.text:xdc_runtime_SysStd_abort__E)
                  00010dc4    00000032     libcrc_xwr16xx.aer4f : crc.oer4f (.text:CRC_getCRCDataSelectBitValue)
                  00010df6    00000002     --HOLE-- [fill = 0]
                  00010df8    00000032                          : crc.oer4f (.text:CRC_getCRCTypeBitValue)
                  00010e2a    00000002     --HOLE-- [fill = 0]
                  00010e2c    00000030     cfg.obj (.text:Cfg_FrameCfgInitParams)
                  00010e5c    00000030     libmmwave_xwr16xx.aer4f : mmwave_listlib.oer4f (.text:MMWave_listRemoveNode)
                  00010e8c    00000030     libmmwavelink_xwr16xx.aer4f : rl_sensor.oer4f (.text:rlSensorStart)
                  00010ebc    00000030     mss_srr_per4f.oer4f (.text:ti_sysbios_BIOS_rtsLock__I)
                  00010eec    00000004     --HOLE-- [fill = 0]
                  00010ef0    00000030     sysbios.aer4f : BIOS.obj (.text:ti_sysbios_family_arm_v7r_vim_Hwi_disableInterrupt__E)
                  00010f20    00000030                   : BIOS.obj (.text:ti_sysbios_family_arm_v7r_vim_Hwi_enableInterrupt__E)
                  00010f50    00000030     mss_srr_per4f.oer4f (.text:ti_sysbios_gates_GateHwi_Object__delete__S)
                  00010f80    00000030     sysbios.aer4f : BIOS.obj (.text:ti_sysbios_gates_GateMutex_Instance_init__E)
                  00010fb0    00000030     mss_srr_per4f.oer4f (.text:ti_sysbios_heaps_HeapMem_Object__delete__S)
                  00010fe0    0000002c     libgpio_xwr16xx.aer4f : gpio.oer4f (.text:GPIO_HighPriorityISR)
                  0001100c    0000002c                           : gpio.oer4f (.text:GPIO_LowPriorityISR)
                  00011038    0000002c     libmmwave_xwr16xx.aer4f : mmwave_osal.oer4f (.text:MMWave_osalMutexCreate)
                  00011064    0000002c                             : mmwave_osal.oer4f (.text:MMWave_osalSemCreate)
                  00011090    0000002c     libsoc_xwr16xx.aer4f : soc_xwr16xx_mss.oer4f (.text:SOC_waitBSSPowerUp)
                  000110bc    0000002c     libmmwavelink_xwr16xx.aer4f : rl_device.oer4f (.text:rlDeviceGetMssVersion)
                  000110e8    0000002c                                 : rl_sensor.oer4f (.text:rlSensorStop)
                  00011114    0000002c     rtsv7R4_T_le_v3D16_eabi.lib : unlink.obj (.text)
                  00011140    0000002c     mss_srr_per4f.oer4f (.text:ti_sysbios_gates_GateHwi_Handle__label__S)
                  0001116c    0000002c     mss_srr_per4f.oer4f (.text:ti_sysbios_gates_GateMutex_Handle__label__S)
                  00011198    0000002c     mss_srr_per4f.oer4f (.text:ti_sysbios_heaps_HeapMem_Handle__label__S)
                  000111c4    0000002c     mss_srr_per4f.oer4f (.text:ti_sysbios_knl_Semaphore_destruct)
                  000111f0    0000002c     sysbios.aer4f : BIOS.obj (.text:ti_sysbios_knl_Task_enter__I)
                  0001121c    0000002a     libsoc_xwr16xx.aer4f : soc.oer4f (.text:SOC_SystemISR)
                  00011246    0000002a     rtsv7R4_T_le_v3D16_eabi.lib : strspn.obj (.text)
                  00011270    00000028     libmailbox_xwr16xx.aer4f : mailbox.oer4f (.text:Mailbox_Config_init)
                  00011298    00000028     libuart_xwr16xx.aer4f : uartsci_dma.oer4f (.text:UartSci_RxDMACallbackFxn)
                  000112c0    00000028                           : uartsci_dma.oer4f (.text:UartSci_TxDMACallbackFxn)
                  000112e8    00000028     mss_srr_per4f.oer4f (.text:free)
                  00011310    00000028     libmmwavelink_xwr16xx.aer4f : rl_driver.oer4f (.text:rlDriverConstructInMsg)
                  00011338    00000028     rtsv7R4_T_le_v3D16_eabi.lib : lseek.obj (.text)
                  00011360    00000028                                 : write.obj (.text)
                  00011388    00000028     mss_srr_per4f.oer4f (.text:ti_sysbios_BIOS_rtsUnlock__I)
                  000113b0    00000028     mss_srr_per4f.oer4f (.text:ti_sysbios_family_arm_v7r_vim_Hwi_Module__startupDone__F)
                  000113d8    00000008     --HOLE-- [fill = 0]
                  000113e0    00000028     sysbios.aer4f : BIOS.obj (.text:ti_sysbios_gates_GateMutex_leave__E)
                  00011408    00000028     mss_srr_per4f.oer4f (.text:ti_sysbios_knl_Queue_destruct)
                  00011430    00000028     mss_srr_per4f.oer4f (.text:ti_sysbios_timers_rti_Timer_Module__startupDone__F)
                  00011458    00000008     --HOLE-- [fill = 0]
                  00011460    00000028     sysbios.aer4f : BIOS.obj (.text:xdc_runtime_Error_init__E)
                  00011488    00000028     mss_srr_per4f.oer4f (.text:xdc_runtime_System_aprintf__E)
                  000114b0    00000028     mss_srr_per4f.oer4f (.text:xdc_runtime_System_printf__E)
                  000114d8    00000026     libmmwavelink_xwr16xx.aer4f : rl_device.oer4f (.text:rlDeviceGetMmWaveLinkVersion)
                  000114fe    00000026                                 : rl_sensor.oer4f (.text:rlRfInitCalibConfig)
                  00011524    00000026                                 : rl_sensor.oer4f (.text:rlRfRunTimeCalibConfig)
                  0001154a    00000026                                 : rl_sensor.oer4f (.text:rlRfSetCalMonFreqLimitConfig)
                  00011570    00000026                                 : rl_sensor.oer4f (.text:rlRfSetDeviceCfg)
                  00011596    00000026                                 : rl_sensor.oer4f (.text:rlSetAdcOutConfig)
                  000115bc    00000026                                 : rl_sensor.oer4f (.text:rlSetChannelConfig)
                  000115e2    00000024     libcrc_xwr16xx.aer4f : crc.oer4f (.text:CRC_isTransactionIdValid)
                  00011606    00000002     --HOLE-- [fill = 0]
                  00011608    00000024     cfg.obj (.text:Cfg_ADCOutCfgInitParams)
                  0001162c    00000024     libgpio_xwr16xx.aer4f : gpio.oer4f (.text:GPIO_processInterrupt)
                  00011650    00000024     libsoc_xwr16xx.aer4f : soc_xwr16xx.oer4f (.text:SOC_isMMWaveDSSOperational)
                  00011674    00000024                          : soc_xwr16xx.oer4f (.text:SOC_isMMWaveMSSOperational)
                  00011698    00000024     libmmwavelink_xwr16xx.aer4f : rl_sensor.oer4f (.text:rlEnableContMode)
                  000116bc    00000024                                 : rl_sensor.oer4f (.text:rlRfSetCalMonTimeUnitConfig)
                  000116e0    00000024                                 : rl_sensor.oer4f (.text:rlSetLowPowerModeConfig)
                  00011704    00000022     libuart_xwr16xx.aer4f : uartsci.oer4f (.text:UartSci_disableRxDMA)
                  00011726    00000022                           : uartsci.oer4f (.text:UartSci_enableRxDMA)
                  00011748    00000022     rtsv7R4_T_le_v3D16_eabi.lib : strcspn.obj (.text)
                  0001176a    00000002     --HOLE-- [fill = 0]
                  0001176c    00000020     libcli_xwr16xx.aer4f : cli_mmwave.oer4f (.text:CLI_MMWaveExtensionInit)
                  0001178c    00000020     libesm_xwr16xx.aer4f : esm.oer4f (.text:ESM_lowpriority_IRQ)
                  000117ac    00000020     libmmwave_xwr16xx.aer4f : mmwave_listlib.oer4f (.text:MMWave_listCat)
                  000117cc    00000020     mss_main.obj (.text:MmwDemo_mboxWrite)
                  000117ec    00000020     libpinmux_xwr16xx.aer4f : pinmux.oer4f (.text:Pinmux_Unlock)
                  0001180c    00000020     libmmwavelink_xwr16xx.aer4f : rl_sensor.oer4f (.text:rlRfInit)
                  0001182c    00000020     mss_srr_per4f.oer4f (.text:ti_sysbios_BIOS_exitFunc__I)
                  0001184c    00000004     --HOLE-- [fill = 0]
                  00011850    00000020     sysbios.aer4f : BIOS.obj (.text:ti_sysbios_family_arm_v7r_vim_Hwi_clearInterrupt__E)
                  00011870    00000020                   : BIOS.obj (.text:ti_sysbios_knl_Task_sleepTimeout__I)
                  00011890    0000001e     libmmwave_xwr16xx.aer4f : mmwave_fullcfg.oer4f (.text:MMWave_internalDelChirp)
                  000118ae    0000001e     libsoc_xwr16xx.aer4f : soc_xwr16xx_mss.oer4f (.text:SOC_getOutAddr_LUTType)
                  000118cc    0000001c     libcrc_xwr16xx.aer4f : crc.oer4f (.text:CRC_releaseTransactionId)
                  000118e8    0000001c     libDMA_xwr16xx.aer4f : dma.oer4f (.text:CSL_FEXTR)
                  00011904    0000001c     libmmwave_xwr16xx.aer4f : mmwave.oer4f (.text:CSL_FEXTR)
                  00011920    0000001c     libsoc_xwr16xx.aer4f : soc_xwr16xx.oer4f (.text:CSL_FEXTR)
                  0001193c    0000001c                          : soc_xwr16xx_mss.oer4f (.text:CSL_FEXTR)
                  00011958    0000001c     libuart_xwr16xx.aer4f : uartsci.oer4f (.text:CSL_FEXTR)
                  00011974    0000001c     libmmwave_xwr16xx.aer4f : mmwave_listlib.oer4f (.text:MMWave_listRemove)
                  00011990    0000001c     libsoc_xwr16xx.aer4f : soc_xwr16xx_mss.oer4f (.text:SOC_getInAddr_LUTType)
                  000119ac    0000001c     sysbios.aer4f : arm_TaskSupport_asm.obj (.text:_ti_sysbios_family_arm_TaskSupport_glue)
                  000119c8    0000001c     rtsv7R4_T_le_v3D16_eabi.lib : memccpy.obj (.text)
                  000119e4    0000001c     mss_srr_per4f.oer4f (.text:ti_sysbios_heaps_HeapMem_Object__get__S)
                  00011a00    0000001c     mss_srr_per4f.oer4f (.text:ti_sysbios_knl_Swi_Object__get__S)
                  00011a1c    0000001c     mss_srr_per4f.oer4f (.text:xdc_runtime_Startup_exec__I)
                  00011a38    0000001a     libsoc_xwr16xx.aer4f : soc.oer4f (.text:CSL_FEXTR)
                  00011a52    0000001a     cfg.obj (.text:Cfg_ChannelCfgInitParams)
                  00011a6c    0000001a     libmmwave_xwr16xx.aer4f : mmwave_xwr16xx.oer4f (.text:MMWave_deviceSyncFxn)
                  00011a86    0000001a                             : mmwave.oer4f (.text:MMWave_encodeError)
                  00011aa0    0000001a                             : mmwave_listlib.oer4f (.text:MMWave_listAdd)
                  00011aba    00000002     --HOLE-- [fill = 0]
                  00011abc    0000001a     mss_main.obj (.text:SRR_MSS_cfgFxn)
                  00011ad6    0000001a     rtsv7R4_T_le_v3D16_eabi.lib : s_copysign.obj (.text)
                  00011af0    00000018     libmmwave_xwr16xx.aer4f : mmwave_osal.oer4f (.text:MMWave_osalMutexLock)
                  00011b08    00000018                             : mmwave_osal.oer4f (.text:MMWave_osalSemWait)
                  00011b20    00000018     libmailbox_xwr16xx.aer4f : mailbox.oer4f (.text:Mailbox_boxEmptyISRBss)
                  00011b38    00000018                              : mailbox.oer4f (.text:Mailbox_boxEmptyISRMssDss)
                  00011b50    00000018                              : mailbox.oer4f (.text:Mailbox_boxFullISRBss)
                  00011b68    00000018     mss_main.obj (.text:SRR_MSS_startFxn)
                  00011b80    00000018     sysbios.aer4f : arm_TaskSupport_asm.obj (.text:_ti_sysbios_family_arm_TaskSupport_swap__E)
                  00011b98    00000018     libmmwavelink_xwr16xx.aer4f : rl_device.oer4f (.text:rlDeviceGetRfVersion)
                  00011bb0    00000018                                 : rl_driver.oer4f (.text:rlDriverCalCRC)
                  00011bc8    00000018                                 : rl_driver.oer4f (.text:rlDriverFillPayload)
                  00011be0    00000018                                 : rl_driver.oer4f (.text:rlDriverIsDeviceMapValid)
                  00011bf8    00000018     rtsv7R4_T_le_v3D16_eabi.lib : args_main.obj (.text)
                  00011c10    00000018                                 : strcmp.obj (.text)
                  00011c28    00000008     --HOLE-- [fill = 0]
                  00011c30    00000018     sysbios.aer4f : BIOS.obj (.text:ti_sysbios_BIOS_setThreadType__E)
                  00011c48    00000008     --HOLE-- [fill = 0]
                  00011c50    00000018                   : BIOS.obj (.text:ti_sysbios_BIOS_start__E)
                  00011c68    00000008     --HOLE-- [fill = 0]
                  00011c70    00000018                   : BIOS.obj (.text:ti_sysbios_hal_Hwi_Module_startup__E)
                  00011c88    00000018     mss_srr_per4f.oer4f (.text:ti_sysbios_heaps_HeapBuf_Object__get__S)
                  00011ca0    00000018     sysbios.aer4f : BIOS.obj (.text:ti_sysbios_knl_Idle_loop__E)
                  00011cb8    00000008     --HOLE-- [fill = 0]
                  00011cc0    00000018                   : BIOS.obj (.text:ti_sysbios_knl_Queue_empty__E)
                  00011cd8    00000008     --HOLE-- [fill = 0]
                  00011ce0    00000018                   : BIOS.obj (.text:ti_sysbios_knl_Swi_disable__E)
                  00011cf8    00000018     mss_srr_per4f.oer4f (.text:ti_sysbios_knl_Task_Object__get__S)
                  00011d10    00000018     sysbios.aer4f : BIOS.obj (.text:ti_sysbios_knl_Task_disable__E)
                  00011d28    00000018     mss_srr_per4f.oer4f (.text:xdc_runtime_Text_visitRope__I)
                  00011d40    00000016     rtsv7R4_T_le_v3D16_eabi.lib : strchr.obj (.text)
                  00011d56    00000016                                 : strlen.obj (.text)
                  00011d6c    00000014     libosal_xwr16xx.aer4f : HwiP_tirtos.oer4f (.text:HwiP_Params_init)
                  00011d80    00000014     libmmwave_xwr16xx.aer4f : mmwave_fullcfg.oer4f (.text:MMWave_internalDelBpmChirp)
                  00011d94    00000014                             : mmwave_fullcfg.oer4f (.text:MMWave_internalDelProfile)
                  00011da8    00000014                             : mmwave_osal.oer4f (.text:MMWave_osalMutexDelete)
                  00011dbc    00000014                             : mmwave_osal.oer4f (.text:MMWave_osalSemDelete)
                  00011dd0    00000014     libpinmux_xwr16xx.aer4f : pinmux.oer4f (.text:Pinmux_Lock)
                  00011de4    00000014     libuart_xwr16xx.aer4f : uartsci.oer4f (.text:UartSci_disableTxDMA)
                  00011df8    00000014                           : uartsci.oer4f (.text:UartSci_enableTxDMA)
                  00011e0c    00000014     libosal_xwr16xx.aer4f : DebugP_tirtos.oer4f (.text:_DebugP_assert)
                  00011e20    00000014     libmmwavelink_xwr16xx.aer4f : rl_controller.oer4f (.text:rlAppendDummy)
                  00011e34    00000014     rtsv7R4_T_le_v3D16_eabi.lib : _lock.obj (.text)
                  00011e48    00000014                                 : strcpy.obj (.text)
                  00011e5c    00000004     --HOLE-- [fill = 0]
                  00011e60    00000014     sysbios.aer4f : BIOS.obj (.text:ti_sysbios_family_arm_TaskSupport_checkStack__E)
                  00011e74    0000000c     --HOLE-- [fill = 0]
                  00011e80    00000014                   : BIOS.obj (.text:ti_sysbios_family_arm_v7r_vim_Hwi_switchFromBootStack__E)
                  00011e94    0000000c     --HOLE-- [fill = 0]
                  00011ea0    00000014                   : BIOS.obj (.text:ti_sysbios_gates_GateMutex_Instance_finalize__E)
                  00011eb4    0000000c     --HOLE-- [fill = 0]
                  00011ec0    00000014                   : BIOS.obj (.text:ti_sysbios_knl_Semaphore_Instance_finalize__E)
                  00011ed4    00000014     mss_srr_per4f.oer4f (.text:xdc_runtime_IHeap_alloc)
                  00011ee8    00000014     mss_srr_per4f.oer4f (.text:xdc_runtime_IHeap_free)
                  00011efc    00000004     --HOLE-- [fill = 0]
                  00011f00    00000014     sysbios.aer4f : BIOS.obj (.text:xdc_runtime_Memory_free__E)
                  00011f14    00000012     libcrc_xwr16xx.aer4f : crc.oer4f (.text:CRC_initConfigParams)
                  00011f26    00000012     cfg.obj (.text:Cfg_LowPowerModeInitParams)
                  00011f38    00000012     libosal_xwr16xx.aer4f : MemoryP_tirtos.oer4f (.text:MemoryP_ctrlAlloc)
                  00011f4a    00000012                           : SemaphoreP_tirtos.oer4f (.text:SemaphoreP_pend)
                  00011f5c    00000010     libcrc_xwr16xx.aer4f : crc.oer4f (.text:CRC_getSignatureRegister)
                  00011f6c    00000010     libmmwave_xwr16xx.aer4f : mmwave_xwr16xx.oer4f (.text:MMWave_deviceGetDeviceInfo)
                  00011f7c    00000010     mss_main.obj (.text:SRR_MSS_stopFxn)
                  00011f8c    00000004     --HOLE-- [fill = 0]
                  00011f90    00000010     sysbios.aer4f : BIOS.obj (.text:ti_sysbios_family_arm_TaskSupport_getStackAlignment__E)
                  00011fa0    00000010                   : BIOS.obj (.text:ti_sysbios_family_arm_exc_Exception_Module_startup__E)
                  00011fb0    00000010     mss_srr_per4f.oer4f (.text:ti_sysbios_family_arm_v7r_vim_Hwi_Params__init__S)
                  00011fc0    00000010     mss_srr_per4f.oer4f (.text:ti_sysbios_knl_Queue_Object__get__S)
                  00011fd0    00000010     mss_srr_per4f.oer4f (.text:ti_sysbios_knl_Semaphore_Params__init__S)
                  00011fe0    00000010     mss_srr_per4f.oer4f (.text:ti_sysbios_knl_Task_Params__init__S)
                  00011ff0    00000010     sysbios.aer4f : BIOS.obj (.text:xdc_runtime_Startup_rtsDone__E)
                  00012000    0000000e     rtsv7R4_T_le_v3D16_eabi.lib : copy_decompress_none.obj (.text:decompress:none)
                  0001200e    00000002     --HOLE-- [fill = 0]
                  00012010    0000000c     sysbios.aer4f : BIOS.obj (.text:ti_sysbios_family_arm_v7r_vim_Hwi_startup__E)
                  0001201c    00000004     --HOLE-- [fill = 0]
                  00012020    0000000c                   : BIOS.obj (.text:ti_sysbios_gates_GateHwi_enter__E)
                  0001202c    00000004     --HOLE-- [fill = 0]
                  00012030    0000000c                   : BIOS.obj (.text:ti_sysbios_knl_Queue_Instance_init__E)
                  0001203c    00000004     --HOLE-- [fill = 0]
                  00012040    0000000c                   : BIOS.obj (.text:xdc_runtime_SysStd_exit__E)
                  0001204c    00000004     --HOLE-- [fill = 0]
                  00012050    00000008                   : BIOS.obj (.text:ti_sysbios_gates_GateHwi_leave__E)
                  00012058    00000008     --HOLE-- [fill = 0]
                  00012060    00000008                   : BIOS.obj (.text:ti_sysbios_gates_GateHwi_query__E)
                  00012068    00000008     --HOLE-- [fill = 0]
                  00012070    00000008                   : BIOS.obj (.text:ti_sysbios_gates_GateMutex_query__E)
                  00012078    00000008     --HOLE-- [fill = 0]
                  00012080    00000008                   : BIOS.obj (.text:ti_sysbios_heaps_HeapMem_isBlocking__E)
                  00012088    00000008     --HOLE-- [fill = 0]
                  00012090    00000008                   : BIOS.obj (.text:ti_sysbios_timers_rti_Timer_getMaxTicks__E)
                  00012098    00000008     --HOLE-- [fill = 0]
                  000120a0    00000008                   : BIOS.obj (.text:xdc_runtime_SysStd_ready__E)
                  000120a8    00000008     --HOLE-- [fill = 0]
                  000120b0    00000008                   : BIOS.obj (.text:xdc_runtime_System_Module_startup__E)
                  000120b8    00000008     --HOLE-- [fill = 0]
                  000120c0    00000004                   : BIOS.obj (.text:ti_sysbios_BIOS_linkedWithIncorrectBootLibrary__E)
                  000120c4    0000000c     --HOLE-- [fill = 0]
                  000120d0    00000004                   : BIOS.obj (.text:ti_sysbios_gates_GateHwi_Instance_init__E)
                  000120d4    0000000c     --HOLE-- [fill = 0]
                  000120e0    00000004                   : BIOS.obj (.text:ti_sysbios_knl_Task_startup__E)
                  000120e4    0000000c     --HOLE-- [fill = 0]
                  000120f0    00000004                   : BIOS.obj (.text:xdc_runtime_SysStd_putch__E)

.const     0    000120f8    00002696     
                  000120f8    00001a17     mss_srr_per4f.oer4f (.const:xdc_runtime_Text_charTab__A)
                  00013b0f    00000001     --HOLE-- [fill = 0]
                  00013b10    00000254     libmmwavelink_xwr16xx.aer4f : rl_sensor.oer4f (.const:$O1$$)
                  00013d64    00000101     rtsv7R4_T_le_v3D16_eabi.lib : ctype.obj (.const:.string:_ctypes_)
                  00013e65    00000001     --HOLE-- [fill = 0]
                  00013e66    000000d0     mss_srr_per4f.oer4f (.const:xdc_runtime_Text_nodeTab__A)
                  00013f36    00000002     mss_srr_per4f.oer4f (.const:ti_sysbios_family_arm_exc_Exception_Module__id__C)
                  00013f38    000000a0     libcli_xwr16xx.aer4f : cli_mmwave.oer4f (.const:.string)
                  00013fd8    00000098     rtsv7R4_T_le_v3D16_eabi.lib : strtod.obj (.const:$O1$$)
                  00014070    00000080     mss_srr_per4f.oer4f (.const:ti_sysbios_family_arm_v7r_vim_Hwi_channelMap__A)
                  000140f0    00000078     libmmwavelink_xwr16xx.aer4f : rl_driver.oer4f (.const:$O2$$)
                  00014168    00000048     mss_srr_per4f.oer4f (.const:.string)
                  000141b0    0000003c     libuart_xwr16xx.aer4f : UART.oer4f (.const:UART_defaultParams)
                  000141ec    0000003c     mss_srr_per4f.oer4f (.const:ti_sysbios_knl_Task_Object__PARAMS__C)
                  00014228    00000030     mss_srr_per4f.oer4f (.const:ti_sysbios_family_arm_v7r_vim_Hwi_Object__PARAMS__C)
                  00014258    00000028     mss_srr_per4f.oer4f (.const:ti_sysbios_heaps_HeapMem_Module__FXNS__C)
                  00014280    00000028     mss_srr_per4f.oer4f (.const:xdc_runtime_Startup_sfxnTab__A)
                  000142a8    00000024     libmailbox_xwr16xx.aer4f : mailbox.oer4f (.const:Mailbox_defaultCfg)
                  000142cc    00000024     mss_srr_per4f.oer4f (.const:ti_sysbios_gates_GateHwi_Module__FXNS__C)
                  000142f0    00000024     mss_srr_per4f.oer4f (.const:ti_sysbios_gates_GateMutex_Module__FXNS__C)
                  00014314    00000024     mss_srr_per4f.oer4f (.const:ti_sysbios_heaps_HeapMem_Object__PARAMS__C)
                  00014338    00000024     mss_srr_per4f.oer4f (.const:ti_sysbios_knl_Semaphore_Object__PARAMS__C)
                  0001435c    00000020     mss_srr_per4f.oer4f (.const:ti_sysbios_family_arm_v7r_vim_Hwi_Object__DESC__C)
                  0001437c    00000020     mss_srr_per4f.oer4f (.const:ti_sysbios_gates_GateHwi_Object__DESC__C)
                  0001439c    00000020     mss_srr_per4f.oer4f (.const:ti_sysbios_gates_GateMutex_Object__DESC__C)
                  000143bc    00000020     mss_srr_per4f.oer4f (.const:ti_sysbios_heaps_HeapMem_Object__DESC__C)
                  000143dc    00000020     mss_srr_per4f.oer4f (.const:ti_sysbios_knl_Queue_Object__DESC__C)
                  000143fc    00000020     mss_srr_per4f.oer4f (.const:ti_sysbios_knl_Semaphore_Object__DESC__C)
                  0001441c    00000020     mss_srr_per4f.oer4f (.const:ti_sysbios_knl_Task_Object__DESC__C)
                  0001443c    00000018     mss_srr_per4f.oer4f (.const:ti_sysbios_gates_GateHwi_Object__PARAMS__C)
                  00014454    00000018     mss_srr_per4f.oer4f (.const:ti_sysbios_gates_GateMutex_Object__PARAMS__C)
                  0001446c    00000018     mss_srr_per4f.oer4f (.const:ti_sysbios_knl_Queue_Object__PARAMS__C)
                  00014484    00000014     mss_srr_per4f.oer4f (.const:xdc_runtime_Startup_sfxnRts__A)
                  00014498    00000010     mss_srr_per4f.oer4f (.const:ti_sysbios_family_arm_v7r_vim_Hwi_intReqEnaSet__A)
                  000144a8    00000010     mss_srr_per4f.oer4f (.const:ti_sysbios_family_arm_v7r_vim_Hwi_wakeEnaSet__A)
                  000144b8    00000008     mss_srr_per4f.oer4f (.const:ti_sysbios_knl_Idle_funcList__C)
                  000144c0    00000008     mss_srr_per4f.oer4f (.const:xdc_runtime_Startup_firstFxns__A)
                  000144c8    00000008     mss_srr_per4f.oer4f (.const:xdc_runtime_Startup_firstFxns__C)
                  000144d0    00000008     mss_srr_per4f.oer4f (.const:xdc_runtime_Startup_lastFxns__C)
                  000144d8    00000004     libcli_xwr16xx.aer4f : cli.oer4f (.const:.string:$P$T0$1)
                  000144dc    00000004     mss_srr_per4f.oer4f (.const:ti_sysbios_family_arm_TaskSupport_stackAlignment__C)
                  000144e0    00000004     mss_srr_per4f.oer4f (.const:ti_sysbios_family_arm_exc_Exception_E_dataAbort__C)
                  000144e4    00000004     mss_srr_per4f.oer4f (.const:ti_sysbios_family_arm_exc_Exception_E_prefetchAbort__C)
                  000144e8    00000004     mss_srr_per4f.oer4f (.const:ti_sysbios_family_arm_exc_Exception_E_swi__C)
                  000144ec    00000004     mss_srr_per4f.oer4f (.const:ti_sysbios_family_arm_exc_Exception_E_undefinedInstruction__C)
                  000144f0    00000004     mss_srr_per4f.oer4f (.const:ti_sysbios_family_arm_exc_Exception_excHookFuncs__A)
                  000144f4    00000004     mss_srr_per4f.oer4f (.const:ti_sysbios_family_arm_exc_Exception_excHookFuncs__C)
                  000144f8    00000004     mss_srr_per4f.oer4f (.const:ti_sysbios_family_arm_v7r_tms570_Core_E_mismatchedIds__C)
                  000144fc    00000004     mss_srr_per4f.oer4f (.const:ti_sysbios_family_arm_v7r_tms570_Core_id__C)
                  00014500    00000004     mss_srr_per4f.oer4f (.const:ti_sysbios_family_arm_v7r_vim_Hwi_A_badChannelId__C)
                  00014504    00000004     mss_srr_per4f.oer4f (.const:ti_sysbios_family_arm_v7r_vim_Hwi_E_alreadyDefined__C)
                  00014508    00000004     mss_srr_per4f.oer4f (.const:ti_sysbios_family_arm_v7r_vim_Hwi_E_badIntNum__C)
                  0001450c    00000004     mss_srr_per4f.oer4f (.const:ti_sysbios_family_arm_v7r_vim_Hwi_E_phantomInterrupt__C)
                  00014510    00000004     mss_srr_per4f.oer4f (.const:ti_sysbios_family_arm_v7r_vim_Hwi_E_undefined__C)
                  00014514    00000004     mss_srr_per4f.oer4f (.const:ti_sysbios_family_arm_v7r_vim_Hwi_E_unsupportedMaskingOption__C)
                  00014518    00000004     mss_srr_per4f.oer4f (.const:ti_sysbios_family_arm_v7r_vim_Hwi_LD_end__C)
                  0001451c    00000004     mss_srr_per4f.oer4f (.const:ti_sysbios_family_arm_v7r_vim_Hwi_LM_begin__C)
                  00014520    00000004     mss_srr_per4f.oer4f (.const:ti_sysbios_family_arm_v7r_vim_Hwi_Module__diagsEnabled__C)
                  00014524    00000004     mss_srr_per4f.oer4f (.const:ti_sysbios_family_arm_v7r_vim_Hwi_Module__diagsIncluded__C)
                  00014528    00000004     mss_srr_per4f.oer4f (.const:ti_sysbios_family_arm_v7r_vim_Hwi_Module__diagsMask__C)
                  0001452c    00000004     mss_srr_per4f.oer4f (.const:ti_sysbios_family_arm_v7r_vim_Hwi_Module__loggerFxn1__C)
                  00014530    00000004     mss_srr_per4f.oer4f (.const:ti_sysbios_family_arm_v7r_vim_Hwi_Module__loggerFxn8__C)
                  00014534    00000004     mss_srr_per4f.oer4f (.const:ti_sysbios_family_arm_v7r_vim_Hwi_Module__loggerObj__C)
                  00014538    00000004     mss_srr_per4f.oer4f (.const:ti_sysbios_family_arm_v7r_vim_Hwi_NUM_INTERRUPTS__C)
                  0001453c    00000004     mss_srr_per4f.oer4f (.const:ti_sysbios_family_arm_v7r_vim_Hwi_channelMap__C)
                  00014540    00000004     mss_srr_per4f.oer4f (.const:ti_sysbios_family_arm_v7r_vim_Hwi_intReqEnaSet__C)
                  00014544    00000004     mss_srr_per4f.oer4f (.const:ti_sysbios_family_arm_v7r_vim_Hwi_phantomFunc__C)
                  00014548    00000004     mss_srr_per4f.oer4f (.const:ti_sysbios_family_arm_v7r_vim_Hwi_swiDisable__C)
                  0001454c    00000004     mss_srr_per4f.oer4f (.const:ti_sysbios_family_arm_v7r_vim_Hwi_swiRestoreHwi__C)
                  00014550    00000004     mss_srr_per4f.oer4f (.const:ti_sysbios_family_arm_v7r_vim_Hwi_taskDisable__C)
                  00014554    00000004     mss_srr_per4f.oer4f (.const:ti_sysbios_family_arm_v7r_vim_Hwi_taskRestoreHwi__C)
                  00014558    00000004     mss_srr_per4f.oer4f (.const:ti_sysbios_family_arm_v7r_vim_Hwi_wakeEnaSet__C)
                  0001455c    00000004     mss_srr_per4f.oer4f (.const:ti_sysbios_gates_GateMutex_A_badContext__C)
                  00014560    00000004     mss_srr_per4f.oer4f (.const:ti_sysbios_gates_GateMutex_Instance_State_sem__O)
                  00014564    00000004     mss_srr_per4f.oer4f (.const:ti_sysbios_gates_GateMutex_Module__diagsEnabled__C)
                  00014568    00000004     mss_srr_per4f.oer4f (.const:ti_sysbios_gates_GateMutex_Module__diagsIncluded__C)
                  0001456c    00000004     mss_srr_per4f.oer4f (.const:ti_sysbios_gates_GateMutex_Module__diagsMask__C)
                  00014570    00000004     mss_srr_per4f.oer4f (.const:ti_sysbios_hal_Hwi_E_stackOverflow__C)
                  00014574    00000004     mss_srr_per4f.oer4f (.const:ti_sysbios_heaps_HeapBuf_Instance_State_freeList__O)
                  00014578    00000004     mss_srr_per4f.oer4f (.const:ti_sysbios_heaps_HeapBuf_Object__count__C)
                  0001457c    00000004     mss_srr_per4f.oer4f (.const:ti_sysbios_heaps_HeapBuf_numConstructedHeaps__C)
                  00014580    00000004     mss_srr_per4f.oer4f (.const:ti_sysbios_heaps_HeapMem_A_align__C)
                  00014584    00000004     mss_srr_per4f.oer4f (.const:ti_sysbios_heaps_HeapMem_A_heapSize__C)
                  00014588    00000004     mss_srr_per4f.oer4f (.const:ti_sysbios_heaps_HeapMem_A_invalidFree__C)
                  0001458c    00000004     mss_srr_per4f.oer4f (.const:ti_sysbios_heaps_HeapMem_A_zeroBlock__C)
                  00014590    00000004     mss_srr_per4f.oer4f (.const:ti_sysbios_heaps_HeapMem_E_memory__C)
                  00014594    00000004     mss_srr_per4f.oer4f (.const:ti_sysbios_heaps_HeapMem_Module__diagsEnabled__C)
                  00014598    00000004     mss_srr_per4f.oer4f (.const:ti_sysbios_heaps_HeapMem_Module__diagsIncluded__C)
                  0001459c    00000004     mss_srr_per4f.oer4f (.const:ti_sysbios_heaps_HeapMem_Module__diagsMask__C)
                  000145a0    00000004     mss_srr_per4f.oer4f (.const:ti_sysbios_heaps_HeapMem_Module__gateObj__C)
                  000145a4    00000004     mss_srr_per4f.oer4f (.const:ti_sysbios_heaps_HeapMem_Object__count__C)
                  000145a8    00000004     mss_srr_per4f.oer4f (.const:ti_sysbios_heaps_HeapMem_reqAlign__C)
                  000145ac    00000004     mss_srr_per4f.oer4f (.const:ti_sysbios_knl_Clock_LM_begin__C)
                  000145b0    00000004     mss_srr_per4f.oer4f (.const:ti_sysbios_knl_Clock_LM_tick__C)
                  000145b4    00000004     mss_srr_per4f.oer4f (.const:ti_sysbios_knl_Clock_LW_delayed__C)
                  000145b8    00000004     mss_srr_per4f.oer4f (.const:ti_sysbios_knl_Clock_Module_State_clockQ__O)
                  000145bc    00000004     mss_srr_per4f.oer4f (.const:ti_sysbios_knl_Clock_Module__diagsEnabled__C)
                  000145c0    00000004     mss_srr_per4f.oer4f (.const:ti_sysbios_knl_Clock_Module__diagsIncluded__C)
                  000145c4    00000004     mss_srr_per4f.oer4f (.const:ti_sysbios_knl_Clock_Module__diagsMask__C)
                  000145c8    00000004     mss_srr_per4f.oer4f (.const:ti_sysbios_knl_Clock_Module__loggerFxn1__C)
                  000145cc    00000004     mss_srr_per4f.oer4f (.const:ti_sysbios_knl_Clock_Module__loggerFxn2__C)
                  000145d0    00000004     mss_srr_per4f.oer4f (.const:ti_sysbios_knl_Clock_Module__loggerObj__C)
                  000145d4    00000004     mss_srr_per4f.oer4f (.const:ti_sysbios_knl_Event_A_nullEventId__C)
                  000145d8    00000004     mss_srr_per4f.oer4f (.const:ti_sysbios_knl_Event_Instance_State_pendQ__O)
                  000145dc    00000004     mss_srr_per4f.oer4f (.const:ti_sysbios_knl_Event_LM_post__C)
                  000145e0    00000004     mss_srr_per4f.oer4f (.const:ti_sysbios_knl_Event_Module__diagsEnabled__C)
                  000145e4    00000004     mss_srr_per4f.oer4f (.const:ti_sysbios_knl_Event_Module__diagsIncluded__C)
                  000145e8    00000004     mss_srr_per4f.oer4f (.const:ti_sysbios_knl_Event_Module__diagsMask__C)
                  000145ec    00000004     mss_srr_per4f.oer4f (.const:ti_sysbios_knl_Event_Module__loggerFxn4__C)
                  000145f0    00000004     mss_srr_per4f.oer4f (.const:ti_sysbios_knl_Event_Module__loggerObj__C)
                  000145f4    00000004     mss_srr_per4f.oer4f (.const:ti_sysbios_knl_Idle_funcList__A)
                  000145f8    00000004     mss_srr_per4f.oer4f (.const:ti_sysbios_knl_Semaphore_A_badContext__C)
                  000145fc    00000004     mss_srr_per4f.oer4f (.const:ti_sysbios_knl_Semaphore_A_noEvents__C)
                  00014600    00000004     mss_srr_per4f.oer4f (.const:ti_sysbios_knl_Semaphore_A_overflow__C)
                  00014604    00000004     mss_srr_per4f.oer4f (.const:ti_sysbios_knl_Semaphore_A_pendTaskDisabled__C)
                  00014608    00000004     mss_srr_per4f.oer4f (.const:ti_sysbios_knl_Semaphore_Instance_State_pendQ__O)
                  0001460c    00000004     mss_srr_per4f.oer4f (.const:ti_sysbios_knl_Semaphore_LM_pend__C)
                  00014610    00000004     mss_srr_per4f.oer4f (.const:ti_sysbios_knl_Semaphore_LM_post__C)
                  00014614    00000004     mss_srr_per4f.oer4f (.const:ti_sysbios_knl_Semaphore_Module__diagsEnabled__C)
                  00014618    00000004     mss_srr_per4f.oer4f (.const:ti_sysbios_knl_Semaphore_Module__diagsIncluded__C)
                  0001461c    00000004     mss_srr_per4f.oer4f (.const:ti_sysbios_knl_Semaphore_Module__diagsMask__C)
                  00014620    00000004     mss_srr_per4f.oer4f (.const:ti_sysbios_knl_Semaphore_Module__loggerFxn2__C)
                  00014624    00000004     mss_srr_per4f.oer4f (.const:ti_sysbios_knl_Semaphore_Module__loggerFxn4__C)
                  00014628    00000004     mss_srr_per4f.oer4f (.const:ti_sysbios_knl_Semaphore_Module__loggerObj__C)
                  0001462c    00000004     mss_srr_per4f.oer4f (.const:ti_sysbios_knl_Swi_LD_end__C)
                  00014630    00000004     mss_srr_per4f.oer4f (.const:ti_sysbios_knl_Swi_LM_begin__C)
                  00014634    00000004     mss_srr_per4f.oer4f (.const:ti_sysbios_knl_Swi_LM_post__C)
                  00014638    00000004     mss_srr_per4f.oer4f (.const:ti_sysbios_knl_Swi_Module__diagsEnabled__C)
                  0001463c    00000004     mss_srr_per4f.oer4f (.const:ti_sysbios_knl_Swi_Module__diagsIncluded__C)
                  00014640    00000004     mss_srr_per4f.oer4f (.const:ti_sysbios_knl_Swi_Module__diagsMask__C)
[...]
00014580  ti_sysbios_heaps_HeapMem_A_align__C                                  
00014584  ti_sysbios_heaps_HeapMem_A_heapSize__C                               
00014588  ti_sysbios_heaps_HeapMem_A_invalidFree__C                            
0001458c  ti_sysbios_heaps_HeapMem_A_zeroBlock__C                              
00014590  ti_sysbios_heaps_HeapMem_E_memory__C                                 
00014594  ti_sysbios_heaps_HeapMem_Module__diagsEnabled__C                     
00014598  ti_sysbios_heaps_HeapMem_Module__diagsIncluded__C                    
0001459c  ti_sysbios_heaps_HeapMem_Module__diagsMask__C                        
000145a0  ti_sysbios_heaps_HeapMem_Module__gateObj__C                          
000145a4  ti_sysbios_heaps_HeapMem_Object__count__C                            
000145a8  ti_sysbios_heaps_HeapMem_reqAlign__C                                 
000145ac  ti_sysbios_knl_Clock_LM_begin__C                                     
000145b0  ti_sysbios_knl_Clock_LM_tick__C                                      
000145b4  ti_sysbios_knl_Clock_LW_delayed__C                                   
000145b8  ti_sysbios_knl_Clock_Module_State_clockQ__O                          
000145bc  ti_sysbios_knl_Clock_Module__diagsEnabled__C                         
000145c0  ti_sysbios_knl_Clock_Module__diagsIncluded__C                        
000145c4  ti_sysbios_knl_Clock_Module__diagsMask__C                            
000145c8  ti_sysbios_knl_Clock_Module__loggerFxn1__C                           
000145cc  ti_sysbios_knl_Clock_Module__loggerFxn2__C                           
000145d0  ti_sysbios_knl_Clock_Module__loggerObj__C                            
000145d4  ti_sysbios_knl_Event_A_nullEventId__C                                
000145d8  ti_sysbios_knl_Event_Instance_State_pendQ__O                         
000145dc  ti_sysbios_knl_Event_LM_post__C                                      
000145e0  ti_sysbios_knl_Event_Module__diagsEnabled__C                         
000145e4  ti_sysbios_knl_Event_Module__diagsIncluded__C                        
000145e8  ti_sysbios_knl_Event_Module__diagsMask__C                            
000145ec  ti_sysbios_knl_Event_Module__loggerFxn4__C                           
000145f0  ti_sysbios_knl_Event_Module__loggerObj__C                            
000145f4  ti_sysbios_knl_Idle_funcList__A                                      
000145f8  ti_sysbios_knl_Semaphore_A_badContext__C                             
000145fc  ti_sysbios_knl_Semaphore_A_noEvents__C                               
00014600  ti_sysbios_knl_Semaphore_A_overflow__C                               
00014604  ti_sysbios_knl_Semaphore_A_pendTaskDisabled__C                       
00014608  ti_sysbios_knl_Semaphore_Instance_State_pendQ__O                     
0001460c  ti_sysbios_knl_Semaphore_LM_pend__C                                  
00014610  ti_sysbios_knl_Semaphore_LM_post__C                                  
00014614  ti_sysbios_knl_Semaphore_Module__diagsEnabled__C                     
00014618  ti_sysbios_knl_Semaphore_Module__diagsIncluded__C                    
0001461c  ti_sysbios_knl_Semaphore_Module__diagsMask__C                        
00014620  ti_sysbios_knl_Semaphore_Module__loggerFxn2__C                       
00014624  ti_sysbios_knl_Semaphore_Module__loggerFxn4__C                       
00014628  ti_sysbios_knl_Semaphore_Module__loggerObj__C                        
0001462c  ti_sysbios_knl_Swi_LD_end__C                                         
00014630  ti_sysbios_knl_Swi_LM_begin__C                                       
00014634  ti_sysbios_knl_Swi_LM_post__C                                        
00014638  ti_sysbios_knl_Swi_Module__diagsEnabled__C                           
0001463c  ti_sysbios_knl_Swi_Module__diagsIncluded__C                          
00014640  ti_sysbios_knl_Swi_Module__diagsMask__C                              
00014644  ti_sysbios_knl_Swi_Module__loggerFxn1__C                             
00014648  ti_sysbios_knl_Swi_Module__loggerFxn4__C                             
0001464c  ti_sysbios_knl_Swi_Module__loggerObj__C                              
00014650  ti_sysbios_knl_Swi_Object__count__C                                  
00014654  ti_sysbios_knl_Task_A_badPriority__C                                 
00014658  ti_sysbios_knl_Task_A_badTaskState__C                                
0001465c  ti_sysbios_knl_Task_A_badThreadType__C                               
00014660  ti_sysbios_knl_Task_A_badTimeout__C                                  
00014664  ti_sysbios_knl_Task_A_noPendElem__C                                  
00014668  ti_sysbios_knl_Task_A_sleepTaskDisabled__C                           
0001466c  ti_sysbios_knl_Task_E_spOutOfBounds__C                               
00014670  ti_sysbios_knl_Task_E_stackOverflow__C                               
00014674  ti_sysbios_knl_Task_LD_block__C                                      
00014678  ti_sysbios_knl_Task_LD_exit__C                                       
0001467c  ti_sysbios_knl_Task_LD_ready__C                                      
00014680  ti_sysbios_knl_Task_LM_sleep__C                                      
00014684  ti_sysbios_knl_Task_LM_switch__C                                     
00014688  ti_sysbios_knl_Task_Module_State_inactiveQ__O                        
0001468c  ti_sysbios_knl_Task_Module__diagsEnabled__C                          
00014690  ti_sysbios_knl_Task_Module__diagsIncluded__C                         
00014694  ti_sysbios_knl_Task_Module__diagsMask__C                             
00014698  ti_sysbios_knl_Task_Module__loggerFxn2__C                            
0001469c  ti_sysbios_knl_Task_Module__loggerFxn4__C                            
000146a0  ti_sysbios_knl_Task_Module__loggerObj__C                             
000146a4  ti_sysbios_knl_Task_Object__count__C                                 
000146a8  ti_sysbios_knl_Task_allBlockedFunc__C                                
000146ac  ti_sysbios_knl_Task_defaultStackHeap__C                              
000146b0  ti_sysbios_knl_Task_defaultStackSize__C                              
000146b4  ti_sysbios_knl_Task_numConstructedTasks__C                           
000146b8  ti_sysbios_timers_rti_Timer_E_cannotSupport__C                       
000146bc  ti_sysbios_timers_rti_Timer_Module__diagsEnabled__C                  
000146c0  ti_sysbios_timers_rti_Timer_Module__diagsIncluded__C                 
000146c4  ti_sysbios_timers_rti_Timer_Module__diagsMask__C                     
000146c8  ti_sysbios_timers_rti_Timer_numTimerDevices__C                       
000146cc  ti_sysbios_timers_rti_Timer_startupNeeded__C                         
000146d0  xdc_runtime_Assert_E_assertFailed__C                                 
000146d4  xdc_runtime_Core_A_initializedParams__C                              
000146d8  xdc_runtime_Core_Module__diagsEnabled__C                             
000146dc  xdc_runtime_Core_Module__diagsIncluded__C                            
000146e0  xdc_runtime_Core_Module__diagsMask__C                                
000146e4  xdc_runtime_Error_E_memory__C                                        
000146e8  xdc_runtime_Error_Module__diagsEnabled__C                            
000146ec  xdc_runtime_Error_Module__diagsIncluded__C                           
000146f0  xdc_runtime_Error_Module__diagsMask__C                               
000146f4  xdc_runtime_Error_Module__loggerFxn8__C                              
000146f8  xdc_runtime_Error_Module__loggerObj__C                               
000146fc  xdc_runtime_Error_policyFxn__C                                       
00014700  xdc_runtime_Error_policy__C                                          
00014704  xdc_runtime_Error_raiseHook__C                                       
00014708  xdc_runtime_IGateProvider_Interface__BASE__C                         
0001470c  xdc_runtime_IHeap_Interface__BASE__C                                 
00014710  xdc_runtime_IModule_Interface__BASE__C                               
00014714  xdc_runtime_Log_L_error__C                                           
00014718  xdc_runtime_Memory_defaultHeapInstance__C                            
0001471c  xdc_runtime_Startup_execImpl__C                                      
00014720  xdc_runtime_Startup_maxPasses__C                                     
00014724  xdc_runtime_Startup_sfxnRts__C                                       
00014728  xdc_runtime_Startup_sfxnTab__C                                       
0001472c  xdc_runtime_System_Module__gateObj__C                                
00014730  xdc_runtime_System_abortFxn__C                                       
00014734  xdc_runtime_System_exitFxn__C                                        
00014738  xdc_runtime_System_extendFxn__C                                      
0001473c  xdc_runtime_System_maxAtexitHandlers__C                              
00014740  xdc_runtime_Text_charTab__C                                          
00014744  xdc_runtime_Text_nameEmpty__C                                        
00014748  xdc_runtime_Text_nameStatic__C                                       
0001474c  xdc_runtime_Text_nameUnknown__C                                      
00014750  xdc_runtime_Text_nodeTab__C                                          
00014754  xdc_runtime_Text_visitRopeFxn__C                                     
00014758  ti_sysbios_family_arm_v7r_tms570_Core_Module__id__C                  
0001475a  ti_sysbios_family_arm_v7r_vim_Hwi_Module__id__C                      
0001475c  ti_sysbios_family_arm_v7r_vim_Hwi_Module__loggerDefined__C           
0001475e  ti_sysbios_gates_GateMutex_Module__id__C                             
00014760  ti_sysbios_hal_Hwi_Module__id__C                                     
00014762  ti_sysbios_heaps_HeapMem_Module__id__C                               
00014764  ti_sysbios_knl_Clock_Module__id__C                                   
00014766  ti_sysbios_knl_Clock_Module__loggerDefined__C                        
00014768  ti_sysbios_knl_Event_Module__id__C                                   
0001476a  ti_sysbios_knl_Event_Module__loggerDefined__C                        
0001476c  ti_sysbios_knl_Semaphore_Module__id__C                               
0001476e  ti_sysbios_knl_Semaphore_Module__loggerDefined__C                    
00014770  ti_sysbios_knl_Swi_Module__id__C                                     
00014772  ti_sysbios_knl_Swi_Module__loggerDefined__C                          
00014774  ti_sysbios_knl_Task_Module__id__C                                    
00014776  ti_sysbios_knl_Task_Module__loggerDefined__C                         
00014778  ti_sysbios_timers_rti_Timer_Module__id__C                            
0001477a  ti_sysbios_timers_rti_Timer_continueOnSuspend__C                     
0001477c  xdc_runtime_Core_Module__id__C                                       
0001477e  xdc_runtime_Error_Module__loggerDefined__C                           
00014780  xdc_runtime_Error_maxDepth__C                                        
00014782  xdc_runtime_Main_Module__id__C                                       
00014784  xdc_runtime_Memory_Module__id__C                                     
00014786  xdc_runtime_Text_charCnt__C                                          
00014788  xdc_runtime_Text_isLoaded__C                                         
0001478a  xdc_runtime_Text_registryModsLastId__C                               
0001478c  xdc_runtime_Text_unnamedModsLastId__C                                
00014790  __TI_static_base__                                                   
00014af8  __TI_Handler_Table_Base                                              
00014b04  __TI_Handler_Table_Limit                                             
00014b20  __TI_CINIT_Base                                                      
00014b40  __TI_CINIT_Limit                                                     
08000000  ti_sysbios_heaps_HeapMem_Instance_State_0_buf__A                     
08008000  ti_sysbios_family_arm_exc_Exception_Module_State_0_excStack_0__A     
08009000  ti_sysbios_knl_Task_Instance_State_0_stack__A                        
08009800  gCLI                                                                 
080099a0  gGPIOMCB                                                             
08009b34  __CIOBUF_                                                            
08009c54  gMMWave_MCB                                                          
08009d4c  __TI_tmpnams                                                         
08009dec  gEsmMCB                                                              
08009e60  gSrrMSSMCB                                                           
08009ecc  gMMWave_XWR16xxMCB                                                   
08009ed4  parmbuf                                                              
08009ee0  __stack                                                              
0800aee0  D2H_SYNC_PATTERN                                                     
0800aee0  __STACK_END                                                          
0800aee4  H2D_SYNC_PATTERN                                                     
0800aee8  H2D_CNYS_PATTERN                                                     
0800aeec  rl_txMsg                                                             
0800afec  rl_rxMsg                                                             
0800b2d0  ti_sysbios_family_arm_v7r_vim_Hwi_Module_State_0_dispatchTable__A    
0800b4d0  gCLIMMWaveOpenCfg                                                    
0800b4f0  gCLIMMWaveExtensionTable                                             
0800b598  gCLIMMWaveControlCfg                                                 
0800b664  _ftable                                                              
0800b754  ti_sysbios_knl_Swi_Module_State_0_readyQ__A                          
0800b7d4  ti_sysbios_knl_Task_Module_State_0_readyQ__A                         
0800b854  _device                                                              
0800b8cc  gUartSciHwCfg                                                        
0800b924  _stream                                                              
0800b974  gMailboxMCB                                                          
0800b9c4  ti_sysbios_knl_Task_Object__table__V                                 
0800ba10  ti_sysbios_knl_Task_Module__state__V                                 
0800ba54  SOC_TranslateAddr_LUT                                                
0800ba94  ti_sysbios_gates_GateMutex_Object__table__V                          
0800bad4  ti_sysbios_timers_rti_Timer_Object__table__V                         
0800bb10  ti_sysbios_family_arm_v7r_vim_Hwi_Module__state__V                   
0800bb44  ti_sysbios_knl_Swi_Object__table__V                                  
0800bb74  ti_sysbios_family_arm_v7r_vim_Hwi_Object__table__V                   
0800bba0  ti_sysbios_knl_Clock_Module__state__V                                
0800bbcc  gUartSciFxnTable                                                     
0800bbf4  UART_config                                                          
0800bc18  ti_sysbios_BIOS_Module__state__V                                     
0800bc3c  xdc_runtime_Error_IgnoreBlock                                        
0800bc5c  xdc_runtime_System_Module_State_0_atexitHandlers__A                  
0800bc7c  ti_sysbios_knl_Swi_Module__state__V                                  
0800bc98  gMailboxMssBssHwCfg                                                  
0800bcb0  gMailboxMssDssHwCfg                                                  
0800bcc8  ti_sysbios_heaps_HeapMem_Object__table__V                            
0800bce0  ti_sysbios_timers_rti_Timer_Module_State_0_device__A                 
0800bcf8  gSOCHwAttrib                                                         
0800bd0c  ti_sysbios_family_arm_exc_Exception_Module__state__V                 
0800bd20  __TI_ft_end                                                          
0800bd24  __aeabi_stdin                                                        
0800bd28  __aeabi_stdout                                                       
0800bd2c  __aeabi_stderr                                                       
0800bd30  ti_sysbios_timers_rti_Timer_Module_State_0_intFreqs__A               
0800bd40  ti_sysbios_timers_rti_Timer_Module__state__V                         
0800bd50  __TI_cleanup_ptr                                                     
0800bd54  __TI_dtors_ptr                                                       
0800bd58  __TI_enable_exit_profile_output                                      
0800bd5c  gESMHwCfgAttrs                                                       
0800bd68  _lock                                                                
0800bd6c  _unlock                                                              
0800bd70  gGPIOHwAtrrib                                                        
0800bd78  ti_sysbios_family_arm_v7r_vim_Hwi_Module__root__V                    
0800bd80  ti_sysbios_gates_GateHwi_Module__root__V                             
0800bd88  ti_sysbios_gates_GateMutex_Module__root__V                           
0800bd90  ti_sysbios_hal_Hwi_Object__table__V                                  
0800bd98  ti_sysbios_heaps_HeapMem_Module__root__V                             
0800bda0  ti_sysbios_knl_Queue_Module__root__V                                 
0800bda8  ti_sysbios_knl_Semaphore_Module__root__V                             
0800bdb0  ti_sysbios_knl_Task_Module__root__V                                  
0800bdb8  ti_sysbios_timers_rti_Timer_Module_State_0_handles__A                
0800bdc0  xdc_runtime_Registry_Module__state__V                                
0800bdc8  xdc_runtime_Startup_Module__state__V                                 
0800bdd0  xdc_runtime_System_Module__state__V                                  
0800bdd8  gCRCRegister                                                         
0800bddc  gPinmuxRegs                                                          
0800bde4  errno                                                                
0800bdf0  main_func_sp                                                         
0800bdf8  ti_sysbios_family_arm_exc_Exception_Module_State_0_excContext__A     
0800bdfc  ti_sysbios_family_arm_exc_Exception_Module_State_0_excStackBuffers__A
0800be00  ti_sysbios_family_arm_exc_Exception_Module_State_0_excStack__A       
0800be04  ti_sysbios_gates_GateHwi_Object__table__V                            
0800be08  ti_sysbios_heaps_HeapBuf_Module__state__V                            
0800be0c  ti_sysbios_knl_Task_Module_State_0_idleTask__A                       
0800be10  xdc_runtime_Memory_Module__state__V                                  
0800be14  ti_sysbios_family_arm_exc_Exception_Module_State_0_excActive__A      
0800be16  xdc_runtime_Error_Module__state__V                                   
0800be18  ti_sysbios_family_arm_v7r_vim_Hwi_Module_State_0_fiqStack__A         
fffffdec  ti_sysbios_family_arm_v7r_vim_Hwi_vim                                
ffffffff  __TI_pprof_out_hndl                                                  
ffffffff  __TI_prof_data_size                                                  
ffffffff  __TI_prof_data_start                                                 
ffffffff  __binit__                                                            
ffffffff  __c_args__                                                           
ffffffff  binit                                                                
UNDEFED   SHT$$INIT_ARRAY$$Base                                                
UNDEFED   SHT$$INIT_ARRAY$$Limit                                               

[844 symbols]
