******************************************************************************
                  TI ARM Linker PC v16.9.6                     
******************************************************************************
>> Linked Mon Sep 03 15:08:00 2018

OUTPUT FILE NAME:   <srrdemo_16xx_mss.xer4f>
ENTRY POINT SYMBOL: "_c_int00"  address: 0000e570


MEMORY CONFIGURATION

         name            origin    length      used     unused   attr    fill
----------------------  --------  ---------  --------  --------  ----  --------
  VECTORS               00000000   00000100  0000003c  000000c4     X
  PROG_RAM              00000100   0003ff00  00014c2a  0002b2d6  R  X
  DATA_RAM              08000000   00030000  0000c614  000239ec  RW  
  L3_RAM                51000000   000a0000  00000000  000a0000  RW  
  HS_RAM                52080000   00008000  00000000  00008000  RW  


SEGMENT ALLOCATION MAP

run origin  load origin   length   init length attrs members
----------  ----------- ---------- ----------- ----- -------
00000000    00000000    0000003c   0000003c    r--
  00000000    00000000    0000003c   0000003c    r-- .vecs
00000100    00000100    00014c30   00014c30    r-x
  00000100    00000100    000121e4   000121e4    r-x .text
  000122e8    000122e8    00002696   00002696    r-- .const
  00014980    00014980    000003b0   000003b0    r-- .cinit
08000000    08000000    0000c618   00000000    rw-
  08000000    08000000    00008000   00000000    rw- systemHeap
  08008000    08008000    00001edc   00000000    rw- .bss
  08009ee0    08009ee0    00001000   00000000    rw- .stack
  0800aee0    0800aee0    00000f38   00000000    rw- .data
  0800be18    0800be18    00000800   00000000    rw- .myFiqStack


SECTION ALLOCATION MAP

 output                                  attributes/
section   page    origin      length       input sections
--------  ----  ----------  ----------   ----------------
systemHeap 
*          0    08000000    00008000     UNINITIALIZED
                  08000000    00008000     mss_srr_per4f.oer4f (systemHeap)

.vecs      0    00000000    0000003c     
                  00000000    0000003c     mss_srr_per4f.oer4f (.vecs)

.text      0    00000100    000121e4     
                  00000100    0000107a     rtsv7R4_T_le_v3D16_eabi.lib : _printfi.obj (.text)
                  0000117a    00000006     libosal_xwr16xx.aer4f : HwiP_tirtos.oer4f (.text:HwiP_restore)
                  00001180    00000760     sysbios.aer4f : BIOS.obj (.text:xdc_runtime_System_doPrint__I)
                  000018e0    000004f0                   : BIOS.obj (.text:ti_sysbios_knl_Semaphore_pend__E)
                  00001dd0    00000480     mss_main.obj (.text:SRR_MSS_initTask)
                  00002250    000003f4     sysbios.aer4f : BIOS.obj (.text:ti_sysbios_knl_Task_Instance_finalize__E)
                  00002644    0000000c     libmmwave_xwr16xx.aer4f : mmwave_xwr16xx.oer4f (.text:MMWave_deviceMailboxCallbackFxn)
                  00002650    000003f0     sysbios.aer4f : BIOS.obj (.text:ti_sysbios_heaps_HeapMem_freeUnprotected__E)
                  00002a40    00000354                   : BIOS.obj (.text:ti_sysbios_heaps_HeapMem_allocUnprotected__E)
                  00002d94    0000000c     libmmwave_xwr16xx.aer4f : mmwave_osal.oer4f (.text:MMWave_osalMutexUnlock)
                  00002da0    0000034c     sysbios.aer4f : BIOS.obj (.text:ti_sysbios_knl_Task_sleep__E)
                  000030ec    00000004     libosal_xwr16xx.aer4f : HwiP_tirtos.oer4f (.text:HwiP_disableInterrupt)
                  000030f0    000002fc     sysbios.aer4f : BIOS.obj (.text:ti_sysbios_family_arm_exc_Exception_excDumpContext__I)
                  000033ec    00000004     libosal_xwr16xx.aer4f : HwiP_tirtos.oer4f (.text:HwiP_enableInterrupt)
                  000033f0    000002d4     sysbios.aer4f : BIOS.obj (.text:ti_sysbios_family_arm_v7r_vim_Hwi_dispatchIRQC__I)
                  000036c4    000002b8     rtsv7R4_T_le_v3D16_eabi.lib : ull_div32.obj (.text)
                  0000397c    00000004     libmmwave_xwr16xx.aer4f : mmwave_link.oer4f (.text:MMWave_disableDevice)
                  00003980    000002b4     sysbios.aer4f : BIOS.obj (.text:ti_sysbios_knl_Task_Instance_init__E)
                  00003c34    0000000c     libmmwave_xwr16xx.aer4f : mmwave_osal.oer4f (.text:MMWave_osalSemSignal)
                  00003c40    000002b4     sysbios.aer4f : BIOS.obj (.text:ti_sysbios_knl_Task_Module_startup__E)
                  00003ef4    0000000c     mss_main.obj (.text:MmwDemo_mboxCallback)
                  00003f00    0000029c     sysbios.aer4f : BIOS.obj (.text:ti_sysbios_family_arm_exc_Exception_excHandler__I)
                  0000419c    00000284     libsoc_xwr16xx.aer4f : soc_xwr16xx_mss.oer4f (.text:SOC_deviceInit)
                  00004420    0000027c     libmmwave_xwr16xx.aer4f : mmwave_xwr16xx.oer4f (.text:MMWave_deviceExecuteFxn)
                  0000469c    00000004                             : mmwave_link.oer4f (.text:MMWave_enableDevice)
                  000046a0    00000268     sysbios.aer4f : BIOS.obj (.text:xdc_runtime_Error_policyDefault__E)
                  00004908    00000260     libmailbox_xwr16xx.aer4f : mailbox.oer4f (.text:Mailbox_open)
                  00004b68    00000008     libosal_xwr16xx.aer4f : HwiP_tirtos.oer4f (.text:HwiP_disable)
                  00004b70    00000248     sysbios.aer4f : BIOS.obj (.text:ti_sysbios_knl_Event_post__E)
                  00004db8    00000240     libcli_xwr16xx.aer4f : cli_mmwave.oer4f (.text:CLI_MMWaveProfileCfg)
                  00004ff8    00000008     libmmwave_xwr16xx.aer4f : mmwave.oer4f (.text:MMWave_decodeErrorLevel)
                  00005000    00000218     sysbios.aer4f : BIOS.obj (.text:ti_sysbios_knl_Semaphore_post__E)
                  00005218    00000214     libuart_xwr16xx.aer4f : uartsci.oer4f (.text:UartSci_open)
                  0000542c    00000205     libcli_xwr16xx.aer4f : cli_mmwave.oer4f (.text:CLI_MMWaveVersion)
                  00005631    00000001     --HOLE-- [fill = 0]
                  00005632    00000002     libmmwave_xwr16xx.aer4f : mmwave_link.oer4f (.text:MMWave_maskHostIRQ)
                  00005634    00000200     libcrc_xwr16xx.aer4f : crc.oer4f (.text:CRC_open)
                  00005834    0000000c     libuart_xwr16xx.aer4f : UART.oer4f (.text:UART_Params_init)
                  00005840    000001f8     sysbios.aer4f : BIOS.obj (.text:ti_sysbios_family_arm_v7r_vim_Hwi_reconfig__E)
                  00005a38    00000008     libmmwave_xwr16xx.aer4f : mmwave_link.oer4f (.text:MMWave_mboxCallbackFxn)
                  00005a40    000001f8     sysbios.aer4f : BIOS.obj (.text:ti_sysbios_heaps_HeapMem_Instance_init__E)
                  00005c38    000001f0     libDMA_xwr16xx.aer4f : dma.oer4f (.text:DMA_setChannelParams)
                  00005e28    000001e8     mss_srr_cli.obj (.text:SRR_MSS_CLIAdvancedFrameCfg)
                  00006010    000001e8     sysbios.aer4f : BIOS.obj (.text:xdc_runtime_Core_createObject__I)
                  000061f8    000001e4     rtsv7R4_T_le_v3D16_eabi.lib : strtod.obj (.text)
                  000063dc    000001d8     libcli_xwr16xx.aer4f : cli_mmwave.oer4f (.text:CLI_MMWaveChirpCfg)
                  000065b4    000001d4     mss_srr_cli.obj (.text:SRR_MSS_CLIBasicCfg)
                  00006788    000001c8     rtsv7R4_T_le_v3D16_eabi.lib : fopen.obj (.text)
                  00006950    000001c4     sysbios.aer4f : BIOS.obj (.text:ti_sysbios_knl_Clock_workFunc__E)
                  00006b14    000001bc     mss_srr_cli.obj (.text:SRR_MSS_CLIInit)
                  00006cd0    000001b8     sysbios.aer4f : BIOS.obj (.text:ti_sysbios_timers_rti_Timer_Module_startup__E)
                  00006e88    000001a4     libcli_xwr16xx.aer4f : cli_mmwave.oer4f (.text:CLI_MMWaveSubFrameCfg)
                  0000702c    00000004     libmmwave_xwr16xx.aer4f : mmwave_listlib.oer4f (.text:MMWave_listGetHead)
                  00007030    000001a0     sysbios.aer4f : BIOS.obj (.text:ti_sysbios_knl_Swi_run__I)
                  000071d0    00000198     libmmwavelink_xwr16xx.aer4f : rl_driver.oer4f (.text:rlDriverCmdInvoke)
                  00007368    00000008     libosal_xwr16xx.aer4f : SemaphoreP_tirtos.oer4f (.text:SemaphoreP_Params_init)
                  00007370    00000190     sysbios.aer4f : BIOS.obj (.text:ti_sysbios_family_arm_v7r_vim_Hwi_Instance_init__E)
                  00007500    0000018c     mss_main.obj (.text:MmwDemo_mboxReadTask)
                  0000768c    00000004     libmmwave_xwr16xx.aer4f : mmwave_listlib.oer4f (.text:MMWave_listGetNext)
                  00007690    0000018c     sysbios.aer4f : BIOS.obj (.text:xdc_runtime_Core_constructObject__I)
                  0000781c    00000188     mss_srr_per4f.oer4f (.text:xdc_runtime_System_printfExtend__I)
                  000079a4    00000184     libmmwavelink_xwr16xx.aer4f : rl_driver.oer4f (.text:rlDriverRxHdrRead)
                  00007b28    00000008                                 : rl_driver.oer4f (.text:rlDriverGetHandle)
                  00007b30    00000184     sysbios.aer4f : BIOS.obj (.text:xdc_runtime_Startup_startMods__I)
                  00007cb4    0000000c     libuart_xwr16xx.aer4f : uartsci_dma.oer4f (.text:UartSci_isDMAEnabled)
                  00007cc0    00000174     sysbios.aer4f : BIOS.obj (.text:ti_sysbios_family_arm_v7r_vim_Hwi_Module_startup__E)
                  00007e34    0000000c     rtsv7R4_T_le_v3D16_eabi.lib : copy_zero_init.obj (.text:decompress:ZI)
                  00007e40    00000174     sysbios.aer4f : BIOS.obj (.text:ti_sysbios_heaps_HeapBuf_Module_startup__E)
                  00007fb4    0000000c     libmmwavelink_xwr16xx.aer4f : rl_driver.oer4f (.text:rlDriverGetPlatformId)
                  00007fc0    00000174     sysbios.aer4f : BIOS.obj (.text:ti_sysbios_timers_rti_Timer_getFreq__E)
                  00008134    0000000c                   : tms570_Core_asm.obj (.text:ti_sysbios_family_arm_v7r_tms570_Core_getId__E)
                  00008140    00000154                   : BIOS.obj (.text:ti_sysbios_knl_Task_exit__E)
                  00008294    0000014c     libcli_xwr16xx.aer4f : cli_mmwave.oer4f (.text:CLI_MMWaveFrameCfg)
                  000083e0    0000014c                          : cli.oer4f (.text:CLI_task)
                  0000852c    0000014c     libmmwave_xwr16xx.aer4f : mmwave_link.oer4f (.text:MMWave_initMMWaveLink)
                  00008678    0000014a     libuart_xwr16xx.aer4f : uartsci.oer4f (.text:UartSci_ISR)
                  000087c2    0000000e     libosal_xwr16xx.aer4f : SemaphoreP_tirtos.oer4f (.text:SemaphoreP_delete)
                  000087d0    00000148     sysbios.aer4f : BIOS.obj (.text:ti_sysbios_knl_Task_checkStacks__E)
                  00008918    00000008     mss_srr_per4f.oer4f (.text:ti_sysbios_family_arm_TaskSupport_Module__startupDone__S)
                  00008920    00000138     sysbios.aer4f : BIOS.obj (.text:ti_sysbios_knl_Task_schedule__I)
                  00008a58    00000006     libmmwavelink_xwr16xx.aer4f : rl_controller.oer4f (.text:rlGetSubBlockId)
                  00008a5e    00000002     mss_main.obj (.text:SRR_MSS_closeFxn)
                  00008a60    00000130     sysbios.aer4f : BIOS.obj (.text:ti_sysbios_knl_Task_postInit__I)
                  00008b90    00000130                   : BIOS.obj (.text:ti_sysbios_knl_Task_startCore__E)
                  00008cc0    00000128     libcli_xwr16xx.aer4f : cli_mmwave.oer4f (.text:CLI_MMWaveContModeCfg)
                  00008de8    00000128     libmmwavelink_xwr16xx.aer4f : rl_driver.oer4f (.text:rlDriverMsgRead)
                  00008f10    00000124     libcli_xwr16xx.aer4f : cli_mmwave.oer4f (.text:CLI_MMWaveAdvFrameCfg)
                  00009034    0000000a     libosal_xwr16xx.aer4f : MemoryP_tirtos.oer4f (.text:MemoryP_ctrlFree)
                  0000903e    00000002     mss_main.obj (.text:SRR_MSS_openFxn)
                  00009040    00000124     sysbios.aer4f : BIOS.obj (.text:ti_sysbios_gates_GateMutex_enter__E)
                  00009164    0000000a     libosal_xwr16xx.aer4f : SemaphoreP_tirtos.oer4f (.text:SemaphoreP_post)
                  0000916e    00000002     libuart_xwr16xx.aer4f : uartsci.oer4f (.text:UartSci_init)
                  00009170    00000120     sysbios.aer4f : BIOS.obj (.text:ti_sysbios_knl_Swi_post__E)
                  00009290    0000011c                   : BIOS.obj (.text:ti_sysbios_timers_rti_Timer_startup__E)
                  000093ac    00000118     mss_srr_cli.obj (.text:SRR_MSS_CLISensorStart)
                  000094c4    00000114     libmmwavelink_xwr16xx.aer4f : rl_driver.oer4f (.text:rlDriverCmdSendRetry)
                  000095d8    0000010c     libmmwave_xwr16xx.aer4f : mmwave_xwr16xx.oer4f (.text:MMWave_deviceInitFxn)
                  000096e4    00000108     libmailbox_xwr16xx.aer4f : mailbox.oer4f (.text:Mailbox_write)
                  000097ec    00000004     libmmwave_xwr16xx.aer4f : mmwave_link.oer4f (.text:MMWave_mboxClose)
                  000097f0    00000108     sysbios.aer4f : BIOS.obj (.text:ti_sysbios_knl_Semaphore_Instance_init__E)
                  000098f8    00000104     libmmwave_xwr16xx.aer4f : mmwave_link.oer4f (.text:MMWave_startLink)
                  000099fc    00000100     libcli_xwr16xx.aer4f : cli_mmwave.oer4f (.text:CLI_MMWaveBPMCfgAdvanced)
                  00009afc    00000100     libmmwave_xwr16xx.aer4f : mmwave_link.oer4f (.text:MMWave_openLink)
                  00009bfc    00000100     libmmwavelink_xwr16xx.aer4f : rl_driver.oer4f (.text:rlDriverInit)
                  00009cfc    00000004     libmmwave_xwr16xx.aer4f : mmwave_link.oer4f (.text:MMWave_mboxRead)
                  00009d00    00000100     sysbios.aer4f : BIOS.obj (.text:xdc_runtime_Text_putMod__E)
                  00009e00    000000fc     libcrc_xwr16xx.aer4f : crc.oer4f (.text:CRC_computeSignature)
                  00009efc    000000fc     libDMA_xwr16xx.aer4f : dma.oer4f (.text:DMA_disableInterrupt)
                  00009ff8    00000006     libmmwavelink_xwr16xx.aer4f : rl_controller.oer4f (.text:rlGetSubBlockLen)
                  00009ffe    00000002     rtsv7R4_T_le_v3D16_eabi.lib : i_div0.obj (.text)
                  0000a000    000000fc     sysbios.aer4f : BIOS.obj (.text:ti_sysbios_knl_Task_blockI__E)
                  0000a0fc    000000f8     libmmwavelink_xwr16xx.aer4f : rl_driver.oer4f (.text:rlDriverRdVerifyMsg)
                  0000a1f4    0000000a     libuart_xwr16xx.aer4f : UART.oer4f (.text:UART_read)
                  0000a1fe    00000002     --HOLE-- [fill = 0]
                  0000a200    000000f6     sysbios.aer4f : BIOS.obj (.text:xdc_runtime_Text_putSite__E)
                  0000a2f6    0000000a     libuart_xwr16xx.aer4f : UART.oer4f (.text:UART_write)
                  0000a300    000000f4     sysbios.aer4f : BIOS.obj (.text:ti_sysbios_family_arm_v7r_vim_Hwi_mapChannel__I)
                  0000a3f4    0000000a     libuart_xwr16xx.aer4f : UART.oer4f (.text:UART_writePolling)
                  0000a3fe    00000002     --HOLE-- [fill = 0]
                  0000a400    000000f4     sysbios.aer4f : BIOS.obj (.text:ti_sysbios_knl_Task_unblockI__E)
                  0000a4f4    000000ec     mss_srr_cli.obj (.text:SRR_MSS_CLISensorStop)
                  0000a5e0    000000ec     auto_init.aer4f : auto_init.oer4f (.text)
                  0000a6cc    000000ec     rtsv7R4_T_le_v3D16_eabi.lib : s_scalbn.obj (.text)
                  0000a7b8    000000e4     libDMA_xwr16xx.aer4f : dma.oer4f (.text:DMA_clearChannelInterruptFlag)
                  0000a89c    000000e4     libmmwave_xwr16xx.aer4f : mmwave_link.oer4f (.text:MMWave_asyncEventHandler)
                  0000a980    000000e0     libcli_xwr16xx.aer4f : cli.oer4f (.text:CLI_open)
                  0000aa60    000000dc     rtsv7R4_T_le_v3D16_eabi.lib : setvbuf.obj (.text)
                  0000ab3c    00000004     libmmwave_xwr16xx.aer4f : mmwave_link.oer4f (.text:MMWave_registerInterruptHandler)
                  0000ab40    000000dc     sysbios.aer4f : BIOS.obj (.text:ti_sysbios_family_arm_v7r_vim_Hwi_initIntController__I)
                  0000ac1c    00000004     libmmwave_xwr16xx.aer4f : mmwave_link.oer4f (.text:MMWave_unmaskHostIRQ)
                  0000ac20    000000dc     sysbios.aer4f : BIOS.obj (.text:xdc_runtime_Memory_alloc__E)
                  0000acfc    000000d8     libDMA_xwr16xx.aer4f : dma.oer4f (.text:DMA_enableInterrupt)
                  0000add4    000000d8     libmmwave_xwr16xx.aer4f : mmwave.oer4f (.text:MMWave_init)
                  0000aeac    000000d4     libmailbox_xwr16xx.aer4f : mailbox.oer4f (.text:Mailbox_read)
                  0000af80    000000d0     libsoc_xwr16xx.aer4f : soc_xwr16xx_mss.oer4f (.text:SOC_controlSecureFirewall)
                  0000b050    000000d0     sysbios.aer4f : exc_Exception_asm.obj (.text:ti_sysbios_family_arm_exc_Exception_excHandlerAsm__I)
                  0000b120    000000cc     libmmwavelink_xwr16xx.aer4f : rl_sensor.oer4f (.text:rlSetChirpConfig)
                  0000b1ec    000000cc     rtsv7R4_T_le_v3D16_eabi.lib : fflush.obj (.text)
                  0000b2b8    00000004     libmmwave_xwr16xx.aer4f : mmwave_link.oer4f (.text:MMWave_waitIRQStatus)
                  0000b2bc    00000004     mss_srr_per4f.oer4f (.text:ti_sysbios_BIOS_RtsGateProxy_enter__E)
                  0000b2c0    000000cc     sysbios.aer4f : BIOS.obj (.text:ti_sysbios_timers_rti_Timer_initDevice__I)
                  0000b38c    000000c8     libmmwave_xwr16xx.aer4f : mmwave_fullcfg.oer4f (.text:MMWave_addChirp)
                  0000b454    000000c8                             : mmwave_fullcfg.oer4f (.text:MMWave_flushCfg)
                  0000b51c    00000004     mss_srr_per4f.oer4f (.text:ti_sysbios_BIOS_RtsGateProxy_leave__E)
                  0000b520    000000c4     sysbios.aer4f : BIOS.obj (.text:ti_sysbios_family_arm_v7r_vim_Hwi_Instance_finalize__E)
                  0000b5e4    000000c0     libmmwavelink_xwr16xx.aer4f : rl_sensor.oer4f (.text:rlSetFrameConfig)
                  0000b6a4    000000bc     libcli_xwr16xx.aer4f : cli.oer4f (.text:CLI_help)
                  0000b760    000000bc     libmmwave_xwr16xx.aer4f : mmwave_link.oer4f (.text:MMWave_computeCRC)
                  0000b81c    000000bc     mss_main.obj (.text:main)
                  0000b8d8    000000bc     rtsv7R4_T_le_v3D16_eabi.lib : open.obj (.text)
                  0000b994    00000004     mss_srr_per4f.oer4f (.text:ti_sysbios_BIOS_nullFunc__I)
                  0000b998    00000004     mss_srr_per4f.oer4f (.text:ti_sysbios_family_arm_v7r_vim_Hwi_delete)
                  0000b99c    00000004     mss_srr_per4f.oer4f (.text:ti_sysbios_heaps_HeapMem_Module_GateProxy_enter__E)
                  0000b9a0    000000bc     sysbios.aer4f : BIOS.obj (.text:xdc_runtime_Core_deleteObject__I)
                  0000ba5c    000000b8     libmmwavelink_xwr16xx.aer4f : rl_driver.oer4f (.text:rlDriverMsgWrite)
                  0000bb14    000000b6     libsoc_xwr16xx.aer4f : soc_mpu.o (.text)
                  0000bbca    00000002     --HOLE-- [fill = 0]
                  0000bbcc    00000004     mss_srr_per4f.oer4f (.text:ti_sysbios_heaps_HeapMem_Module_GateProxy_leave__E)
                  0000bbd0    000000b4     sysbios.aer4f : BIOS.obj (.text:ti_sysbios_knl_Swi_restoreHwi__E)
                  0000bc84    000000b2     libuart_xwr16xx.aer4f : uartsci_dma.oer4f (.text:UartSci_openDMA)
                  0000bd36    00000002     --HOLE-- [fill = 0]
                  0000bd38    000000b0     libmmwave_xwr16xx.aer4f : mmwave_fullcfg.oer4f (.text:MMWave_addProfile)
                  0000bde8    000000b0     libmmwavelink_xwr16xx.aer4f : rl_sensor.oer4f (.text:rlSetProfileConfig)
                  0000be98    000000ae     rtsv7R4_T_le_v3D16_eabi.lib : _io_perm.obj (.text)
                  0000bf46    00000002     --HOLE-- [fill = 0]
                  0000bf48    000000ac     libesm_xwr16xx.aer4f : esm.oer4f (.text:ESM_processInterrupt)
                  0000bff4    00000004     mss_srr_per4f.oer4f (.text:ti_sysbios_knl_Clock_TimerProxy_getMaxTicks__E)
                  0000bff8    00000004     mss_srr_per4f.oer4f (.text:ti_sysbios_knl_Semaphore_delete)
                  0000bffc    00000004     mss_srr_per4f.oer4f (.text:xdc_runtime_Startup_reset__I)
                  0000c000    000000ac     sysbios.aer4f : BIOS.obj (.text:xdc_runtime_Text_visitRope2__I)
                  0000c0ac    000000a8     libcli_xwr16xx.aer4f : cli_mmwave.oer4f (.text:CLI_MMWaveExtensionHelp)
                  0000c154    000000a8     libpinmux_xwr16xx.aer4f : pinmux.oer4f (.text:Pinmux_Set_OverrideCtrl)
                  0000c1fc    000000a8     libmmwavelink_xwr16xx.aer4f : rl_sensor.oer4f (.text:rlSetAdvFrameConfig)
                  0000c2a4    00000004     mss_srr_per4f.oer4f (.text:xdc_runtime_System_Module_GateProxy_enter__E)
                  0000c2a8    00000004     mss_srr_per4f.oer4f (.text:xdc_runtime_System_Module_GateProxy_leave__E)
                  0000c2ac    00000004     --HOLE-- [fill = 0]
                  0000c2b0    000000a8     sysbios.aer4f : BIOS.obj (.text:ti_sysbios_knl_Swi_schedule__I)
                  0000c358    00000008                   : BIOS.obj (.tramp.ti_sysbios_family_arm_v7r_vim_Hwi_enableInterrupt__E.1)
                  0000c360    000000a8                   : BIOS.obj (.text:xdc_runtime_Error_print__E)
                  0000c408    000000a4     libDMA_xwr16xx.aer4f : dma.oer4f (.text:DMA_assignChannel)
                  0000c4ac    000000a4                          : dma.oer4f (.text:DMA_getChannelInterruptFlag)
                  0000c550    000000a4     libesm_xwr16xx.aer4f : esm.oer4f (.text:ESM_init)
                  0000c5f4    000000a4     libmmwave_xwr16xx.aer4f : mmwave_fullcfg.oer4f (.text:MMWave_addBpmChirp)
                  0000c698    000000a4                             : mmwave.oer4f (.text:MMWave_start)
                  0000c73c    000000a4     libsoc_xwr16xx.aer4f : soc_xwr16xx_mss.oer4f (.text:SOC_unhaltDSS)
                  0000c7e0    000000a0                          : soc.oer4f (.text:SOC_registerSysIntListener)
                  0000c880    000000a0     libmmwavelink_xwr16xx.aer4f : rl_driver.oer4f (.text:rlDriverWaitForResponse)
                  0000c920    000000a0     sysbios.aer4f : BIOS.obj (.text:xdc_runtime_Startup_exec__E)
                  0000c9c0    0000009f                   : BIOS.obj (.text:xdc_runtime_Text_putLab__E)
                  0000ca5f    00000001     --HOLE-- [fill = 0]
                  0000ca60    0000009c     libmmwave_xwr16xx.aer4f : mmwave_fullcfg.oer4f (.text:MMWave_getProfileHandle)
                  0000cafc    0000009c     libuart_xwr16xx.aer4f : uartsci.oer4f (.text:UartSci_write)
                  0000cb98    0000009c     rtsv7R4_T_le_v3D16_eabi.lib : memcpy_t2.obj (.text)
                  0000cc34    0000000c                                 : fputc.obj (.tramp.putchar.1)
                  0000cc40    0000009c     sysbios.aer4f : BIOS.obj (.text:ti_sysbios_heaps_HeapMem_alloc__E)
                  0000ccdc    00000004     --HOLE-- [fill = 0]
                  0000cce0    0000009c                   : BIOS.obj (.text:ti_sysbios_knl_Clock_logTick__E)
                  0000cd7c    00000098     rtsv7R4_T_le_v3D16_eabi.lib : fclose.obj (.text)
                  0000ce14    00000098                                 : fputc.obj (.text)
                  0000ceac    00000098     sysbios.aer4f : vim_Hwi_asm_switch.obj (.text)
                  0000cf44    00000008                   : BIOS.obj (.tramp.ti_sysbios_family_arm_v7r_vim_Hwi_disableInterrupt__E.1)
                  0000cf4c    00000004     --HOLE-- [fill = 0]
                  0000cf50    00000098                   : BIOS.obj (.text:xdc_runtime_Assert_raise__I)
                  0000cfe8    00000096     libuart_xwr16xx.aer4f : uartsci.oer4f (.text:UartSci_readChar)
                  0000d07e    00000002     --HOLE-- [fill = 0]
                  0000d080    00000094     libmmwavelink_xwr16xx.aer4f : rl_driver.oer4f (.text:rlDriverDeInit)
                  0000d114    00000094                                 : rl_driver.oer4f (.text:rlDriverMsgReadCmdCtx)
                  0000d1a8    00000094     sysbios.aer4f : vim_Hwi_asm.obj (.text:ti_sysbios_family_arm_v7r_vim_Hwi_dispatchIRQ__I)
                  0000d23c    00000093     mss_main.obj (.text:SRR_MSS_eventFxn)
                  0000d2cf    00000001     --HOLE-- [fill = 0]
                  0000d2d0    00000090     libgpio_xwr16xx.aer4f : gpio.oer4f (.text:GPIO_init)
                  0000d360    00000090     libmailbox_xwr16xx.aer4f : mailbox.oer4f (.text:Mailbox_close)
                  0000d3f0    00000090     libuart_xwr16xx.aer4f : uartsci_dma.oer4f (.text:UartSci_initiateTxDMA)
                  0000d480    00000090                           : uartsci.oer4f (.text:UartSci_read)
                  0000d510    00000090     sysbios.aer4f : BIOS.obj (.text:ti_sysbios_timers_rti_Timer_setPeriodMicroSecs__E)
                  0000d5a0    00000090                   : BIOS.obj (.text:xdc_runtime_Core_assignLabel__I)
                  0000d630    0000008c     libcli_xwr16xx.aer4f : cli_mmwave.oer4f (.text:CLI_MMWaveDataOutputMode)
                  0000d6bc    0000008c     libsoc_xwr16xx.aer4f : soc_xwr16xx.oer4f (.text:SOC_translateAddress)
                  0000d748    0000008c     libuart_xwr16xx.aer4f : uartsci_dma.oer4f (.text:UartSci_initiateRxDMA)
                  0000d7d4    0000008c     libmmwavelink_xwr16xx.aer4f : rl_device.oer4f (.text:rlDevicePowerOn)
                  0000d860    0000008c                                 : rl_driver.oer4f (.text:rlDriverMsgCmdReply)
                  0000d8ec    00000004     --HOLE-- [fill = 0]
                  0000d8f0    0000008c     sysbios.aer4f : BIOS.obj (.text:ti_sysbios_knl_Swi_runLoop__I)
                  0000d97c    00000088     rtsv7R4_T_le_v3D16_eabi.lib : vsnprintf.obj (.text)
                  0000da04    00000088     mss_srr_per4f.oer4f (.text:ti_sysbios_family_arm_v7r_vim_Hwi_create)
                  0000da8c    00000084     libmmwave_xwr16xx.aer4f : mmwave_xwr16xx.oer4f (.text:MMWave_deviceCfgAsyncEvent)
                  0000db10    00000084                             : mmwave_xwr16xx.oer4f (.text:MMWave_deviceEventFxn)
                  0000db94    00000008     sysbios.aer4f : BIOS.obj (.tramp.xdc_runtime_Memory_free__E.1)
                  0000db9c    00000004     --HOLE-- [fill = 0]
                  0000dba0    00000084                   : BIOS.obj (.text:ti_sysbios_heaps_HeapMem_getStats__E)
                  0000dc24    0000000c     rtsv7R4_T_le_v3D16_eabi.lib : fflush.obj (.tramp.fflush.1)
                  0000dc30    00000084     sysbios.aer4f : BIOS.obj (.text:ti_sysbios_knl_Swi_startup__E)
                  0000dcb4    00000080     libcli_xwr16xx.aer4f : cli_mmwave.oer4f (.text:CLI_MMWaveChannelCfg)
                  0000dd34    00000080     cfg.obj (.text:Cfg_ProfileCfgInitParams)
                  0000ddb4    00000080     libuart_xwr16xx.aer4f : uartsci.oer4f (.text:UartSci_writePolling)
                  0000de34    00000080     libmmwavelink_xwr16xx.aer4f : rl_driver.oer4f (.text:rlDriverExecuteGetApi)
                  0000deb4    00000080     mss_srr_per4f.oer4f (.text:ti_sysbios_knl_Task_create)
                  0000df34    0000007e     libosal_xwr16xx.aer4f : HwiP_tirtos.oer4f (.text:HwiP_create)
                  0000dfb2    00000002     --HOLE-- [fill = 0]
                  0000dfb4    0000007c     cfg.obj (.text:Cfg_AdvFrameCfgInitParams)
                  0000e030    0000007c     libmailbox_xwr16xx.aer4f : mailbox.oer4f (.text:Mailbox_init)
                  0000e0ac    0000007c     libuart_xwr16xx.aer4f : uartsci.oer4f (.text:UartSci_readPolling)
                  0000e128    0000007c     sysbios.aer4f : arm_TaskSupport_asm.obj (.text:_ti_sysbios_family_arm_TaskSupport_buildTaskStack)
                  0000e1a4    00000008                   : BIOS.obj (.tramp.ti_sysbios_knl_Semaphore_post__E.1)
                  0000e1ac    00000004     --HOLE-- [fill = 0]
                  0000e1b0    0000007c                   : BIOS.obj (.text:ti_sysbios_family_arm_v7r_vim_Hwi_phantomIntHandler__I)
                  0000e22c    0000007a     rtsv7R4_T_le_v3D16_eabi.lib : memset_t2.obj (.text)
                  0000e2a6    00000002     --HOLE-- [fill = 0]
                  0000e2a8    00000078     libcli_xwr16xx.aer4f : cli_mmwave.oer4f (.text:CLI_MMWaveADCCfg)
                  0000e320    00000078     libmmwave_xwr16xx.aer4f : mmwave_xwr16xx.oer4f (.text:MMWave_deviceOpenFxn)
                  0000e398    00000078                             : mmwave.oer4f (.text:MMWave_open)
                  0000e410    00000078     sysbios.aer4f : BIOS.obj (.text:xdc_runtime_System_exit__E)
                  0000e488    00000074     libmmwave_xwr16xx.aer4f : mmwave_xwr16xx.oer4f (.text:MMWave_deviceStartFxn)
                  0000e4fc    00000074     libsoc_xwr16xx.aer4f : soc.oer4f (.text:SOC_init)
                  0000e570    00000074     boot.aer4f : boot.oer4f (.text)
                  0000e5e4    00000074     libmmwavelink_xwr16xx.aer4f : rl_driver.oer4f (.text:rlDriverAsyncEventHandler)
                  0000e658    00000074                                 : rl_driver.oer4f (.text:rlDriverProcRdMsg)
                  0000e6cc    00000074     rtsv7R4_T_le_v3D16_eabi.lib : getdevice.obj (.text)
                  0000e740    00000074                                 : s_frexp.obj (.text)
                  0000e7b4    00000072     libmmwavelink_xwr16xx.aer4f : rl_driver.oer4f (.text:rlDriverClientCbCheck)
                  0000e826    00000070     cfg.obj (.text:Cfg_ChirpCfgInitParams)
                  0000e896    00000002     --HOLE-- [fill = 0]
                  0000e898    00000008     sysbios.aer4f : BIOS.obj (.tramp.xdc_runtime_Assert_raise__I.1)
                  0000e8a0    00000070                   : BIOS.obj (.text:ti_sysbios_family_arm_v7r_vim_Hwi_getStackInfo__E)
                  0000e910    00000070                   : BIOS.obj (.text:xdc_runtime_Text_xprintf__I)
                  0000e980    0000006c     libDMA_xwr16xx.aer4f : dma.oer4f (.text:DMA_disableChannel)
                  0000e9ec    0000006c     libmmwave_xwr16xx.aer4f : mmwave_link.oer4f (.text:MMWave_spawn)
                  0000ea58    0000006c                             : mmwave_link.oer4f (.text:MMWave_stopLink)
                  0000eac4    0000006c     libpinmux_xwr16xx.aer4f : pinmux.oer4f (.text:Pinmux_Set_FuncSel)
                  0000eb30    0000006c     rtsv7R4_T_le_v3D16_eabi.lib : copy_decompress_lzss.obj (.text:decompress:lzss)
                  0000eb9c    0000006c                                 : trgmsg.obj (.text)
                  0000ec08    00000008     sysbios.aer4f : BIOS.obj (.tramp.ti_sysbios_knl_Event_post__E.1)
                  0000ec10    0000006c                   : BIOS.obj (.text:ti_sysbios_heaps_HeapMem_init__I)
                  0000ec7c    00000004     --HOLE-- [fill = 0]
                  0000ec80    0000006c                   : BIOS.obj (.text:ti_sysbios_knl_Task_allBlockedFunction__I)
                  0000ecec    00000004     --HOLE-- [fill = 0]
                  0000ecf0    0000006c                   : BIOS.obj (.text:xdc_runtime_System_atexit__E)
                  0000ed5c    0000006a     libuart_xwr16xx.aer4f : uartsci.oer4f (.text:UartSci_control)
                  0000edc6    00000002     --HOLE-- [fill = 0]
                  0000edc8    00000068     libDMA_xwr16xx.aer4f : dma.oer4f (.text:DMA_enableChannel)
                  0000ee30    00000068     libmmwave_xwr16xx.aer4f : mmwave_xwr16xx.oer4f (.text:MMWave_deviceStopFxn)
                  0000ee98    00000068     libmailbox_xwr16xx.aer4f : mailbox.oer4f (.text:Mailbox_readFlush)
                  0000ef00    00000068     libmmwavelink_xwr16xx.aer4f : rl_driver.oer4f (.text:rlDriverExecuteSetApi)
                  0000ef68    00000068                                 : rl_driver.oer4f (.text:rlDriverHostIrqHandler)
                  0000efd0    00000068     rtsv7R4_T_le_v3D16_eabi.lib : hostlseek.obj (.text)
                  0000f038    00000068                                 : hostrename.obj (.text)
                  0000f0a0    00000068     sysbios.aer4f : BIOS.obj (.text:ti_sysbios_family_arm_v7r_tms570_Core_Module_startup__E)
                  0000f108    00000066     libmmwavelink_xwr16xx.aer4f : rl_device.oer4f (.text:rlDevicePowerOff)
                  0000f16e    00000002     --HOLE-- [fill = 0]
                  0000f170    00000064     libcli_xwr16xx.aer4f : cli_mmwave.oer4f (.text:CLI_MMWaveLowPowerCfg)
                  0000f1d4    00000064     libosal_xwr16xx.aer4f : SemaphoreP_tirtos.oer4f (.text:SemaphoreP_create)
                  0000f238    00000064     rtsv7R4_T_le_v3D16_eabi.lib : fseek.obj (.text)
                  0000f29c    00000064     sysbios.aer4f : exc_Exception_asm.obj (.text:ti_sysbios_family_arm_exc_Exception_initCore0__I)
                  0000f300    00000064                   : BIOS.obj (.text:ti_sysbios_hal_Hwi_checkStack)
                  0000f364    0000000c     rtsv7R4_T_le_v3D16_eabi.lib : memset_t2.obj (.tramp.memset.1)
                  0000f370    00000064     sysbios.aer4f : BIOS.obj (.text:xdc_runtime_Core_assignParams__I)
                  0000f3d4    00000060     libcli_xwr16xx.aer4f : cli_mmwave.oer4f (.text:CLI_MMWaveExtensionHandler)
                  0000f434    0000000c     rtsv7R4_T_le_v3D16_eabi.lib : cpy_tbl.obj (.tramp.copy_in.1)
                  0000f440    00000060     sysbios.aer4f : BIOS.obj (.text:ti_sysbios_timers_rti_Timer_stop__E)
                  0000f4a0    0000005e     libuart_xwr16xx.aer4f : uartsci.oer4f (.text:UartSci_writeChar)
                  0000f4fe    00000002     --HOLE-- [fill = 0]
                  0000f500    0000005c     libmmwave_xwr16xx.aer4f : mmwave_link.oer4f (.text:MMWave_mboxOpen)
                  0000f55c    0000005c                             : mmwave.oer4f (.text:MMWave_stop)
                  0000f5b8    0000005c     mss_main.obj (.text:SRR_MSS_mmWaveCtrlTask)
                  0000f614    0000005c     rtsv7R4_T_le_v3D16_eabi.lib : hostopen.obj (.text)
                  0000f670    0000005c                                 : hostread.obj (.text)
                  0000f6cc    0000005a     libuart_xwr16xx.aer4f : uartsci.oer4f (.text:UartSci_readCancel)
                  0000f726    0000005a     libmmwavelink_xwr16xx.aer4f : rl_driver.oer4f (.text:rlDriverCalChkSum)
                  0000f780    00000058     libesm_xwr16xx.aer4f : esm.oer4f (.text:ESM_highpriority_FIQ)
                  0000f7d8    00000058     libmmwave_xwr16xx.aer4f : mmwave.oer4f (.text:MMWave_execute)
                  0000f830    00000058                             : mmwave_link.oer4f (.text:MMWave_initCRC)
                  0000f888    00000058     libuart_xwr16xx.aer4f : uartsci_dma.oer4f (.text:UartSci_closeDMA)
                  0000f8e0    00000058     libmmwavelink_xwr16xx.aer4f : rl_driver.oer4f (.text:rlDriverMsgReadSpawnCtx)
                  0000f938    00000058     rtsv7R4_T_le_v3D16_eabi.lib : close.obj (.text)
                  0000f990    00000058                                 : hostwrite.obj (.text)
                  0000f9e8    00000008     --HOLE-- [fill = 0]
                  0000f9f0    00000058     sysbios.aer4f : BIOS.obj (.text:ti_sysbios_family_arm_TaskSupport_start__E)
                  0000fa48    00000058     mss_srr_per4f.oer4f (.text:ti_sysbios_rts_gnu_MemAlloc_alloc)
                  0000faa0    00000058     sysbios.aer4f : BIOS.obj (.text:ti_sysbios_timers_rti_Timer_setPeriod__E)
                  0000faf8    00000056     libmmwavelink_xwr16xx.aer4f : rl_driver.oer4f (.text:rlDriverOsiCbCheck)
                  0000fb4e    00000002     --HOLE-- [fill = 0]
                  0000fb50    00000054     libcrc_xwr16xx.aer4f : crc.oer4f (.text:CRC_getTransactionId)
                  0000fba4    00000054     libDMA_xwr16xx.aer4f : dma.oer4f (.text:DMA_freeChannel)
                  0000fbf8    00000054     libmmwave_xwr16xx.aer4f : mmwave_link.oer4f (.text:MMWave_initLink)
                  0000fc4c    00000054     rtsv7R4_T_le_v3D16_eabi.lib : ltoa.obj (.text)
                  0000fca0    00000054     sysbios.aer4f : BIOS.obj (.text:ti_sysbios_hal_Hwi_initStack)
                  0000fcf4    00000054     mss_srr_per4f.oer4f (.text:ti_sysbios_knl_Semaphore_create)
                  0000fd48    00000008     --HOLE-- [fill = 0]
                  0000fd50    00000053     sysbios.aer4f : BIOS.obj (.text:xdc_runtime_Text_printVisFxn__I)
                  0000fda3    00000001     --HOLE-- [fill = 0]
                  0000fda4    00000050     libcrc_xwr16xx.aer4f : crc.oer4f (.text:CRC_getSignature)
                  0000fdf4    00000050     libmmwave_xwr16xx.aer4f : mmwave.oer4f (.text:MMWave_sync)
                  0000fe44    00000050     libmmwavelink_xwr16xx.aer4f : rl_driver.oer4f (.text:rlDeviceIdentifyCmdDir)
                  0000fe94    00000050                                 : rl_driver.oer4f (.text:rlDriverVerifyCRC)
                  0000fee4    00000050     rtsv7R4_T_le_v3D16_eabi.lib : atoi.obj (.text)
                  0000ff34    00000050                                 : exit.obj (.text)
                  0000ff84    00000050                                 : u_div32.obj (.text)
                  0000ffd4    0000000c     --HOLE-- [fill = 0]
                  0000ffe0    00000050     sysbios.aer4f : BIOS.obj (.text:ti_sysbios_knl_Semaphore_pendTimeout__I)
                  00010030    0000004c     libmailbox_xwr16xx.aer4f : mailbox.oer4f (.text:Mailbox_boxEmptyISRProcessing)
                  0001007c    0000004c     libuart_xwr16xx.aer4f : uartsci.oer4f (.text:UartSci_writeCancel)
                  000100c8    0000004c     rtsv7R4_T_le_v3D16_eabi.lib : cpy_tbl.obj (.text)
                  00010114    0000004c     mss_srr_per4f.oer4f (.text:ti_sysbios_gates_GateHwi_Object__create__S)
                  00010160    0000004c     mss_srr_per4f.oer4f (.text:ti_sysbios_gates_GateMutex_Object__create__S)
                  000101ac    0000004c     mss_srr_per4f.oer4f (.text:ti_sysbios_heaps_HeapMem_Object__create__S)
                  000101f8    0000004c     mss_srr_per4f.oer4f (.text:ti_sysbios_knl_Semaphore_construct)
                  00010244    0000004a     libmailbox_xwr16xx.aer4f : mailbox.oer4f (.text:Mailbox_boxFullISRProcessing)
                  0001028e    00000002     --HOLE-- [fill = 0]
                  00010290    00000048     libcli_xwr16xx.aer4f : cli.oer4f (.text:CLI_write)
                  000102d8    00000048     libmmwavelink_xwr16xx.aer4f : rl_device.oer4f (.text:rlDeviceGetVersion)
                  00010320    00000048                                 : rl_driver.oer4f (.text:rlDriverOsiInit)
                  00010368    00000046     libmailbox_xwr16xx.aer4f : mailbox.oer4f (.text:CSL_FINSR)
                  000103ae    00000044     libcrc_xwr16xx.aer4f : crc.oer4f (.text:CRC_resetSignature)
                  000103f2    00000002     --HOLE-- [fill = 0]
                  000103f4    00000044     libmailbox_xwr16xx.aer4f : mailbox.oer4f (.text:Mailbox_boxFullISRMssDss)
                  00010438    00000044     mss_main.obj (.text:SRR_MSS_chirpIntCallback)
                  0001047c    00000044     mss_main.obj (.text:SRR_MSS_frameStartIntCallback)
                  000104c0    00000044     rtsv7R4_T_le_v3D16_eabi.lib : hostclose.obj (.text)
                  00010504    00000044                                 : hostunlink.obj (.text)
                  00010548    00000044     mss_srr_per4f.oer4f (.text:ti_sysbios_BIOS_atExitFunc__I)
                  0001058c    00000004     --HOLE-- [fill = 0]
                  00010590    00000044     sysbios.aer4f : BIOS.obj (.text:ti_sysbios_heaps_HeapMem_free__E)
                  000105d4    00000044     mss_srr_per4f.oer4f (.text:ti_sysbios_knl_Clock_doTick__I)
                  00010618    00000044     mss_srr_per4f.oer4f (.text:ti_sysbios_knl_Queue_construct)
                  0001065c    00000004     --HOLE-- [fill = 0]
                  00010660    00000044     sysbios.aer4f : BIOS.obj (.text:ti_sysbios_knl_Swi_Module_startup__E)
                  000106a4    0000000c     --HOLE-- [fill = 0]
                  000106b0    00000044                   : BIOS.obj (.text:ti_sysbios_knl_Task_restoreHwi__E)
                  000106f4    0000000c     --HOLE-- [fill = 0]
                  00010700    00000044                   : BIOS.obj (.text:ti_sysbios_timers_rti_Timer_periodicStub__E)
                  00010744    00000042     libmmwave_xwr16xx.aer4f : mmwave_link.oer4f (.text:MMWave_executeLink)
                  00010786    00000040     libmmwavelink_xwr16xx.aer4f : rl_driver.oer4f (.text:rlDriverValidateHdr)
                  000107c6    00000002     --HOLE-- [fill = 0]
                  000107c8    00000040     rtsv7R4_T_le_v3D16_eabi.lib : strtok.obj (.text)
                  00010808    0000003e     libDMA_xwr16xx.aer4f : dma.oer4f (.text:CSL_FINSR)
                  00010846    0000003e     libcrc_xwr16xx.aer4f : crc.oer4f (.text:CSL_FINSR)
                  00010884    0000003e     libpinmux_xwr16xx.aer4f : pinmux.oer4f (.text:CSL_FINSR)
                  000108c2    0000003e     libsoc_xwr16xx.aer4f : soc.oer4f (.text:CSL_FINSR)
                  00010900    0000003e                          : soc_xwr16xx.oer4f (.text:CSL_FINSR)
                  0001093e    0000003e                          : soc_xwr16xx_mss.oer4f (.text:CSL_FINSR)
                  0001097c    0000003e     libuart_xwr16xx.aer4f : uartsci.oer4f (.text:CSL_FINSR)
                  000109ba    0000003e                           : uartsci.oer4f (.text:UartSci_close)
                  000109f8    0000003c     libcli_xwr16xx.aer4f : cli_mmwave.oer4f (.text:CLI_MMWaveFlushCfg)
                  00010a34    0000003c     libmailbox_xwr16xx.aer4f : mailbox.oer4f (.text:Mailbox_writeReset)
                  00010a70    0000003c     libsoc_xwr16xx.aer4f : soc.oer4f (.text:SOC_unhaltBSS)
                  00010aac    0000003c     libmmwavelink_xwr16xx.aer4f : rl_controller.oer4f (.text:rlGetSubBlock)
                  00010ae8    0000003c     sysbios.aer4f : vim_Hwi_asm.obj (.text:ti_sysbios_family_arm_v7r_vim_Hwi_init__I)
                  00010b24    0000000c     --HOLE-- [fill = 0]
                  00010b30    0000003c                   : BIOS.obj (.text:xdc_runtime_System_aprintf_va__F)
                  00010b6c    0000003a     libosal_xwr16xx.aer4f : HwiP_tirtos.oer4f (.text:HwiP_delete)
                  00010ba6    00000002     --HOLE-- [fill = 0]
                  00010ba8    00000038     libuart_xwr16xx.aer4f : UART.oer4f (.text:UART_init)
                  00010be0    00000038     mss_srr_per4f.oer4f (.text:ti_sysbios_BIOS_startFunc__I)
                  00010c18    00000008     --HOLE-- [fill = 0]
                  00010c20    00000038     sysbios.aer4f : BIOS.obj (.text:xdc_runtime_System_printf_va__F)
                  00010c58    00000036     libmmwavelink_xwr16xx.aer4f : rl_controller.oer4f (.text:rlAppendSubBlock)
                  00010c8e    00000036     rtsv7R4_T_le_v3D16_eabi.lib : strncpy.obj (.text)
                  00010cc4    00000034     libmmwave_xwr16xx.aer4f : mmwave_link.oer4f (.text:MMWave_mboxWrite)
                  00010cf8    00000034     libsoc_xwr16xx.aer4f : soc_xwr16xx_mss.oer4f (.text:SOC_isSecureDevice)
                  00010d2c    00000034                          : soc_xwr16xx.oer4f (.text:SOC_setMMWaveDSSLinkState)
                  00010d60    00000034                          : soc_xwr16xx.oer4f (.text:SOC_setMMWaveMSSLinkState)
                  00010d94    00000034     libuart_xwr16xx.aer4f : UART.oer4f (.text:UART_open)
                  00010dc8    00000034     mss_srr_per4f.oer4f (.text:ti_sysbios_BIOS_errorRaiseHook__I)
                  00010dfc    00000034     mss_srr_per4f.oer4f (.text:ti_sysbios_BIOS_registerRTSLock__I)
                  00010e30    00000034     mss_srr_per4f.oer4f (.text:ti_sysbios_BIOS_removeRTSLock__I)
                  00010e64    00000034     mss_srr_per4f.oer4f (.text:ti_sysbios_family_arm_v7r_vim_Hwi_Object__delete__S)
                  00010e98    00000034     mss_srr_per4f.oer4f (.text:ti_sysbios_gates_GateMutex_Object__delete__S)
                  00010ecc    00000004     --HOLE-- [fill = 0]
                  00010ed0    00000034     sysbios.aer4f : BIOS.obj (.text:ti_sysbios_knl_Clock_Module_startup__E)
                  00010f04    0000000c     --HOLE-- [fill = 0]
                  00010f10    00000034                   : BIOS.obj (.text:ti_sysbios_knl_Idle_run__E)
                  00010f44    00000034     mss_srr_per4f.oer4f (.text:ti_sysbios_knl_Semaphore_Object__delete__S)
                  00010f78    00000008     --HOLE-- [fill = 0]
                  00010f80    00000034     sysbios.aer4f : BIOS.obj (.text:xdc_runtime_SysStd_abort__E)
                  00010fb4    00000032     libcrc_xwr16xx.aer4f : crc.oer4f (.text:CRC_getCRCDataSelectBitValue)
                  00010fe6    00000002     --HOLE-- [fill = 0]
                  00010fe8    00000032                          : crc.oer4f (.text:CRC_getCRCTypeBitValue)
                  0001101a    00000002     --HOLE-- [fill = 0]
                  0001101c    00000030     cfg.obj (.text:Cfg_FrameCfgInitParams)
                  0001104c    00000030     libmmwave_xwr16xx.aer4f : mmwave_listlib.oer4f (.text:MMWave_listRemoveNode)
                  0001107c    00000030     libmmwavelink_xwr16xx.aer4f : rl_sensor.oer4f (.text:rlSensorStart)
                  000110ac    00000030     mss_srr_per4f.oer4f (.text:ti_sysbios_BIOS_rtsLock__I)
                  000110dc    00000004     --HOLE-- [fill = 0]
                  000110e0    00000030     sysbios.aer4f : BIOS.obj (.text:ti_sysbios_family_arm_v7r_vim_Hwi_disableInterrupt__E)
                  00011110    00000030                   : BIOS.obj (.text:ti_sysbios_family_arm_v7r_vim_Hwi_enableInterrupt__E)
                  00011140    00000030     mss_srr_per4f.oer4f (.text:ti_sysbios_gates_GateHwi_Object__delete__S)
                  00011170    00000030     sysbios.aer4f : BIOS.obj (.text:ti_sysbios_gates_GateMutex_Instance_init__E)
                  000111a0    00000030     mss_srr_per4f.oer4f (.text:ti_sysbios_heaps_HeapMem_Object__delete__S)
                  000111d0    0000002c     libgpio_xwr16xx.aer4f : gpio.oer4f (.text:GPIO_HighPriorityISR)
                  000111fc    0000002c                           : gpio.oer4f (.text:GPIO_LowPriorityISR)
                  00011228    0000002c     libmmwave_xwr16xx.aer4f : mmwave_osal.oer4f (.text:MMWave_osalMutexCreate)
                  00011254    0000002c                             : mmwave_osal.oer4f (.text:MMWave_osalSemCreate)
                  00011280    0000002c     libsoc_xwr16xx.aer4f : soc_xwr16xx_mss.oer4f (.text:SOC_waitBSSPowerUp)
                  000112ac    0000002c     libmmwavelink_xwr16xx.aer4f : rl_device.oer4f (.text:rlDeviceGetMssVersion)
                  000112d8    0000002c                                 : rl_sensor.oer4f (.text:rlSensorStop)
                  00011304    0000002c     rtsv7R4_T_le_v3D16_eabi.lib : unlink.obj (.text)
                  00011330    0000002c     mss_srr_per4f.oer4f (.text:ti_sysbios_gates_GateHwi_Handle__label__S)
                  0001135c    0000002c     mss_srr_per4f.oer4f (.text:ti_sysbios_gates_GateMutex_Handle__label__S)
                  00011388    0000002c     mss_srr_per4f.oer4f (.text:ti_sysbios_heaps_HeapMem_Handle__label__S)
                  000113b4    0000002c     mss_srr_per4f.oer4f (.text:ti_sysbios_knl_Semaphore_destruct)
                  000113e0    0000002c     sysbios.aer4f : BIOS.obj (.text:ti_sysbios_knl_Task_enter__I)
                  0001140c    0000002a     libsoc_xwr16xx.aer4f : soc.oer4f (.text:SOC_SystemISR)
                  00011436    0000002a     rtsv7R4_T_le_v3D16_eabi.lib : strspn.obj (.text)
                  00011460    00000028     libmailbox_xwr16xx.aer4f : mailbox.oer4f (.text:Mailbox_Config_init)
                  00011488    00000028     libuart_xwr16xx.aer4f : uartsci_dma.oer4f (.text:UartSci_RxDMACallbackFxn)
                  000114b0    00000028                           : uartsci_dma.oer4f (.text:UartSci_TxDMACallbackFxn)
                  000114d8    00000028     mss_srr_per4f.oer4f (.text:free)
                  00011500    00000028     libmmwavelink_xwr16xx.aer4f : rl_device.oer4f (.text:rlDeviceGetMmWaveLinkVersion)
                  00011528    00000028                                 : rl_driver.oer4f (.text:rlDriverConstructInMsg)
                  00011550    00000028     rtsv7R4_T_le_v3D16_eabi.lib : lseek.obj (.text)
                  00011578    00000028                                 : write.obj (.text)
                  000115a0    00000028     mss_srr_per4f.oer4f (.text:ti_sysbios_BIOS_rtsUnlock__I)
                  000115c8    00000028     mss_srr_per4f.oer4f (.text:ti_sysbios_family_arm_v7r_vim_Hwi_Module__startupDone__F)
                  000115f0    00000028     sysbios.aer4f : BIOS.obj (.text:ti_sysbios_gates_GateMutex_leave__E)
                  00011618    00000028     mss_srr_per4f.oer4f (.text:ti_sysbios_knl_Queue_destruct)
                  00011640    00000028     mss_srr_per4f.oer4f (.text:ti_sysbios_timers_rti_Timer_Module__startupDone__F)
                  00011668    00000008     --HOLE-- [fill = 0]
                  00011670    00000028     sysbios.aer4f : BIOS.obj (.text:xdc_runtime_Error_init__E)
                  00011698    00000028     mss_srr_per4f.oer4f (.text:xdc_runtime_System_aprintf__E)
                  000116c0    00000028     mss_srr_per4f.oer4f (.text:xdc_runtime_System_printf__E)
                  000116e8    00000026     libmmwavelink_xwr16xx.aer4f : rl_sensor.oer4f (.text:rlRfInitCalibConfig)
                  0001170e    00000026                                 : rl_sensor.oer4f (.text:rlRfRunTimeCalibConfig)
                  00011734    00000026                                 : rl_sensor.oer4f (.text:rlRfSetCalMonFreqLimitConfig)
                  0001175a    00000026                                 : rl_sensor.oer4f (.text:rlRfSetDeviceCfg)
                  00011780    00000026                                 : rl_sensor.oer4f (.text:rlSetAdcOutConfig)
                  000117a6    00000026                                 : rl_sensor.oer4f (.text:rlSetChannelConfig)
                  000117cc    00000024     libcrc_xwr16xx.aer4f : crc.oer4f (.text:CRC_isTransactionIdValid)
                  000117f0    00000024     cfg.obj (.text:Cfg_ADCOutCfgInitParams)
                  00011814    00000024     libgpio_xwr16xx.aer4f : gpio.oer4f (.text:GPIO_processInterrupt)
                  00011838    00000024     libsoc_xwr16xx.aer4f : soc_xwr16xx.oer4f (.text:SOC_isMMWaveDSSOperational)
                  0001185c    00000024                          : soc_xwr16xx.oer4f (.text:SOC_isMMWaveMSSOperational)
                  00011880    00000024     libmmwavelink_xwr16xx.aer4f : rl_sensor.oer4f (.text:rlEnableContMode)
                  000118a4    00000024                                 : rl_sensor.oer4f (.text:rlRfSetCalMonTimeUnitConfig)
                  000118c8    00000024                                 : rl_sensor.oer4f (.text:rlSetLowPowerModeConfig)
                  000118ec    00000022     libuart_xwr16xx.aer4f : uartsci.oer4f (.text:UartSci_disableRxDMA)
                  0001190e    00000022                           : uartsci.oer4f (.text:UartSci_enableRxDMA)
                  00011930    00000022     rtsv7R4_T_le_v3D16_eabi.lib : strcspn.obj (.text)
                  00011952    00000002     --HOLE-- [fill = 0]
                  00011954    00000020     libcli_xwr16xx.aer4f : cli_mmwave.oer4f (.text:CLI_MMWaveExtensionInit)
                  00011974    00000020     libesm_xwr16xx.aer4f : esm.oer4f (.text:ESM_lowpriority_IRQ)
                  00011994    00000020     libmmwave_xwr16xx.aer4f : mmwave_listlib.oer4f (.text:MMWave_listCat)
                  000119b4    00000020     mss_main.obj (.text:MmwDemo_mboxWrite)
                  000119d4    00000020     libpinmux_xwr16xx.aer4f : pinmux.oer4f (.text:Pinmux_Unlock)
                  000119f4    00000020     libmmwavelink_xwr16xx.aer4f : rl_sensor.oer4f (.text:rlRfInit)
                  00011a14    00000020     mss_srr_per4f.oer4f (.text:ti_sysbios_BIOS_exitFunc__I)
                  00011a34    0000000c     --HOLE-- [fill = 0]
                  00011a40    00000020     sysbios.aer4f : BIOS.obj (.text:ti_sysbios_family_arm_v7r_vim_Hwi_clearInterrupt__E)
                  00011a60    00000020                   : BIOS.obj (.text:ti_sysbios_knl_Task_sleepTimeout__I)
                  00011a80    0000001e     libmmwave_xwr16xx.aer4f : mmwave_fullcfg.oer4f (.text:MMWave_internalDelChirp)
                  00011a9e    0000001e     libsoc_xwr16xx.aer4f : soc_xwr16xx_mss.oer4f (.text:SOC_getOutAddr_LUTType)
                  00011abc    0000001c     libcrc_xwr16xx.aer4f : crc.oer4f (.text:CRC_releaseTransactionId)
                  00011ad8    0000001c     libDMA_xwr16xx.aer4f : dma.oer4f (.text:CSL_FEXTR)
                  00011af4    0000001c     libmmwave_xwr16xx.aer4f : mmwave.oer4f (.text:CSL_FEXTR)
                  00011b10    0000001c     libsoc_xwr16xx.aer4f : soc_xwr16xx.oer4f (.text:CSL_FEXTR)
                  00011b2c    0000001c                          : soc_xwr16xx_mss.oer4f (.text:CSL_FEXTR)
                  00011b48    0000001c     libuart_xwr16xx.aer4f : uartsci.oer4f (.text:CSL_FEXTR)
                  00011b64    0000001c     libmmwave_xwr16xx.aer4f : mmwave_listlib.oer4f (.text:MMWave_listRemove)
                  00011b80    0000001c     libsoc_xwr16xx.aer4f : soc_xwr16xx_mss.oer4f (.text:SOC_getInAddr_LUTType)
                  00011b9c    0000001c     sysbios.aer4f : arm_TaskSupport_asm.obj (.text:_ti_sysbios_family_arm_TaskSupport_glue)
                  00011bb8    0000001c     rtsv7R4_T_le_v3D16_eabi.lib : memccpy.obj (.text)
                  00011bd4    0000001c     mss_srr_per4f.oer4f (.text:ti_sysbios_heaps_HeapMem_Object__get__S)
                  00011bf0    0000001c     mss_srr_per4f.oer4f (.text:ti_sysbios_knl_Swi_Object__get__S)
                  00011c0c    0000001c     mss_srr_per4f.oer4f (.text:xdc_runtime_Startup_exec__I)
                  00011c28    0000001a     libsoc_xwr16xx.aer4f : soc.oer4f (.text:CSL_FEXTR)
                  00011c42    0000001a     cfg.obj (.text:Cfg_ChannelCfgInitParams)
                  00011c5c    0000001a     libmmwave_xwr16xx.aer4f : mmwave_xwr16xx.oer4f (.text:MMWave_deviceSyncFxn)
                  00011c76    0000001a                             : mmwave.oer4f (.text:MMWave_encodeError)
                  00011c90    0000001a                             : mmwave_listlib.oer4f (.text:MMWave_listAdd)
                  00011caa    00000002     --HOLE-- [fill = 0]
                  00011cac    0000001a     mss_main.obj (.text:SRR_MSS_cfgFxn)
                  00011cc6    0000001a     rtsv7R4_T_le_v3D16_eabi.lib : s_copysign.obj (.text)
                  00011ce0    00000018     libmmwave_xwr16xx.aer4f : mmwave_osal.oer4f (.text:MMWave_osalMutexLock)
                  00011cf8    00000018                             : mmwave_osal.oer4f (.text:MMWave_osalSemWait)
                  00011d10    00000018     libmailbox_xwr16xx.aer4f : mailbox.oer4f (.text:Mailbox_boxEmptyISRBss)
                  00011d28    00000018                              : mailbox.oer4f (.text:Mailbox_boxEmptyISRMssDss)
                  00011d40    00000018                              : mailbox.oer4f (.text:Mailbox_boxFullISRBss)
                  00011d58    00000018     mss_main.obj (.text:SRR_MSS_startFxn)
                  00011d70    00000018     sysbios.aer4f : arm_TaskSupport_asm.obj (.text:_ti_sysbios_family_arm_TaskSupport_swap__E)
                  00011d88    00000018     libmmwavelink_xwr16xx.aer4f : rl_device.oer4f (.text:rlDeviceGetRfVersion)
                  00011da0    00000018                                 : rl_driver.oer4f (.text:rlDriverCalCRC)
                  00011db8    00000018                                 : rl_driver.oer4f (.text:rlDriverFillPayload)
                  00011dd0    00000018                                 : rl_driver.oer4f (.text:rlDriverIsDeviceMapValid)
                  00011de8    00000018     rtsv7R4_T_le_v3D16_eabi.lib : args_main.obj (.text)
                  00011e00    00000018                                 : strcmp.obj (.text)
                  00011e18    00000008     --HOLE-- [fill = 0]
                  00011e20    00000018     sysbios.aer4f : BIOS.obj (.text:ti_sysbios_BIOS_setThreadType__E)
                  00011e38    00000008     --HOLE-- [fill = 0]
                  00011e40    00000018                   : BIOS.obj (.text:ti_sysbios_BIOS_start__E)
                  00011e58    00000008     --HOLE-- [fill = 0]
                  00011e60    00000018                   : BIOS.obj (.text:ti_sysbios_hal_Hwi_Module_startup__E)
                  00011e78    00000018     mss_srr_per4f.oer4f (.text:ti_sysbios_heaps_HeapBuf_Object__get__S)
                  00011e90    00000018     sysbios.aer4f : BIOS.obj (.text:ti_sysbios_knl_Idle_loop__E)
                  00011ea8    00000008     --HOLE-- [fill = 0]
                  00011eb0    00000018                   : BIOS.obj (.text:ti_sysbios_knl_Queue_empty__E)
                  00011ec8    00000008     --HOLE-- [fill = 0]
                  00011ed0    00000018                   : BIOS.obj (.text:ti_sysbios_knl_Swi_disable__E)
                  00011ee8    00000018     mss_srr_per4f.oer4f (.text:ti_sysbios_knl_Task_Object__get__S)
                  00011f00    00000018     sysbios.aer4f : BIOS.obj (.text:ti_sysbios_knl_Task_disable__E)
                  00011f18    00000018     mss_srr_per4f.oer4f (.text:xdc_runtime_Text_visitRope__I)
                  00011f30    00000016     rtsv7R4_T_le_v3D16_eabi.lib : strchr.obj (.text)
                  00011f46    00000016                                 : strlen.obj (.text)
                  00011f5c    00000014     libosal_xwr16xx.aer4f : HwiP_tirtos.oer4f (.text:HwiP_Params_init)
                  00011f70    00000014     libmmwave_xwr16xx.aer4f : mmwave_fullcfg.oer4f (.text:MMWave_internalDelBpmChirp)
                  00011f84    00000014                             : mmwave_fullcfg.oer4f (.text:MMWave_internalDelProfile)
                  00011f98    00000014                             : mmwave_osal.oer4f (.text:MMWave_osalMutexDelete)
                  00011fac    00000014                             : mmwave_osal.oer4f (.text:MMWave_osalSemDelete)
                  00011fc0    00000014     libpinmux_xwr16xx.aer4f : pinmux.oer4f (.text:Pinmux_Lock)
                  00011fd4    00000014     libuart_xwr16xx.aer4f : uartsci.oer4f (.text:UartSci_disableTxDMA)
                  00011fe8    00000014                           : uartsci.oer4f (.text:UartSci_enableTxDMA)
                  00011ffc    00000014     libosal_xwr16xx.aer4f : DebugP_tirtos.oer4f (.text:_DebugP_assert)
                  00012010    00000014     libmmwavelink_xwr16xx.aer4f : rl_controller.oer4f (.text:rlAppendDummy)
                  00012024    00000014     rtsv7R4_T_le_v3D16_eabi.lib : _lock.obj (.text)
                  00012038    00000014                                 : strcpy.obj (.text)
                  0001204c    00000004     --HOLE-- [fill = 0]
                  00012050    00000014     sysbios.aer4f : BIOS.obj (.text:ti_sysbios_family_arm_TaskSupport_checkStack__E)
                  00012064    0000000c     --HOLE-- [fill = 0]
                  00012070    00000014                   : BIOS.obj (.text:ti_sysbios_family_arm_v7r_vim_Hwi_switchFromBootStack__E)
                  00012084    0000000c     --HOLE-- [fill = 0]
                  00012090    00000014                   : BIOS.obj (.text:ti_sysbios_gates_GateMutex_Instance_finalize__E)
                  000120a4    0000000c     --HOLE-- [fill = 0]
                  000120b0    00000014                   : BIOS.obj (.text:ti_sysbios_knl_Semaphore_Instance_finalize__E)
                  000120c4    00000014     mss_srr_per4f.oer4f (.text:xdc_runtime_IHeap_alloc)
                  000120d8    00000014     mss_srr_per4f.oer4f (.text:xdc_runtime_IHeap_free)
                  000120ec    00000004     --HOLE-- [fill = 0]
                  000120f0    00000014     sysbios.aer4f : BIOS.obj (.text:xdc_runtime_Memory_free__E)
                  00012104    00000012     libcrc_xwr16xx.aer4f : crc.oer4f (.text:CRC_initConfigParams)
                  00012116    00000012     cfg.obj (.text:Cfg_LowPowerModeInitParams)
                  00012128    00000012     libosal_xwr16xx.aer4f : MemoryP_tirtos.oer4f (.text:MemoryP_ctrlAlloc)
                  0001213a    00000012                           : SemaphoreP_tirtos.oer4f (.text:SemaphoreP_pend)
                  0001214c    00000010     libcrc_xwr16xx.aer4f : crc.oer4f (.text:CRC_getSignatureRegister)
                  0001215c    00000010     libmmwave_xwr16xx.aer4f : mmwave_xwr16xx.oer4f (.text:MMWave_deviceGetDeviceInfo)
                  0001216c    00000010     mss_main.obj (.text:SRR_MSS_stopFxn)
                  0001217c    00000004     --HOLE-- [fill = 0]
                  00012180    00000010     sysbios.aer4f : BIOS.obj (.text:ti_sysbios_family_arm_TaskSupport_getStackAlignment__E)
                  00012190    00000010                   : BIOS.obj (.text:ti_sysbios_family_arm_exc_Exception_Module_startup__E)
                  000121a0    00000010     mss_srr_per4f.oer4f (.text:ti_sysbios_family_arm_v7r_vim_Hwi_Params__init__S)
                  000121b0    00000010     mss_srr_per4f.oer4f (.text:ti_sysbios_knl_Queue_Object__get__S)
                  000121c0    00000010     mss_srr_per4f.oer4f (.text:ti_sysbios_knl_Semaphore_Params__init__S)
                  000121d0    00000010     mss_srr_per4f.oer4f (.text:ti_sysbios_knl_Task_Params__init__S)
                  000121e0    00000010     sysbios.aer4f : BIOS.obj (.text:xdc_runtime_Startup_rtsDone__E)
                  000121f0    0000000e     rtsv7R4_T_le_v3D16_eabi.lib : copy_decompress_none.obj (.text:decompress:none)
                  000121fe    00000002     --HOLE-- [fill = 0]
                  00012200    0000000c     sysbios.aer4f : BIOS.obj (.text:ti_sysbios_family_arm_v7r_vim_Hwi_startup__E)
                  0001220c    00000004     --HOLE-- [fill = 0]
                  00012210    0000000c                   : BIOS.obj (.text:ti_sysbios_gates_GateHwi_enter__E)
                  0001221c    00000004     --HOLE-- [fill = 0]
                  00012220    0000000c                   : BIOS.obj (.text:ti_sysbios_knl_Queue_Instance_init__E)
                  0001222c    00000004     --HOLE-- [fill = 0]
                  00012230    0000000c                   : BIOS.obj (.text:xdc_runtime_SysStd_exit__E)
                  0001223c    00000004     --HOLE-- [fill = 0]
                  00012240    00000008                   : BIOS.obj (.text:ti_sysbios_gates_GateHwi_leave__E)
                  00012248    00000008     --HOLE-- [fill = 0]
                  00012250    00000008                   : BIOS.obj (.text:ti_sysbios_gates_GateHwi_query__E)
                  00012258    00000008     --HOLE-- [fill = 0]
                  00012260    00000008                   : BIOS.obj (.text:ti_sysbios_gates_GateMutex_query__E)
                  00012268    00000008     --HOLE-- [fill = 0]
                  00012270    00000008                   : BIOS.obj (.text:ti_sysbios_heaps_HeapMem_isBlocking__E)
                  00012278    00000008     --HOLE-- [fill = 0]
                  00012280    00000008                   : BIOS.obj (.text:ti_sysbios_timers_rti_Timer_getMaxTicks__E)
                  00012288    00000008     --HOLE-- [fill = 0]
                  00012290    00000008                   : BIOS.obj (.text:xdc_runtime_SysStd_ready__E)
                  00012298    00000008     --HOLE-- [fill = 0]
                  000122a0    00000008                   : BIOS.obj (.text:xdc_runtime_System_Module_startup__E)
                  000122a8    00000008     --HOLE-- [fill = 0]
                  000122b0    00000004                   : BIOS.obj (.text:ti_sysbios_BIOS_linkedWithIncorrectBootLibrary__E)
                  000122b4    0000000c     --HOLE-- [fill = 0]
                  000122c0    00000004                   : BIOS.obj (.text:ti_sysbios_gates_GateHwi_Instance_init__E)
                  000122c4    0000000c     --HOLE-- [fill = 0]
                  000122d0    00000004                   : BIOS.obj (.text:ti_sysbios_knl_Task_startup__E)
                  000122d4    0000000c     --HOLE-- [fill = 0]
                  000122e0    00000004                   : BIOS.obj (.text:xdc_runtime_SysStd_putch__E)

.const     0    000122e8    00002696     
                  000122e8    00001a17     mss_srr_per4f.oer4f (.const:xdc_runtime_Text_charTab__A)
                  00013cff    00000001     --HOLE-- [fill = 0]
                  00013d00    00000254     libmmwavelink_xwr16xx.aer4f : rl_sensor.oer4f (.const:$O1$$)
                  00013f54    00000101     rtsv7R4_T_le_v3D16_eabi.lib : ctype.obj (.const:.string:_ctypes_)
                  00014055    00000001     --HOLE-- [fill = 0]
                  00014056    000000d0     mss_srr_per4f.oer4f (.const:xdc_runtime_Text_nodeTab__A)
                  00014126    00000002     mss_srr_per4f.oer4f (.const:ti_sysbios_family_arm_exc_Exception_Module__id__C)
                  00014128    000000a0     libcli_xwr16xx.aer4f : cli_mmwave.oer4f (.const:.string)
                  000141c8    00000098     rtsv7R4_T_le_v3D16_eabi.lib : strtod.obj (.const:$O1$$)
                  00014260    00000080     mss_srr_per4f.oer4f (.const:ti_sysbios_family_arm_v7r_vim_Hwi_channelMap__A)
                  000142e0    00000078     libmmwavelink_xwr16xx.aer4f : rl_driver.oer4f (.const:$O2$$)
                  00014358    00000048     mss_srr_per4f.oer4f (.const:.string)
                  000143a0    0000003c     libuart_xwr16xx.aer4f : UART.oer4f (.const:UART_defaultParams)
                  000143dc    0000003c     mss_srr_per4f.oer4f (.const:ti_sysbios_knl_Task_Object__PARAMS__C)
                  00014418    00000030     mss_srr_per4f.oer4f (.const:ti_sysbios_family_arm_v7r_vim_Hwi_Object__PARAMS__C)
                  00014448    00000028     mss_srr_per4f.oer4f (.const:ti_sysbios_heaps_HeapMem_Module__FXNS__C)
                  00014470    00000028     mss_srr_per4f.oer4f (.const:xdc_runtime_Startup_sfxnTab__A)
                  00014498    00000024     libmailbox_xwr16xx.aer4f : mailbox.oer4f (.const:Mailbox_defaultCfg)
                  000144bc    00000024     mss_srr_per4f.oer4f (.const:ti_sysbios_gates_GateHwi_Module__FXNS__C)
                  000144e0    00000024     mss_srr_per4f.oer4f (.const:ti_sysbios_gates_GateMutex_Module__FXNS__C)
                  00014504    00000024     mss_srr_per4f.oer4f (.const:ti_sysbios_heaps_HeapMem_Object__PARAMS__C)
                  00014528    00000024     mss_srr_per4f.oer4f (.const:ti_sysbios_knl_Semaphore_Object__PARAMS__C)
                  0001454c    00000020     mss_srr_per4f.oer4f (.const:ti_sysbios_family_arm_v7r_vim_Hwi_Object__DESC__C)
                  0001456c    00000020     mss_srr_per4f.oer4f (.const:ti_sysbios_gates_GateHwi_Object__DESC__C)
                  0001458c    00000020     mss_srr_per4f.oer4f (.const:ti_sysbios_gates_GateMutex_Object__DESC__C)
                  000145ac    00000020     mss_srr_per4f.oer4f (.const:ti_sysbios_heaps_HeapMem_Object__DESC__C)
                  000145cc    00000020     mss_srr_per4f.oer4f (.const:ti_sysbios_knl_Queue_Object__DESC__C)
                  000145ec    00000020     mss_srr_per4f.oer4f (.const:ti_sysbios_knl_Semaphore_Object__DESC__C)
                  0001460c    00000020     mss_srr_per4f.oer4f (.const:ti_sysbios_knl_Task_Object__DESC__C)
                  0001462c    00000018     mss_srr_per4f.oer4f (.const:ti_sysbios_gates_GateHwi_Object__PARAMS__C)
                  00014644    00000018     mss_srr_per4f.oer4f (.const:ti_sysbios_gates_GateMutex_Object__PARAMS__C)
                  0001465c    00000018     mss_srr_per4f.oer4f (.const:ti_sysbios_knl_Queue_Object__PARAMS__C)
                  00014674    00000014     mss_srr_per4f.oer4f (.const:xdc_runtime_Startup_sfxnRts__A)
                  00014688    00000010     mss_srr_per4f.oer4f (.const:ti_sysbios_family_arm_v7r_vim_Hwi_intReqEnaSet__A)
                  00014698    00000010     mss_srr_per4f.oer4f (.const:ti_sysbios_family_arm_v7r_vim_Hwi_wakeEnaSet__A)
                  000146a8    00000008     mss_srr_per4f.oer4f (.const:ti_sysbios_knl_Idle_funcList__C)
                  000146b0    00000008     mss_srr_per4f.oer4f (.const:xdc_runtime_Startup_firstFxns__A)
                  000146b8    00000008     mss_srr_per4f.oer4f (.const:xdc_runtime_Startup_firstFxns__C)
                  000146c0    00000008     mss_srr_per4f.oer4f (.const:xdc_runtime_Startup_lastFxns__C)
                  000146c8    00000004     libcli_xwr16xx.aer4f : cli.oer4f (.const:.string:$P$T0$1)
                  000146cc    00000004     mss_srr_per4f.oer4f (.const:ti_sysbios_family_arm_TaskSupport_stackAlignment__C)
                  000146d0    00000004     mss_srr_per4f.oer4f (.const:ti_sysbios_family_arm_exc_Exception_E_dataAbort__C)
                  000146d4    00000004     mss_srr_per4f.oer4f (.const:ti_sysbios_family_arm_exc_Exception_E_prefetchAbort__C)
                  000146d8    00000004     mss_srr_per4f.oer4f (.const:ti_sysbios_family_arm_exc_Exception_E_swi__C)
                  000146dc    00000004     mss_srr_per4f.oer4f (.const:ti_sysbios_family_arm_exc_Exception_E_undefinedInstruction__C)
                  000146e0    00000004     mss_srr_per4f.oer4f (.const:ti_sysbios_family_arm_exc_Exception_excHookFuncs__A)
                  000146e4    00000004     mss_srr_per4f.oer4f (.const:ti_sysbios_family_arm_exc_Exception_excHookFuncs__C)
                  000146e8    00000004     mss_srr_per4f.oer4f (.const:ti_sysbios_family_arm_v7r_tms570_Core_E_mismatchedIds__C)
                  000146ec    00000004     mss_srr_per4f.oer4f (.const:ti_sysbios_family_arm_v7r_tms570_Core_id__C)
                  000146f0    00000004     mss_srr_per4f.oer4f (.const:ti_sysbios_family_arm_v7r_vim_Hwi_A_badChannelId__C)
                  000146f4    00000004     mss_srr_per4f.oer4f (.const:ti_sysbios_family_arm_v7r_vim_Hwi_E_alreadyDefined__C)
                  000146f8    00000004     mss_srr_per4f.oer4f (.const:ti_sysbios_family_arm_v7r_vim_Hwi_E_badIntNum__C)
                  000146fc    00000004     mss_srr_per4f.oer4f (.const:ti_sysbios_family_arm_v7r_vim_Hwi_E_phantomInterrupt__C)
                  00014700    00000004     mss_srr_per4f.oer4f (.const:ti_sysbios_family_arm_v7r_vim_Hwi_E_undefined__C)
                  00014704    00000004     mss_srr_per4f.oer4f (.const:ti_sysbios_family_arm_v7r_vim_Hwi_E_unsupportedMaskingOption__C)
                  00014708    00000004     mss_srr_per4f.oer4f (.const:ti_sysbios_family_arm_v7r_vim_Hwi_LD_end__C)
                  0001470c    00000004     mss_srr_per4f.oer4f (.const:ti_sysbios_family_arm_v7r_vim_Hwi_LM_begin__C)
                  00014710    00000004     mss_srr_per4f.oer4f (.const:ti_sysbios_family_arm_v7r_vim_Hwi_Module__diagsEnabled__C)
                  00014714    00000004     mss_srr_per4f.oer4f (.const:ti_sysbios_family_arm_v7r_vim_Hwi_Module__diagsIncluded__C)
                  00014718    00000004     mss_srr_per4f.oer4f (.const:ti_sysbios_family_arm_v7r_vim_Hwi_Module__diagsMask__C)
                  0001471c    00000004     mss_srr_per4f.oer4f (.const:ti_sysbios_family_arm_v7r_vim_Hwi_Module__loggerFxn1__C)
                  00014720    00000004     mss_srr_per4f.oer4f (.const:ti_sysbios_family_arm_v7r_vim_Hwi_Module__loggerFxn8__C)
                  00014724    00000004     mss_srr_per4f.oer4f (.const:ti_sysbios_family_arm_v7r_vim_Hwi_Module__loggerObj__C)
                  00014728    00000004     mss_srr_per4f.oer4f (.const:ti_sysbios_family_arm_v7r_vim_Hwi_NUM_INTERRUPTS__C)
                  0001472c    00000004     mss_srr_per4f.oer4f (.const:ti_sysbios_family_arm_v7r_vim_Hwi_channelMap__C)
                  00014730    00000004     mss_srr_per4f.oer4f (.const:ti_sysbios_family_arm_v7r_vim_Hwi_intReqEnaSet__C)
                  00014734    00000004     mss_srr_per4f.oer4f (.const:ti_sysbios_family_arm_v7r_vim_Hwi_phantomFunc__C)
                  00014738    00000004     mss_srr_per4f.oer4f (.const:ti_sysbios_family_arm_v7r_vim_Hwi_swiDisable__C)
                  0001473c    00000004     mss_srr_per4f.oer4f (.const:ti_sysbios_family_arm_v7r_vim_Hwi_swiRestoreHwi__C)
                  00014740    00000004     mss_srr_per4f.oer4f (.const:ti_sysbios_family_arm_v7r_vim_Hwi_taskDisable__C)
                  00014744    00000004     mss_srr_per4f.oer4f (.const:ti_sysbios_family_arm_v7r_vim_Hwi_taskRestoreHwi__C)
                  00014748    00000004     mss_srr_per4f.oer4f (.const:ti_sysbios_family_arm_v7r_vim_Hwi_wakeEnaSet__C)
                  0001474c    00000004     mss_srr_per4f.oer4f (.const:ti_sysbios_gates_GateMutex_A_badContext__C)
                  00014750    00000004     mss_srr_per4f.oer4f (.const:ti_sysbios_gates_GateMutex_Instance_State_sem__O)
                  00014754    00000004     mss_srr_per4f.oer4f (.const:ti_sysbios_gates_GateMutex_Module__diagsEnabled__C)
                  00014758    00000004     mss_srr_per4f.oer4f (.const:ti_sysbios_gates_GateMutex_Module__diagsIncluded__C)
                  0001475c    00000004     mss_srr_per4f.oer4f (.const:ti_sysbios_gates_GateMutex_Module__diagsMask__C)
                  00014760    00000004     mss_srr_per4f.oer4f (.const:ti_sysbios_hal_Hwi_E_stackOverflow__C)
                  00014764    00000004     mss_srr_per4f.oer4f (.const:ti_sysbios_heaps_HeapBuf_Instance_State_freeList__O)
                  00014768    00000004     mss_srr_per4f.oer4f (.const:ti_sysbios_heaps_HeapBuf_Object__count__C)
                  0001476c    00000004     mss_srr_per4f.oer4f (.const:ti_sysbios_heaps_HeapBuf_numConstructedHeaps__C)
                  00014770    00000004     mss_srr_per4f.oer4f (.const:ti_sysbios_heaps_HeapMem_A_align__C)
                  00014774    00000004     mss_srr_per4f.oer4f (.const:ti_sysbios_heaps_HeapMem_A_heapSize__C)
                  00014778    00000004     mss_srr_per4f.oer4f (.const:ti_sysbios_heaps_HeapMem_A_invalidFree__C)
                  0001477c    00000004     mss_srr_per4f.oer4f (.const:ti_sysbios_heaps_HeapMem_A_zeroBlock__C)
                  00014780    00000004     mss_srr_per4f.oer4f (.const:ti_sysbios_heaps_HeapMem_E_memory__C)
                  00014784    00000004     mss_srr_per4f.oer4f (.const:ti_sysbios_heaps_HeapMem_Module__diagsEnabled__C)
                  00014788    00000004     mss_srr_per4f.oer4f (.const:ti_sysbios_heaps_HeapMem_Module__diagsIncluded__C)
                  0001478c    00000004     mss_srr_per4f.oer4f (.const:ti_sysbios_heaps_HeapMem_Module__diagsMask__C)
                  00014790    00000004     mss_srr_per4f.oer4f (.const:ti_sysbios_heaps_HeapMem_Module__gateObj__C)
                  00014794    00000004     mss_srr_per4f.oer4f (.const:ti_sysbios_heaps_HeapMem_Object__count__C)
                  00014798    00000004     mss_srr_per4f.oer4f (.const:ti_sysbios_heaps_HeapMem_reqAlign__C)
                  0001479c    00000004     mss_srr_per4f.oer4f (.const:ti_sysbios_knl_Clock_LM_begin__C)
                  000147a0    00000004     mss_srr_per4f.oer4f (.const:ti_sysbios_knl_Clock_LM_tick__C)
                  000147a4    00000004     mss_srr_per4f.oer4f (.const:ti_sysbios_knl_Clock_LW_delayed__C)
                  000147a8    00000004     mss_srr_per4f.oer4f (.const:ti_sysbios_knl_Clock_Module_State_clockQ__O)
                  000147ac    00000004     mss_srr_per4f.oer4f (.const:ti_sysbios_knl_Clock_Module__diagsEnabled__C)
                  000147b0    00000004     mss_srr_per4f.oer4f (.const:ti_sysbios_knl_Clock_Module__diagsIncluded__C)
                  000147b4    00000004     mss_srr_per4f.oer4f (.const:ti_sysbios_knl_Clock_Module__diagsMask__C)
                  000147b8    00000004     mss_srr_per4f.oer4f (.const:ti_sysbios_knl_Clock_Module__loggerFxn1__C)
                  000147bc    00000004     mss_srr_per4f.oer4f (.const:ti_sysbios_knl_Clock_Module__loggerFxn2__C)
                  000147c0    00000004     mss_srr_per4f.oer4f (.const:ti_sysbios_knl_Clock_Module__loggerObj__C)
                  000147c4    00000004     mss_srr_per4f.oer4f (.const:ti_sysbios_knl_Event_A_nullEventId__C)
                  000147c8    00000004     mss_srr_per4f.oer4f (.const:ti_sysbios_knl_Event_Instance_State_pendQ__O)
                  000147cc    00000004     mss_srr_per4f.oer4f (.const:ti_sysbios_knl_Event_LM_post__C)
                  000147d0    00000004     mss_srr_per4f.oer4f (.const:ti_sysbios_knl_Event_Module__diagsEnabled__C)
                  000147d4    00000004     mss_srr_per4f.oer4f (.const:ti_sysbios_knl_Event_Module__diagsIncluded__C)
                  000147d8    00000004     mss_srr_per4f.oer4f (.const:ti_sysbios_knl_Event_Module__diagsMask__C)
                  000147dc    00000004     mss_srr_per4f.oer4f (.const:ti_sysbios_knl_Event_Module__loggerFxn4__C)
                  000147e0    00000004     mss_srr_per4f.oer4f (.const:ti_sysbios_knl_Event_Module__loggerObj__C)
                  000147e4    00000004     mss_srr_per4f.oer4f (.const:ti_sysbios_knl_Idle_funcList__A)
                  000147e8    00000004     mss_srr_per4f.oer4f (.const:ti_sysbios_knl_Semaphore_A_badContext__C)
                  000147ec    00000004     mss_srr_per4f.oer4f (.const:ti_sysbios_knl_Semaphore_A_noEvents__C)
                  000147f0    00000004     mss_srr_per4f.oer4f (.const:ti_sysbios_knl_Semaphore_A_overflow__C)
                  000147f4    00000004     mss_srr_per4f.oer4f (.const:ti_sysbios_knl_Semaphore_A_pendTaskDisabled__C)
                  000147f8    00000004     mss_srr_per4f.oer4f (.const:ti_sysbios_knl_Semaphore_Instance_State_pendQ__O)
                  000147fc    00000004     mss_srr_per4f.oer4f (.const:ti_sysbios_knl_Semaphore_LM_pend__C)
                  00014800    00000004     mss_srr_per4f.oer4f (.const:ti_sysbios_knl_Semaphore_LM_post__C)
                  00014804    00000004     mss_srr_per4f.oer4f (.const:ti_sysbios_knl_Semaphore_Module__diagsEnabled__C)
                  00014808    00000004     mss_srr_per4f.oer4f (.const:ti_sysbios_knl_Semaphore_Module__diagsIncluded__C)
                  0001480c    00000004     mss_srr_per4f.oer4f (.const:ti_sysbios_knl_Semaphore_Module__diagsMask__C)
                  00014810    00000004     mss_srr_per4f.oer4f (.const:ti_sysbios_knl_Semaphore_Module__loggerFxn2__C)
                  00014814    00000004     mss_srr_per4f.oer4f (.const:ti_sysbios_knl_Semaphore_Module__loggerFxn4__C)
                  00014818    00000004     mss_srr_per4f.oer4f (.const:ti_sysbios_knl_Semaphore_Module__loggerObj__C)
                  0001481c    00000004     mss_srr_per4f.oer4f (.const:ti_sysbios_knl_Swi_LD_end__C)
                  00014820    00000004     mss_srr_per4f.oer4f (.const:ti_sysbios_knl_Swi_LM_begin__C)
                  00014824    00000004     mss_srr_per4f.oer4f (.const:ti_sysbios_knl_Swi_LM_post__C)
                  00014828    00000004     mss_srr_per4f.oer4f (.const:ti_sysbios_knl_Swi_Module__diagsEnabled__C)
[...]
00014770  ti_sysbios_heaps_HeapMem_A_align__C                                  
00014774  ti_sysbios_heaps_HeapMem_A_heapSize__C                               
00014778  ti_sysbios_heaps_HeapMem_A_invalidFree__C                            
0001477c  ti_sysbios_heaps_HeapMem_A_zeroBlock__C                              
00014780  ti_sysbios_heaps_HeapMem_E_memory__C                                 
00014784  ti_sysbios_heaps_HeapMem_Module__diagsEnabled__C                     
00014788  ti_sysbios_heaps_HeapMem_Module__diagsIncluded__C                    
0001478c  ti_sysbios_heaps_HeapMem_Module__diagsMask__C                        
00014790  ti_sysbios_heaps_HeapMem_Module__gateObj__C                          
00014794  ti_sysbios_heaps_HeapMem_Object__count__C                            
00014798  ti_sysbios_heaps_HeapMem_reqAlign__C                                 
0001479c  ti_sysbios_knl_Clock_LM_begin__C                                     
000147a0  ti_sysbios_knl_Clock_LM_tick__C                                      
000147a4  ti_sysbios_knl_Clock_LW_delayed__C                                   
000147a8  ti_sysbios_knl_Clock_Module_State_clockQ__O                          
000147ac  ti_sysbios_knl_Clock_Module__diagsEnabled__C                         
000147b0  ti_sysbios_knl_Clock_Module__diagsIncluded__C                        
000147b4  ti_sysbios_knl_Clock_Module__diagsMask__C                            
000147b8  ti_sysbios_knl_Clock_Module__loggerFxn1__C                           
000147bc  ti_sysbios_knl_Clock_Module__loggerFxn2__C                           
000147c0  ti_sysbios_knl_Clock_Module__loggerObj__C                            
000147c4  ti_sysbios_knl_Event_A_nullEventId__C                                
000147c8  ti_sysbios_knl_Event_Instance_State_pendQ__O                         
000147cc  ti_sysbios_knl_Event_LM_post__C                                      
000147d0  ti_sysbios_knl_Event_Module__diagsEnabled__C                         
000147d4  ti_sysbios_knl_Event_Module__diagsIncluded__C                        
000147d8  ti_sysbios_knl_Event_Module__diagsMask__C                            
000147dc  ti_sysbios_knl_Event_Module__loggerFxn4__C                           
000147e0  ti_sysbios_knl_Event_Module__loggerObj__C                            
000147e4  ti_sysbios_knl_Idle_funcList__A                                      
000147e8  ti_sysbios_knl_Semaphore_A_badContext__C                             
000147ec  ti_sysbios_knl_Semaphore_A_noEvents__C                               
000147f0  ti_sysbios_knl_Semaphore_A_overflow__C                               
000147f4  ti_sysbios_knl_Semaphore_A_pendTaskDisabled__C                       
000147f8  ti_sysbios_knl_Semaphore_Instance_State_pendQ__O                     
000147fc  ti_sysbios_knl_Semaphore_LM_pend__C                                  
00014800  ti_sysbios_knl_Semaphore_LM_post__C                                  
00014804  ti_sysbios_knl_Semaphore_Module__diagsEnabled__C                     
00014808  ti_sysbios_knl_Semaphore_Module__diagsIncluded__C                    
0001480c  ti_sysbios_knl_Semaphore_Module__diagsMask__C                        
00014810  ti_sysbios_knl_Semaphore_Module__loggerFxn2__C                       
00014814  ti_sysbios_knl_Semaphore_Module__loggerFxn4__C                       
00014818  ti_sysbios_knl_Semaphore_Module__loggerObj__C                        
0001481c  ti_sysbios_knl_Swi_LD_end__C                                         
00014820  ti_sysbios_knl_Swi_LM_begin__C                                       
00014824  ti_sysbios_knl_Swi_LM_post__C                                        
00014828  ti_sysbios_knl_Swi_Module__diagsEnabled__C                           
0001482c  ti_sysbios_knl_Swi_Module__diagsIncluded__C                          
00014830  ti_sysbios_knl_Swi_Module__diagsMask__C                              
00014834  ti_sysbios_knl_Swi_Module__loggerFxn1__C                             
00014838  ti_sysbios_knl_Swi_Module__loggerFxn4__C                             
0001483c  ti_sysbios_knl_Swi_Module__loggerObj__C                              
00014840  ti_sysbios_knl_Swi_Object__count__C                                  
00014844  ti_sysbios_knl_Task_A_badPriority__C                                 
00014848  ti_sysbios_knl_Task_A_badTaskState__C                                
0001484c  ti_sysbios_knl_Task_A_badThreadType__C                               
00014850  ti_sysbios_knl_Task_A_badTimeout__C                                  
00014854  ti_sysbios_knl_Task_A_noPendElem__C                                  
00014858  ti_sysbios_knl_Task_A_sleepTaskDisabled__C                           
0001485c  ti_sysbios_knl_Task_E_spOutOfBounds__C                               
00014860  ti_sysbios_knl_Task_E_stackOverflow__C                               
00014864  ti_sysbios_knl_Task_LD_block__C                                      
00014868  ti_sysbios_knl_Task_LD_exit__C                                       
0001486c  ti_sysbios_knl_Task_LD_ready__C                                      
00014870  ti_sysbios_knl_Task_LM_sleep__C                                      
00014874  ti_sysbios_knl_Task_LM_switch__C                                     
00014878  ti_sysbios_knl_Task_Module_State_inactiveQ__O                        
0001487c  ti_sysbios_knl_Task_Module__diagsEnabled__C                          
00014880  ti_sysbios_knl_Task_Module__diagsIncluded__C                         
00014884  ti_sysbios_knl_Task_Module__diagsMask__C                             
00014888  ti_sysbios_knl_Task_Module__loggerFxn2__C                            
0001488c  ti_sysbios_knl_Task_Module__loggerFxn4__C                            
00014890  ti_sysbios_knl_Task_Module__loggerObj__C                             
00014894  ti_sysbios_knl_Task_Object__count__C                                 
00014898  ti_sysbios_knl_Task_allBlockedFunc__C                                
0001489c  ti_sysbios_knl_Task_defaultStackHeap__C                              
000148a0  ti_sysbios_knl_Task_defaultStackSize__C                              
000148a4  ti_sysbios_knl_Task_numConstructedTasks__C                           
000148a8  ti_sysbios_timers_rti_Timer_E_cannotSupport__C                       
000148ac  ti_sysbios_timers_rti_Timer_Module__diagsEnabled__C                  
000148b0  ti_sysbios_timers_rti_Timer_Module__diagsIncluded__C                 
000148b4  ti_sysbios_timers_rti_Timer_Module__diagsMask__C                     
000148b8  ti_sysbios_timers_rti_Timer_numTimerDevices__C                       
000148bc  ti_sysbios_timers_rti_Timer_startupNeeded__C                         
000148c0  xdc_runtime_Assert_E_assertFailed__C                                 
000148c4  xdc_runtime_Core_A_initializedParams__C                              
000148c8  xdc_runtime_Core_Module__diagsEnabled__C                             
000148cc  xdc_runtime_Core_Module__diagsIncluded__C                            
000148d0  xdc_runtime_Core_Module__diagsMask__C                                
000148d4  xdc_runtime_Error_E_memory__C                                        
000148d8  xdc_runtime_Error_Module__diagsEnabled__C                            
000148dc  xdc_runtime_Error_Module__diagsIncluded__C                           
000148e0  xdc_runtime_Error_Module__diagsMask__C                               
000148e4  xdc_runtime_Error_Module__loggerFxn8__C                              
000148e8  xdc_runtime_Error_Module__loggerObj__C                               
000148ec  xdc_runtime_Error_policyFxn__C                                       
000148f0  xdc_runtime_Error_policy__C                                          
000148f4  xdc_runtime_Error_raiseHook__C                                       
000148f8  xdc_runtime_IGateProvider_Interface__BASE__C                         
000148fc  xdc_runtime_IHeap_Interface__BASE__C                                 
00014900  xdc_runtime_IModule_Interface__BASE__C                               
00014904  xdc_runtime_Log_L_error__C                                           
00014908  xdc_runtime_Memory_defaultHeapInstance__C                            
0001490c  xdc_runtime_Startup_execImpl__C                                      
00014910  xdc_runtime_Startup_maxPasses__C                                     
00014914  xdc_runtime_Startup_sfxnRts__C                                       
00014918  xdc_runtime_Startup_sfxnTab__C                                       
0001491c  xdc_runtime_System_Module__gateObj__C                                
00014920  xdc_runtime_System_abortFxn__C                                       
00014924  xdc_runtime_System_exitFxn__C                                        
00014928  xdc_runtime_System_extendFxn__C                                      
0001492c  xdc_runtime_System_maxAtexitHandlers__C                              
00014930  xdc_runtime_Text_charTab__C                                          
00014934  xdc_runtime_Text_nameEmpty__C                                        
00014938  xdc_runtime_Text_nameStatic__C                                       
0001493c  xdc_runtime_Text_nameUnknown__C                                      
00014940  xdc_runtime_Text_nodeTab__C                                          
00014944  xdc_runtime_Text_visitRopeFxn__C                                     
00014948  ti_sysbios_family_arm_v7r_tms570_Core_Module__id__C                  
0001494a  ti_sysbios_family_arm_v7r_vim_Hwi_Module__id__C                      
0001494c  ti_sysbios_family_arm_v7r_vim_Hwi_Module__loggerDefined__C           
0001494e  ti_sysbios_gates_GateMutex_Module__id__C                             
00014950  ti_sysbios_hal_Hwi_Module__id__C                                     
00014952  ti_sysbios_heaps_HeapMem_Module__id__C                               
00014954  ti_sysbios_knl_Clock_Module__id__C                                   
00014956  ti_sysbios_knl_Clock_Module__loggerDefined__C                        
00014958  ti_sysbios_knl_Event_Module__id__C                                   
0001495a  ti_sysbios_knl_Event_Module__loggerDefined__C                        
0001495c  ti_sysbios_knl_Semaphore_Module__id__C                               
0001495e  ti_sysbios_knl_Semaphore_Module__loggerDefined__C                    
00014960  ti_sysbios_knl_Swi_Module__id__C                                     
00014962  ti_sysbios_knl_Swi_Module__loggerDefined__C                          
00014964  ti_sysbios_knl_Task_Module__id__C                                    
00014966  ti_sysbios_knl_Task_Module__loggerDefined__C                         
00014968  ti_sysbios_timers_rti_Timer_Module__id__C                            
0001496a  ti_sysbios_timers_rti_Timer_continueOnSuspend__C                     
0001496c  xdc_runtime_Core_Module__id__C                                       
0001496e  xdc_runtime_Error_Module__loggerDefined__C                           
00014970  xdc_runtime_Error_maxDepth__C                                        
00014972  xdc_runtime_Main_Module__id__C                                       
00014974  xdc_runtime_Memory_Module__id__C                                     
00014976  xdc_runtime_Text_charCnt__C                                          
00014978  xdc_runtime_Text_isLoaded__C                                         
0001497a  xdc_runtime_Text_registryModsLastId__C                               
0001497c  xdc_runtime_Text_unnamedModsLastId__C                                
00014980  __TI_static_base__                                                   
00014cec  __TI_Handler_Table_Base                                              
00014cf8  __TI_Handler_Table_Limit                                             
00014d10  __TI_CINIT_Base                                                      
00014d30  __TI_CINIT_Limit                                                     
08000000  ti_sysbios_heaps_HeapMem_Instance_State_0_buf__A                     
08008000  ti_sysbios_family_arm_exc_Exception_Module_State_0_excStack_0__A     
08009000  ti_sysbios_knl_Task_Instance_State_0_stack__A                        
08009800  gCLI                                                                 
080099a0  gGPIOMCB                                                             
08009b34  __CIOBUF_                                                            
08009c54  gMMWave_MCB                                                          
08009d4c  __TI_tmpnams                                                         
08009dec  gEsmMCB                                                              
08009e60  gSrrMSSMCB                                                           
08009ecc  gMMWave_XWR16xxMCB                                                   
08009ed4  parmbuf                                                              
08009ee0  __stack                                                              
0800aee0  D2H_SYNC_PATTERN                                                     
0800aee0  __STACK_END                                                          
0800aee4  H2D_SYNC_PATTERN                                                     
0800aee8  H2D_CNYS_PATTERN                                                     
0800aeec  rl_txMsg                                                             
0800afec  rl_rxMsg                                                             
0800b2d0  ti_sysbios_family_arm_v7r_vim_Hwi_Module_State_0_dispatchTable__A    
0800b4d0  gCLIMMWaveOpenCfg                                                    
0800b4f0  gCLIMMWaveExtensionTable                                             
0800b598  gCLIMMWaveControlCfg                                                 
0800b664  _ftable                                                              
0800b754  ti_sysbios_knl_Swi_Module_State_0_readyQ__A                          
0800b7d4  ti_sysbios_knl_Task_Module_State_0_readyQ__A                         
0800b854  _device                                                              
0800b8cc  gUartSciHwCfg                                                        
0800b924  _stream                                                              
0800b974  gMailboxMCB                                                          
0800b9c4  ti_sysbios_knl_Task_Object__table__V                                 
0800ba10  ti_sysbios_knl_Task_Module__state__V                                 
0800ba54  SOC_TranslateAddr_LUT                                                
0800ba94  ti_sysbios_gates_GateMutex_Object__table__V                          
0800bad4  ti_sysbios_timers_rti_Timer_Object__table__V                         
0800bb10  ti_sysbios_family_arm_v7r_vim_Hwi_Module__state__V                   
0800bb44  ti_sysbios_knl_Swi_Object__table__V                                  
0800bb74  ti_sysbios_family_arm_v7r_vim_Hwi_Object__table__V                   
0800bba0  ti_sysbios_knl_Clock_Module__state__V                                
0800bbcc  gUartSciFxnTable                                                     
0800bbf4  UART_config                                                          
0800bc18  ti_sysbios_BIOS_Module__state__V                                     
0800bc3c  xdc_runtime_Error_IgnoreBlock                                        
0800bc5c  xdc_runtime_System_Module_State_0_atexitHandlers__A                  
0800bc7c  ti_sysbios_knl_Swi_Module__state__V                                  
0800bc98  gMailboxMssBssHwCfg                                                  
0800bcb0  gMailboxMssDssHwCfg                                                  
0800bcc8  ti_sysbios_heaps_HeapMem_Object__table__V                            
0800bce0  ti_sysbios_timers_rti_Timer_Module_State_0_device__A                 
0800bcf8  gSOCHwAttrib                                                         
0800bd0c  ti_sysbios_family_arm_exc_Exception_Module__state__V                 
0800bd20  __TI_ft_end                                                          
0800bd24  __aeabi_stdin                                                        
0800bd28  __aeabi_stdout                                                       
0800bd2c  __aeabi_stderr                                                       
0800bd30  ti_sysbios_timers_rti_Timer_Module_State_0_intFreqs__A               
0800bd40  ti_sysbios_timers_rti_Timer_Module__state__V                         
0800bd50  __TI_cleanup_ptr                                                     
0800bd54  __TI_dtors_ptr                                                       
0800bd58  __TI_enable_exit_profile_output                                      
0800bd5c  gESMHwCfgAttrs                                                       
0800bd68  _lock                                                                
0800bd6c  _unlock                                                              
0800bd70  gGPIOHwAtrrib                                                        
0800bd78  ti_sysbios_family_arm_v7r_vim_Hwi_Module__root__V                    
0800bd80  ti_sysbios_gates_GateHwi_Module__root__V                             
0800bd88  ti_sysbios_gates_GateMutex_Module__root__V                           
0800bd90  ti_sysbios_hal_Hwi_Object__table__V                                  
0800bd98  ti_sysbios_heaps_HeapMem_Module__root__V                             
0800bda0  ti_sysbios_knl_Queue_Module__root__V                                 
0800bda8  ti_sysbios_knl_Semaphore_Module__root__V                             
0800bdb0  ti_sysbios_knl_Task_Module__root__V                                  
0800bdb8  ti_sysbios_timers_rti_Timer_Module_State_0_handles__A                
0800bdc0  xdc_runtime_Registry_Module__state__V                                
0800bdc8  xdc_runtime_Startup_Module__state__V                                 
0800bdd0  xdc_runtime_System_Module__state__V                                  
0800bdd8  gCRCRegister                                                         
0800bddc  gPinmuxRegs                                                          
0800bde4  errno                                                                
0800bdf0  main_func_sp                                                         
0800bdf8  ti_sysbios_family_arm_exc_Exception_Module_State_0_excContext__A     
0800bdfc  ti_sysbios_family_arm_exc_Exception_Module_State_0_excStackBuffers__A
0800be00  ti_sysbios_family_arm_exc_Exception_Module_State_0_excStack__A       
0800be04  ti_sysbios_gates_GateHwi_Object__table__V                            
0800be08  ti_sysbios_heaps_HeapBuf_Module__state__V                            
0800be0c  ti_sysbios_knl_Task_Module_State_0_idleTask__A                       
0800be10  xdc_runtime_Memory_Module__state__V                                  
0800be14  ti_sysbios_family_arm_exc_Exception_Module_State_0_excActive__A      
0800be16  xdc_runtime_Error_Module__state__V                                   
0800be18  ti_sysbios_family_arm_v7r_vim_Hwi_Module_State_0_fiqStack__A         
fffffdec  ti_sysbios_family_arm_v7r_vim_Hwi_vim                                
ffffffff  __TI_pprof_out_hndl                                                  
ffffffff  __TI_prof_data_size                                                  
ffffffff  __TI_prof_data_start                                                 
ffffffff  __binit__                                                            
ffffffff  __c_args__                                                           
ffffffff  binit                                                                
UNDEFED   SHT$$INIT_ARRAY$$Base                                                
UNDEFED   SHT$$INIT_ARRAY$$Limit                                               

[846 symbols]
