******************************************************************************
               TMS320C6x Linker PC v8.1.3                      
******************************************************************************
>> Linked Sat Oct 13 17:10:27 2018

OUTPUT FILE NAME:   <xwr16xx_srr_ti_design_dss.xe674>
ENTRY POINT SYMBOL: "_c_int00"  address: 007f5640


MEMORY CONFIGURATION

         name            origin    length      used     unused   attr    fill
----------------------  --------  ---------  --------  --------  ----  --------
PAGE 0:
  L2SRAM_UMAP1          007e0000   00020000  0001a0c0  00005f40  RWIX
  L2SRAM_UMAP0          00800000   00020000  00013085  0000cf7b  RWIX
  L1PSRAM               00e00000   00004000  000034c0  00000b40  RWIX
  L1DSRAM               00f00000   00004000  00004000  00000000  RWIX
  L3SRAM                20000000   000a0000  00004420  0009bbe0  RWIX
  HSRAM                 21080000   00008000  00008000  00000000  RWIX

PAGE 1:
  L3SRAM                20000000   000a0000  000a0000  00000000  RWIX


SEGMENT ALLOCATION MAP

run origin  load origin   length   init length attrs members
----------  ----------- ---------- ----------- ----- -------
007e0000    007e0000    0001a0c0   0001a0c0    r-x
  007e0000    007e0000    00000200   00000200    r-x .vecs
  007e0200    007e0200    00019ec0   00019ec0    r-x .text
00800000    00800000    00010000   00000000    rw-
  00800000    00800000    0000c000   00000000    rw- .l2data
  0080c000    0080c000    00004000   00000000    rw- systemHeap
00810000    00810000    00000e19   00000e19    r--
  00810000    00810000    00000e19   00000e19    r-- .const
00810e20    00810e20    00000efc   00000000    rw-
  00810e20    00810e20    00000efc   00000000    rw- .far
00811d20    00811d20    00001298   00000d5c    rw-
  00811d20    00811d20    00000d5c   00000d5c    rw- .fardata
  00812a80    00812a80    00000418   00000000    rw- .stack
  00812e98    00812e98    00000120   00000000    rw- .cio
00812fb8    00812fb8    000000a0   000000a0    r--
  00812fb8    00812fb8    000000a0   000000a0    r-- .switch
00813058    00813058    0000002c   0000002c    rw-
  00813058    00813058    00000024   00000024    rw- .data
  0081307c    0081307c    00000008   00000008    rw- .neardata
00813088    00813088    00000010   00000010    r--
  00813088    00813088    00000010   00000010    r-- .ovly
00e00000    20000000    000034c0   000034c0    rwx
  00e00000    20000000    000034c0   000034c0    rwx .fastCode
00f00000    00f00000    00004000   00000000    rw-
  00f00000    00f00000    00004000   00000000    rw- .l1data
200034c0    200034c0    00000f60   00000f60    r-x
  200034c0    200034c0    00000f60   00000f60    r-x .overlay
21080000    21080000    00008000   00000000    rw-
  21080000    21080000    00008000   00000000    rw- .demoSharedMem
20000000    20000000    000a0000   00000000    rw-
  20000000    20000000    000a0000   00000000    rw- .l3data


SECTION ALLOCATION MAP

 output                                  attributes/
section   page    origin      length       input sections
--------  ----  ----------  ----------   ----------------
.vecs      0    007e0000    00000200     
                  007e0000    00000200     dss_srr_pe674.oe674 (.vecs)

.text      0    007e0200    00019ec0     
                  007e0200    00001940     dss_data_path.oe674 (.text:MmwDemo_interFrameProcessing)
                  007e1b40    00000ca0     dss_data_path.oe674 (.text:MmwDemo_dataPathConfigBuffers)
                  007e27e0    00000a00     Extended_Kalman_Filter_xyz.oe674 (.text:ekfRun)
                  007e31e0    000008a0     ti.targets.rts6000.ae674 : System.oe674 (.text:xdc_runtime_System_doPrint__I)
                  007e3a80    00000700     dss_data_path.oe674 (.text:MmwDemo_dataPathConfigEdma)
                  007e4180    00000700     sysbios.ae674 : BIOS.obj (.text:ti_sysbios_family_c64p_Exception_handler__I)
                  007e4880    000006e0     dss_data_path.oe674 (.text:populateOutputs)
                  007e4f60    000005c0     rts6740_elf.lib : divd.obj (.text:__c6xabi_divd)
                  007e5520    00000560     dss_data_path.oe674 (.text:MmwDemo_dataPathConfigFFTs)
                  007e5a80    00000540     gen_twiddle_fft16x16.oe674 (.text:gen_twiddle_fft16x16)
                  007e5fc0    00000520     clusteringDBscan.oe674 (.text:clusteringDBscan_calcInfoFixed)
                  007e64e0    00000500     sysbios.ae674 : BIOS.obj (.text:ti_sysbios_knl_Semaphore_pend__E)
                  007e69e0    000004c0                   : BIOS.obj (.text:ti_sysbios_heaps_HeapMem_allocUnprotected__E)
                  007e6ea0    000004a0     dss_main.oe674 (.text:SRR_DSS_SendProcessOutputToMSS)
                  007e7340    00000460     dss_main.oe674 (.text:SRR_DSS_initTask)
                  007e77a0    00000460     sysbios.ae674 : BIOS.obj (.text:ti_sysbios_heaps_HeapMem_freeUnprotected__E)
                  007e7c00    00000420     libmailbox_xwr16xx.ae674 : mailbox.oe674 (.text:Mailbox_open)
                  007e8020    00000420     sysbios.ae674 : BIOS.obj (.text:ti_sysbios_knl_Task_Instance_finalize__E)
                  007e8440    000003c0     dss_data_path.oe674 (.text:MmwDemo_XYcalc)
                  007e8800    000003c0     Extended_Kalman_Filter_xyz.oe674 (.text:stateCovmatMeasurementUpdate)
                  007e8bc0    000003a0     libadcbuf_xwr16xx.ae674 : adcbuf_mmwave.oe674 (.text:ADCBUF_MMWave_control)
                  007e8f60    00000380     clusteringDBscan.oe674 (.text:clusteringDBscanRun)
                  007e92e0    00000320     rts6740_elf.lib : cos.obj (.text:cos)
                  007e9600    00000320     sysbios.ae674 : BIOS.obj (.text:ti_sysbios_knl_Task_Instance_init__E)
                  007e9920    00000300     dss_main.oe674 (.text:SRR_DSS_mmWaveTask)
                  007e9c20    000002e0     libedma_xwr16xx.ae674 : edma.oe674 (.text:EDMA_error_isr)
                  007e9f00    000002e0     gen_twiddle_fft32x32.oe674 (.text:gen_twiddle_fft32x32)
                  007ea1e0    000002e0     Extended_Kalman_Filter_xyz.oe674 (.text:kalmanGainComputation)
                  007ea4c0    000002e0     rts6740_elf.lib : sin.obj (.text:sin)
                  007ea7a0    000002a0     dss_data_path.oe674 (.text:findandPopulateIntersectionOfDetectedObjects)
                  007eaa40    00000280     libedma_xwr16xx.ae674 : edma.oe674 (.text:EDMA_configChannel)
                  007eacc0    00000260                           : edma.oe674 (.text:EDMA_open)
                  007eaf20    00000260     rts6740_elf.lib : imath64.obj (.text:__c6xabi_divull)
                  007eb180    00000260     sysbios.ae674 : BIOS.obj (.text:ti_sysbios_knl_Clock_workFunc__E)
                  007eb3e0    00000260     ti.targets.rts6000.ae674 : Startup.oe674 (.text:xdc_runtime_Startup_startMods__I)
                  007eb640    00000240     libedma_xwr16xx.ae674 : edma.oe674 (.text:EDMA_configErrorMonitoring)
                  007eb880    00000240     dss_data_path.oe674 (.text:associateClustering)
                  007ebac0    00000240     rts6740_elf.lib : setvbuf.obj (.text:setvbuf)
                  007ebd00    00000240     ti.targets.rts6000.ae674 : Core-mem.oe674 (.text:xdc_runtime_Core_createObject__I)
                  007ebf40    00000240     dss_srr_pe674.oe674 (.text:xdc_runtime_System_printfExtend__I)
                  007ec180    00000220     libedma_xwr16xx.ae674 : edma.oe674 (.text:EDMA_transferComplete_isr)
                  007ec3a0    00000220     libmailbox_xwr16xx.ae674 : mailbox.oe674 (.text:Mailbox_write)
                  007ec5c0    00000220     rts6740_elf.lib : fputc.obj (.text:fputc)
                  007ec7e0    00000220     sysbios.ae674 : BIOS.obj (.text:ti_sysbios_family_c64p_Hwi_dispatchCore__I)
                  007eca00    00000220                   : BIOS.obj (.text:ti_sysbios_heaps_HeapMem_Instance_init__E)
                  007ecc20    00000220                   : BIOS.obj (.text:ti_sysbios_knl_Task_schedule__I)
                  007ece40    00000220                   : BIOS.obj (.text:ti_sysbios_utils_Load_updateThreadContexts__E)
                  007ed060    00000200     dss_main.oe674 (.text:MmwDemo_edmaBlockCopy)
                  007ed260    00000200     sysbios.ae674 : c64p_Hwi_disp_always.obj (.text:_ti_sysbios_family_c64p_Hwi_dispatchAlways)
                  007ed460    00000200     Extended_Kalman_Filter_xyz.oe674 (.text:ekfInit)
                  007ed660    00000200     Extended_Kalman_Filter_xyz.oe674 (.text:residualCovarianceComputation)
                  007ed860    00000200     sysbios.ae674 : BIOS.obj (.text:ti_sysbios_knl_Semaphore_post__E)
                  007eda60    00000200     ti.targets.rts6000.ae674 : Error.oe674 (.text:xdc_runtime_Error_policyDefault__E)
                  007edc60    000001e0     libadcbuf_xwr16xx.ae674 : adcbuf_mmwave.oe674 (.text:ADCBUF_MMWave_open)
                  007ede40    000001e0     libedma_xwr16xx.ae674 : edma.oe674 (.text:EDMA_init)
                  007ee020    000001e0     sysbios.ae674 : BIOS.obj (.text:ti_sysbios_knl_Task_postInit__I)
                  007ee200    000001e0                   : BIOS.obj (.text:ti_sysbios_knl_Task_startCore__E)
                  007ee3e0    000001e0     ti.targets.rts6000.ae674 : Text.oe674 (.text:xdc_runtime_Text_putSite__E)
                  007ee5c0    000001c0     libmailbox_xwr16xx.ae674 : mailbox.oe674 (.text:Mailbox_read)
                  007ee780    000001c0     sysbios.ae674 : BIOS.obj (.text:ti_sysbios_timers_rti_Timer_getFreq__E)
                  007ee940    000001a0     libadcbuf_xwr16xx.ae674 : adcbuf_mmwave.oe674 (.text:ADCBUFTestPatternConfig)
                  007eeae0    000001a0     libedma_xwr16xx.ae674 : edma.oe674 (.text:EDMA_paramConfig_assist)
                  007eec80    000001a0     rts6740_elf.lib : trgdrv.obj (.text:HOSTrename)
                  007eee20    000001a0                     : lowlev.obj (.text:getdevice)
                  007eefc0    000001a0     sysbios.ae674 : BIOS.obj (.text:ti_sysbios_family_c64p_EventCombiner_dispatch__E)
                  007ef160    000001a0     ti.targets.rts6000.ae674 : Core-smem.oe674 (.text:xdc_runtime_Core_constructObject__I)
                  007ef300    00000180     libadcbuf_xwr16xx.ae674 : adcbuf_mmwave.oe674 (.text:ADCBUFCmdParamCheck)
                  007ef480    00000180     dss_main.oe674 (.text:SRR_DSS_DataPathOutputLogging)
                  007ef600    00000180     sysbios.ae674 : c64p_Exception_asm.obj (.text)
                  007ef780    00000180                   : BIOS.obj (.text:ti_sysbios_family_c64p_Exception_internalHandler__I)
                  007ef900    00000180                   : BIOS.obj (.text:ti_sysbios_knl_Task_exit__E)
                  007efa80    00000180                   : BIOS.obj (.text:ti_sysbios_knl_Task_unblockI__E)
                  007efc00    00000180                   : BIOS.obj (.text:ti_sysbios_utils_Load_startup__E)
                  007efd80    00000160     dss_config_edma_util.oe674 (.text:EDMAutil_configType2a)
                  007efee0    00000160     libsoc_xwr16xx.ae674 : soc.oe674 (.text:SOC_registerSysIntListener)
                  007f0040    00000160     sysbios.ae674 : BIOS.obj (.text:ti_sysbios_knl_Task_checkStacks__E)
                  007f01a0    00000160                   : BIOS.obj (.text:ti_sysbios_timers_rti_Timer_postInit__I)
                  007f0300    00000160                   : BIOS.obj (.text:ti_sysbios_utils_Load_idleFxn__E)
                  007f0460    00000160                   : BIOS.obj (.text:ti_sysbios_utils_Load_logLoads__I)
                  007f05c0    00000160                   : BIOS.obj (.text:ti_sysbios_utils_Load_updateLoads__E)
                  007f0720    00000160     ti.targets.rts6000.ae674 : Text.oe674 (.text:xdc_runtime_Text_putMod__E)
                  007f0880    00000140     libedma_xwr16xx.ae674 : edma_low_level.oe674 (.text:EDMA3Init)
                  007f09c0    00000140                           : edma.oe674 (.text:EDMA_transferController_error_isr)
                  007f0b00    00000140     dss_config_edma_util.oe674 (.text:EDMAutil_configType1)
                  007f0c40    00000140     dss_config_edma_util.oe674 (.text:EDMAutil_configType3)
                  007f0d80    00000140     rts6740_elf.lib : fclose.obj (.text:__TI_closefile)
                  007f0ec0    00000140                     : fflush.obj (.text:fflush)
                  007f1000    00000140     sysbios.ae674 : BIOS.obj (.text:ti_sysbios_gates_GateMutex_enter__E)
                  007f1140    00000140                   : BIOS.obj (.text:ti_sysbios_knl_Task_Module_startup__E)
                  007f1280    00000140                   : BIOS.obj (.text:ti_sysbios_knl_Task_blockI__E)
                  007f13c0    00000140                   : BIOS.obj (.text:ti_sysbios_timers_rti_Timer_Module_startup__E)
                  007f1500    00000140     ti.targets.rts6000.ae674 : Core-mem.oe674 (.text:xdc_runtime_Core_deleteObject__I)
                  007f1640    00000140                              : Text.oe674 (.text:xdc_runtime_Text_putLab__E)
                  007f1780    00000120     libadcbuf_xwr16xx.ae674 : adcbuf_mmwave.oe674 (.text:ADCBUF_MMWave_getChanBufAddr)
                  007f18a0    00000120     boot.ae674 : autoinit.oe674 (.text:_auto_init_elf)
                  007f19c0    00000120     Extended_Kalman_Filter_xyz.oe674 (.text:arrangeTracksByAge)
                  007f1ae0    00000120     rts6740_elf.lib : fseek.obj (.text:fseek)
                  007f1c00    00000120     Extended_Kalman_Filter_xyz.oe674 (.text:symMatInv)
                  007f1d20    00000120     sysbios.ae674 : BIOS.obj (.text:ti_sysbios_family_c64p_EventCombiner_dispatchPlug__E)
                  007f1e40    00000120                   : BIOS.obj (.text:ti_sysbios_knl_Semaphore_Instance_init__E)
                  007f1f60    00000100     rts6740_elf.lib : trgdrv.obj (.text:HOSTlseek)
                  007f2060    00000100     libmailbox_xwr16xx.ae674 : mailbox.oe674 (.text:Mailbox_readFlush)
                  007f2160    00000100     dss_main.oe674 (.text:MmwDemo_mboxReadProc)
                  007f2260    00000100     libsoc_xwr16xx.ae674 : soc_xwr16xx_dss.oe674 (.text:SOC_deviceInit)
                  007f2360    00000100                          : soc_xwr16xx.oe674 (.text:SOC_translateAddress)
                  007f2460    00000100     dss_main.oe674 (.text:_MmwDemo_dssAssert)
                  007f2560    00000100     rts6740_elf.lib : _io_perm.obj (.text:__TI_wrt_ok)
                  007f2660    00000100     Extended_Kalman_Filter_xyz.oe674 (.text:stateCovmatTimeUpdate)
                  007f2760    00000100     sysbios.ae674 : BIOS.obj (.text:ti_sysbios_timers_rti_Timer_initDevice__I)
                  007f2860    00000100                   : BIOS.obj (.text:ti_sysbios_timers_rti_Timer_start__E)
                  007f2960    00000100     ti.targets.rts6000.ae674 : Error.oe674 (.text:xdc_runtime_Error_print__E)
                  007f2a60    00000100                              : Memory.oe674 (.text:xdc_runtime_Memory_alloc__E)
                  007f2b60    00000100                              : Startup.oe674 (.text:xdc_runtime_Startup_exec__E)
                  007f2c60    000000e0     libadcbuf_xwr16xx.ae674 : adcbuf_mmwave.oe674 (.text:ADCBUFChannelEnSetOffset)
                  007f2d40    000000e0     libedma_xwr16xx.ae674 : edma.oe674 (.text:EDMA_configParamSet)
                  007f2e20    000000e0                           : edma.oe674 (.text:EDMA_isTransferComplete)
                  007f2f00    000000e0     dss_config_edma_util.oe674 (.text:EDMAutil_triggerType3)
                  007f2fe0    000000e0     rts6740_elf.lib : trgdrv.obj (.text:HOSTopen)
                  007f30c0    000000e0                     : trgdrv.obj (.text:HOSTwrite)
                  007f31a0    000000e0     libmailbox_xwr16xx.ae674 : mailbox.oe674 (.text:Mailbox_boxFullISRMssDss)
                  007f3280    000000e0                              : mailbox.oe674 (.text:Mailbox_init)
                  007f3360    000000e0     dss_data_path.oe674 (.text:MmwDemo_dataPathWait1DInputData)
                  007f3440    000000e0     dss_data_path.oe674 (.text:MmwDemo_dataPathWait1DOutputData)
                  007f3520    000000e0     dss_data_path.oe674 (.text:MmwDemo_dataPathWait2DInputData)
                  007f3600    000000e0     dss_data_path.oe674 (.text:MmwDemo_dataPathWait3DInputData)
                  007f36e0    000000e0     rts6740_elf.lib : divi.obj (.text:__divi)
                  007f37c0    000000e0                     : lowlev.obj (.text:close)
                  007f38a0    000000e0     Extended_Kalman_Filter_xyz.oe674 (.text:computePredictedMeas)
                  007f3980    000000e0     rts6740_elf.lib : memset.obj (.text:memset)
                  007f3a60    000000e0     Extended_Kalman_Filter_xyz.oe674 (.text:stateVecMeasurementUpdate)
                  007f3b40    000000e0     sysbios.ae674 : BIOS.obj (.text:ti_sysbios_family_c64p_Cache_Module_startup__E)
                  007f3c20    000000e0                   : BIOS.obj (.text:ti_sysbios_family_c64p_Cache_getL2InitSize__I)
                  007f3d00    000000e0                   : BIOS.obj (.text:ti_sysbios_utils_Load_updateCurrentThreadTime__E)
                  007f3de0    000000c0     dss_config_edma_util.oe674 (.text:EDMA_setup_shadow_link)
                  007f3ea0    000000c0     libedma_xwr16xx.ae674 : edma.oe674 (.text:EDMA_startDmaTransfer)
                  007f3f60    000000c0     rts6740_elf.lib : trgdrv.obj (.text:HOSTread)
                  007f4020    000000c0                     : trgdrv.obj (.text:HOSTunlink)
                  007f40e0    000000c0     libmailbox_xwr16xx.ae674 : mailbox.oe674 (.text:Mailbox_boxFullISRProcessing)
                  007f41a0    000000c0     dss_data_path.oe674 (.text:MmwDemo_dataPathWaitTransDetMatrix2)
                  007f4260    000000c0     dss_data_path.oe674 (.text:MmwDemo_dataPathWaitTransDetMatrix)
                  007f4320    000000c0     rts6740_elf.lib : fflush.obj (.text:__TI_doflush)
                  007f43e0    000000c0                     : divu.obj (.text:__divu)
                  007f44a0    000000c0                     : remi.obj (.text:__remi)
                  007f4560    000000c0     dss_data_path.oe674 (.text:convertSNRLinToVar)
                  007f4620    000000c0     dss_data_path.oe674 (.text:convertSNRdBToVar)
                  007f46e0    000000c0     rts6740_elf.lib : exit.obj (.text:exit)
                  007f47a0    000000c0     sysbios.ae674 : BIOS.obj (.text:ti_sysbios_family_c64p_Cache_getL1DInitSize__I)
                  007f4860    000000c0                   : BIOS.obj (.text:ti_sysbios_family_c64p_Cache_getL1PInitSize__I)
                  007f4920    000000c0                   : BIOS.obj (.text:ti_sysbios_heaps_HeapMem_getStats__E)
                  007f49e0    000000c0                   : BIOS.obj (.text:ti_sysbios_knl_Clock_logTick__E)
                  007f4aa0    000000c0     dss_srr_pe674.oe674 (.text:ti_sysbios_knl_Task_create)
                  007f4b60    000000c0     sysbios.ae674 : BIOS.obj (.text:ti_sysbios_timers_rti_Timer_startup__E)
                  007f4c20    000000c0                   : BIOS.obj (.text:ti_sysbios_utils_Load_logCPULoad__I)
                  007f4ce0    000000c0                   : BIOS.obj (.text:ti_sysbios_utils_Load_taskCreateHook__E)
                  007f4da0    000000c0                   : BIOS.obj (.text:ti_sysbios_utils_Load_taskSwitchHook__E)
                  007f4e60    000000c0     rts6740_elf.lib : tls.obj (.text:tls:init:__TI_tls_init)
                  007f4f20    000000c0     ti.targets.rts6000.ae674 : Assert.oe674 (.text:xdc_runtime_Assert_raise__I)
                  007f4fe0    000000c0                              : Error.oe674 (.text:xdc_runtime_Error_setX__E)
                  007f50a0    000000a0     libedma_xwr16xx.ae674 : edma_low_level.oe674 (.text:EDMA3EnableChInShadowReg)
                  007f5140    000000a0                           : edma.oe674 (.text:EDMA_disableChannel)
                  007f51e0    000000a0     rts6740_elf.lib : trgdrv.obj (.text:HOSTclose)
                  007f5280    000000a0     libmailbox_xwr16xx.ae674 : mailbox.oe674 (.text:Mailbox_boxEmptyISRProcessing)
                  007f5320    000000a0     libsoc_xwr16xx.ae674 : soc.oe674 (.text:SOC_SystemISR)
                  007f53c0    000000a0     rts6740_elf.lib : fopen.obj (.text:__TI_cleanup)
                  007f5460    000000a0                     : fixfu.obj (.text:__c6xabi_fixfu)
                  007f5500    000000a0                     : round.obj (.text:__c6xabi_nround)
                  007f55a0    000000a0                     : remu.obj (.text:__remu)
                  007f5640    000000a0     boot.ae674 : boot.oe674 (.text:_c_int00)
                  007f56e0    000000a0     gen_twiddle_fft16x16.oe674 (.text:d2s)
                  007f5780    000000a0     rts6740_elf.lib : memcpy64.obj (.text:memcpy)
                  007f5820    000000a0                     : modf.obj (.text:modf)
                  007f58c0    000000a0     sysbios.ae674 : BIOS.obj (.text:ti_sysbios_family_c64p_Hwi_Module_startup__E)
                  007f5960    000000a0                   : BIOS.obj (.text:ti_sysbios_family_c64p_Hwi_getStackInfo__E)
                  007f5a00    000000a0                   : BIOS.obj (.text:ti_sysbios_heaps_HeapMem_alloc__E)
                  007f5aa0    000000a0                   : BIOS.obj (.text:ti_sysbios_knl_Task_allBlockedFunction__I)
                  007f5b40    000000a0                   : BIOS.obj (.text:ti_sysbios_timers_rti_Timer_setPeriodMicroSecs__E)
                  007f5be0    000000a0                   : BIOS.obj (.text:ti_sysbios_utils_Load_addTask__E)
                  007f5c80    000000a0                   : BIOS.obj (.text:ti_sysbios_utils_Load_taskDeleteHook__E)
                  007f5d20    000000a0     ti.targets.rts6000.ae674 : Core-params.oe674 (.text:xdc_runtime_Core_assignParams__I)
                  007f5dc0    000000a0                              : System.oe674 (.text:xdc_runtime_System_formatNum__I)
                  007f5e60    000000a0                              : System.oe674 (.text:xdc_runtime_System_putchar__I)
                  007f5f00    000000a0                              : Text.oe674 (.text:xdc_runtime_Text_printVisFxn__I)
                  007f5fa0    000000a0                              : Text.oe674 (.text:xdc_runtime_Text_xprintf__I)
                  007f6040    00000080     libadcbuf_xwr16xx.ae674 : ADCBuf.oe674 (.text:ADCBuf_init)
                  007f60c0    00000080     libedma_xwr16xx.ae674 : edma_low_level.oe674 (.text:EDMA3MapChToEvtQ)
                  007f6140    00000080                           : edma.oe674 (.text:EDMA_linkParamSets)
                  007f61c0    00000080     dss_data_path.oe674 (.text:MmwDemo_edmaTransferControllerErrorCallbackFxn)
                  007f6240    00000080     libosal_xwr16xx.ae674 : SemaphoreP_tirtos.oe674 (.text:SemaphoreP_create)
                  007f62c0    00000080     rts6740_elf.lib : trgmsg.obj (.text:__TI_readmsg)
                  007f6340    00000080                     : trgmsg.obj (.text:__TI_writemsg)
                  007f63c0    00000080                     : llshift.obj (.text:__c6xabi_llshl)
                  007f6440    00000080     sysbios.ae674 : c62_TaskSupport_asm.obj (.text:_ti_sysbios_family_c62_TaskSupport_swap__E)
                  007f64c0    00000080     Extended_Kalman_Filter_xyz.oe674 (.text:computeHmat)
                  007f6540    00000080     Extended_Kalman_Filter_xyz.oe674 (.text:select_QVec)
                  007f65c0    00000080     dss_srr_pe674.oe674 (.text:ti_sysbios_BIOS_atExitFunc__I)
                  007f6640    00000080     dss_srr_pe674.oe674 (.text:ti_sysbios_BIOS_registerRTSLock__I)
                  007f66c0    00000080     sysbios.ae674 : BIOS.obj (.text:ti_sysbios_family_c64p_Cache_marInit__I)
                  007f6740    00000080                   : BIOS.obj (.text:ti_sysbios_family_c64p_Exception_Module_startup__E)
                  007f67c0    00000080                   : BIOS.obj (.text:ti_sysbios_family_c64p_Hwi_eventMap__E)
                  007f6840    00000080     dss_srr_pe674.oe674 (.text:ti_sysbios_gates_GateHwi_Object__create__S)
                  007f68c0    00000080     dss_srr_pe674.oe674 (.text:ti_sysbios_gates_GateMutex_Object__create__S)
                  007f6940    00000080     sysbios.ae674 : BIOS.obj (.text:ti_sysbios_hal_Hwi_checkStack)
                  007f69c0    00000080                   : BIOS.obj (.text:ti_sysbios_hal_Hwi_initStack)
                  007f6a40    00000080     dss_srr_pe674.oe674 (.text:ti_sysbios_heaps_HeapMem_Object__create__S)
                  007f6ac0    00000080     sysbios.ae674 : BIOS.obj (.text:ti_sysbios_heaps_HeapMem_free__E)
                  007f6b40    00000080                   : BIOS.obj (.text:ti_sysbios_heaps_HeapMem_init__I)
                  007f6bc0    00000080     dss_srr_pe674.oe674 (.text:ti_sysbios_knl_Clock_doTick__I)
                  007f6c40    00000080     sysbios.ae674 : BIOS.obj (.text:ti_sysbios_knl_Idle_run__E)
                  007f6cc0    00000080     dss_srr_pe674.oe674 (.text:ti_sysbios_knl_Semaphore_create)
                  007f6d40    00000080     sysbios.ae674 : BIOS.obj (.text:ti_sysbios_knl_Task_processVitalTaskFlag__I)
                  007f6dc0    00000080                   : BIOS.obj (.text:ti_sysbios_timers_rti_Timer_setPeriod__E)
                  007f6e40    00000080                   : BIOS.obj (.text:ti_sysbios_timers_rti_Timer_stop__E)
                  007f6ec0    00000080                   : BIOS.obj (.text:ti_sysbios_utils_Load_removeTask__E)
                  007f6f40    00000080     rts6740_elf.lib : lowlev.obj (.text:unlink)
                  007f6fc0    00000080     ti.targets.rts6000.ae674 : Core-label.oe674 (.text:xdc_runtime_Core_assignLabel__I)
                  007f7040    00000080                              : SysStd.oe674 (.text:xdc_runtime_SysStd_abort__E)
                  007f70c0    00000080                              : System.oe674 (.text:xdc_runtime_System_atexit__E)
                  007f7140    00000080                              : System.oe674 (.text:xdc_runtime_System_avprintf__E)
                  007f71c0    00000080                              : System.oe674 (.text:xdc_runtime_System_processAtExit__E)
                  007f7240    00000080                              : System.oe674 (.text:xdc_runtime_System_vprintf__E)
                  007f72c0    00000060     libadcbuf_xwr16xx.ae674 : adcbuf_mmwave.oe674 (.text:ADCBUF_MMWave_close)
                  007f7320    00000060                             : ADCBuf.oe674 (.text:ADCBuf_open)
                  007f7380    00000060     libedma_xwr16xx.ae674 : edma_low_level.oe674 (.text:EDMA3ClrEvt)
                  007f73e0    00000060                           : edma_low_level.oe674 (.text:EDMA3ClrIntr)
                  007f7440    00000060                           : edma_low_level.oe674 (.text:EDMA3ClrMissEvt)
                  007f74a0    00000060                           : edma_low_level.oe674 (.text:EDMA3DisableEvtIntr)
                  007f7500    00000060                           : edma_low_level.oe674 (.text:EDMA3EnableDmaEvt)
                  007f7560    00000060                           : edma_low_level.oe674 (.text:EDMA3EnableEvtIntr)
                  007f75c0    00000060                           : edma_low_level.oe674 (.text:EDMA3SetEvt)
                  007f7620    00000060                           : edma.oe674 (.text:EDMA_configTransferControllerError)
                  007f7680    00000060                           : edma.oe674 (.text:EDMA_setDestinationAddress)
                  007f76e0    00000060                           : edma.oe674 (.text:EDMA_setSourceAddress)
                  007f7740    00000060                           : edma.oe674 (.text:EDMA_validate_channelIdchannelType)
                  007f77a0    00000060     libmailbox_xwr16xx.ae674 : mailbox.oe674 (.text:Mailbox_Config_init)
                  007f7800    00000060     dss_data_path.oe674 (.text:MmwDemo_dataPathCopyEdmaHandle)
                  007f7860    00000060     dss_data_path.oe674 (.text:MmwDemo_dataPathInit1Dstate)
                  007f78c0    00000060     libsoc_xwr16xx.ae674 : soc.oe674 (.text:SOC_unhaltBSS)
                  007f7920    00000060     rts6740_elf.lib : llshift.obj (.text:__c6xabi_llshru)
                  007f7980    00000060                     : imath64.obj (.text:_subcull)
                  007f79e0    00000060     sysbios.ae674 : c64p_Hwi_asm_switch.obj (.text:_ti_sysbios_family_c64p_Hwi_switchAndDispatch__I)
                  007f7a40    00000060     gen_twiddle_fft32x32.oe674 (.text:d2i)
                  007f7aa0    00000060     rts6740_elf.lib : lowlev.obj (.text:lseek)
                  007f7b00    00000060     dss_data_path.oe674 (.text:parkingAssistInit)
                  007f7b60    00000060     dss_srr_pe674.oe674 (.text:ti_sysbios_BIOS_errorRaiseHook__I)
                  007f7bc0    00000060     dss_srr_pe674.oe674 (.text:ti_sysbios_BIOS_removeRTSLock__I)
                  007f7c20    00000060     dss_srr_pe674.oe674 (.text:ti_sysbios_BIOS_startFunc__I)
                  007f7c80    00000060     sysbios.ae674 : BIOS.obj (.text:ti_sysbios_family_c62_TaskSupport_start__E)
                  007f7ce0    00000060                   : BIOS.obj (.text:ti_sysbios_family_c64p_Cache_setMar__E)
                  007f7d40    00000060                   : BIOS.obj (.text:ti_sysbios_family_c64p_Cache_setSize__E)
                  007f7da0    00000060                   : BIOS.obj (.text:ti_sysbios_family_c64p_EventCombiner_Module_startup__E)
                  007f7e00    00000060                   : BIOS.obj (.text:ti_sysbios_family_c64p_EventCombiner_unused__E)
                  007f7e60    00000060     dss_srr_pe674.oe674 (.text:ti_sysbios_gates_GateMutex_Object__delete__S)
                  007f7ec0    00000060     sysbios.ae674 : BIOS.obj (.text:ti_sysbios_knl_Clock_Module_startup__E)
                  007f7f20    00000060     dss_srr_pe674.oe674 (.text:ti_sysbios_knl_Queue_construct)
                  007f7f80    00000060     dss_srr_pe674.oe674 (.text:ti_sysbios_knl_Semaphore_construct)
                  007f7fe0    00000060     sysbios.ae674 : BIOS.obj (.text:ti_sysbios_knl_Semaphore_pendTimeout__I)
                  007f8040    00000060                   : BIOS.obj (.text:ti_sysbios_knl_Task_enter__I)
                  007f80a0    00000060                   : BIOS.obj (.text:ti_sysbios_knl_Task_getMode__E)
                  007f8100    00000060                   : BIOS.obj (.text:ti_sysbios_knl_Task_restoreHwi__E)
                  007f8160    00000060                   : BIOS.obj (.text:ti_sysbios_knl_Task_restore__E)
                  007f81c0    00000060     dss_srr_pe674.oe674 (.text:ti_sysbios_rts_gnu_MemAlloc_alloc)
                  007f8220    00000060     rts6740_elf.lib : lowlev.obj (.text:write)
                  007f8280    00000060     ti.targets.rts6000.ae674 : Memory.oe674 (.text:xdc_runtime_Memory_valloc__E)
                  007f82e0    00000060                              : Text.oe674 (.text:xdc_runtime_Text_cordText__E)
                  007f8340    00000040     libadcbuf_xwr16xx.ae674 : adcbuf_mmwave.oe674 (.text:CSL_FEXTR)
                  007f8380    00000040     libsoc_xwr16xx.ae674 : soc.oe674 (.text:CSL_FEXTR)
                  007f83c0    00000040     libadcbuf_xwr16xx.ae674 : adcbuf_mmwave.oe674 (.text:CSL_FINSR)
                  007f8400    00000040     libmailbox_xwr16xx.ae674 : mailbox.oe674 (.text:CSL_FINSR)
                  007f8440    00000040     libsoc_xwr16xx.ae674 : soc.oe674 (.text:CSL_FINSR)
                  007f8480    00000040                          : soc_xwr16xx_dss.oe674 (.text:CSL_FINSR)
                  007f84c0    00000040     libedma_xwr16xx.ae674 : edma_low_level.oe674 (.text:EDMA3DisableDmaEvt)
                  007f8500    00000040                           : edma_low_level.oe674 (.text:EDMA3MapQdmaChToPaRAM)
                  007f8540    00000040                           : edma_low_level.oe674 (.text:EDMA3SetPaRAM)
                  007f8580    00000040                           : edma_low_level.oe674 (.text:EDMA3SetQdmaTrigWord)
                  007f85c0    00000040     libosal_xwr16xx.ae674 : HwiP_tirtos.oe674 (.text:HwiP_create)
                  007f8600    00000040     libmailbox_xwr16xx.ae674 : mailbox.oe674 (.text:Mailbox_boxEmptyISRBss)
                  007f8640    00000040                              : mailbox.oe674 (.text:Mailbox_boxEmptyISRMssDss)
                  007f8680    00000040                              : mailbox.oe674 (.text:Mailbox_boxFullISRBss)
                  007f86c0    00000040     dss_data_path.oe674 (.text:MmwDemo_edmaErrorCallbackFxn)
                  007f8700    00000040     libsoc_xwr16xx.ae674 : soc_xwr16xx_dss.oe674 (.text:SOC_getInAddr_LUTType)
                  007f8740    00000040                          : soc_xwr16xx_dss.oe674 (.text:SOC_getOutAddr_LUTType)
                  007f8780    00000040     dss_main.oe674 (.text:SRR_DSS_chirpIntCallback)
                  007f87c0    00000040     dss_main.oe674 (.text:SRR_DSS_frameStartIntCallback)
                  007f8800    00000040     rts6740_elf.lib : frcmpyd_div.obj (.text:__TI_frcmpyd_div)
                  007f8840    00000040     Extended_Kalman_Filter_xyz.oe674 (.text:__c6xabi_isnanf)
                  007f8880    00000040     rts6740_elf.lib : strasg.obj (.text:__strasgi_64plus)
                  007f88c0    00000040                     : args_main.obj (.text:_args_main)
                  007f8900    00000040     sysbios.ae674 : c62_TaskSupport_asm.obj (.text:_ti_sysbios_family_c62_TaskSupport_buildTaskStack)
                  007f8940    00000040     dss_srr_pe674.oe674 (.text:free)
                  007f8980    00000040     dss_srr_pe674.oe674 (.text:ti_sysbios_BIOS_exitFunc__I)
                  007f89c0    00000040     dss_srr_pe674.oe674 (.text:ti_sysbios_BIOS_rtsLock__I)
                  007f8a00    00000040     dss_srr_pe674.oe674 (.text:ti_sysbios_BIOS_rtsUnlock__I)
                  007f8a40    00000040     sysbios.ae674 : BIOS.obj (.text:ti_sysbios_family_c64p_EventCombiner_disableEvent__E)
                  007f8a80    00000040                   : BIOS.obj (.text:ti_sysbios_family_c64p_EventCombiner_enableEvent__E)
                  007f8ac0    00000040                   : BIOS.obj (.text:ti_sysbios_family_c64p_Exception_externalHandler__I)
                  007f8b00    00000040                   : BIOS.obj (.text:ti_sysbios_family_c64p_Exception_nmiHandler__I)
                  007f8b40    00000040                   : BIOS.obj (.text:ti_sysbios_family_c64p_Hwi_disableIER__E)
                  007f8b80    00000040                   : BIOS.obj (.text:ti_sysbios_family_c64p_Hwi_dispatchC__I)
                  007f8bc0    00000040                   : BIOS.obj (.text:ti_sysbios_family_c64p_Hwi_enableIER__E)
                  007f8c00    00000040                   : BIOS.obj (.text:ti_sysbios_family_c64p_Hwi_getEventId__E)
                  007f8c40    00000040     dss_srr_pe674.oe674 (.text:ti_sysbios_gates_GateHwi_Handle__label__S)
                  007f8c80    00000040     dss_srr_pe674.oe674 (.text:ti_sysbios_gates_GateHwi_Object__delete__S)
                  007f8cc0    00000040     dss_srr_pe674.oe674 (.text:ti_sysbios_gates_GateMutex_Handle__label__S)
                  007f8d00    00000040     sysbios.ae674 : BIOS.obj (.text:ti_sysbios_gates_GateMutex_Instance_finalize__E)
                  007f8d40    00000040                   : BIOS.obj (.text:ti_sysbios_gates_GateMutex_Instance_init__E)
                  007f8d80    00000040                   : BIOS.obj (.text:ti_sysbios_gates_GateMutex_leave__E)
                  007f8dc0    00000040     dss_srr_pe674.oe674 (.text:ti_sysbios_heaps_HeapMem_Handle__label__S)
                  007f8e00    00000040     dss_srr_pe674.oe674 (.text:ti_sysbios_heaps_HeapMem_Object__delete__S)
                  007f8e40    00000040     dss_srr_pe674.oe674 (.text:ti_sysbios_heaps_HeapMem_Object__get__S)
                  007f8e80    00000040     sysbios.ae674 : BIOS.obj (.text:ti_sysbios_knl_Clock_addI__E)
                  007f8ec0    00000040                   : BIOS.obj (.text:ti_sysbios_knl_Semaphore_Instance_finalize__E)
                  007f8f00    00000040     dss_srr_pe674.oe674 (.text:ti_sysbios_knl_Semaphore_destruct)
                  007f8f40    00000040     dss_srr_pe674.oe674 (.text:ti_sysbios_knl_Task_Object__get__S)
                  007f8f80    00000040     sysbios.ae674 : BIOS.obj (.text:ti_sysbios_knl_Task_unblock__E)
                  007f8fc0    00000040                   : BIOS.obj (.text:ti_sysbios_timers_rti_Timer_ackInterrupt__E)
                  007f9000    00000040                   : BIOS.obj (.text:ti_sysbios_timers_rti_Timer_checkOverflow__I)
                  007f9040    00000040                   : BIOS.obj (.text:ti_sysbios_utils_Load_getTaskLoad__E)
                  007f9080    00000040     ti.targets.rts6000.ae674 : Error.oe674 (.text:xdc_runtime_Error_check__E)
                  007f90c0    00000040                              : Error.oe674 (.text:xdc_runtime_Error_init__E)
                  007f9100    00000040                              : Registry.oe674 (.text:xdc_runtime_Registry_findById__E)
                  007f9140    00000040                              : System.oe674 (.text:xdc_runtime_System_abort__E)
                  007f9180    00000040     dss_srr_pe674.oe674 (.text:xdc_runtime_System_aprintf__E)
                  007f91c0    00000040     ti.targets.rts6000.ae674 : System.oe674 (.text:xdc_runtime_System_exit__E)
                  007f9200    00000040     dss_srr_pe674.oe674 (.text:xdc_runtime_System_printf__E)
                  007f9240    00000020     libadcbuf_xwr16xx.ae674 : adcbuf_mmwave.oe674 (.text:ADCBUF_MMWave_init)
                  007f9260    00000020                             : ADCBuf.oe674 (.text:ADCBuf_Params_init)
                  007f9280    00000020                             : ADCBuf.oe674 (.text:ADCBuf_control)
                  007f92a0    00000020     libedma_xwr16xx.ae674 : edma_low_level.oe674 (.text:EDMA3ChannelToParamMap)
                  007f92c0    00000020                           : edma_low_level.oe674 (.text:EDMA3ClrCCErr)
                  007f92e0    00000020                           : edma_low_level.oe674 (.text:EDMA3DisableQdmaEvt)
                  007f9300    00000020                           : edma_low_level.oe674 (.text:EDMA3EnableQdmaEvt)
                  007f9320    00000020                           : edma_low_level.oe674 (.text:EDMA3ErrIntrHighStatusGet)
                  007f9340    00000020                           : edma_low_level.oe674 (.text:EDMA3GetCCErrStatus)
                  007f9360    00000020                           : edma_low_level.oe674 (.text:EDMA3GetErrIntrStatus)
                  007f9380    00000020                           : edma_low_level.oe674 (.text:EDMA3GetIntrStatus)
                  007f93a0    00000020                           : edma_low_level.oe674 (.text:EDMA3IntrStatusHighGet)
                  007f93c0    00000020                           : edma_low_level.oe674 (.text:EDMA3QdmaClrMissEvt)
                  007f93e0    00000020                           : edma_low_level.oe674 (.text:EDMA3QdmaGetErrIntrStatus)
                  007f9400    00000020                           : edma.oe674 (.text:EDMA_getNumInstances)
                  007f9420    00000020                           : edma_low_level.oe674 (.text:EDMAsetRegion)
                  007f9440    00000020     libosal_xwr16xx.ae674 : HwiP_tirtos.oe674 (.text:HwiP_Params_init)
                  007f9460    00000020                           : HwiP_tirtos.oe674 (.text:HwiP_disable)
                  007f9480    00000020                           : HwiP_tirtos.oe674 (.text:HwiP_disableInterrupt)
                  007f94a0    00000020                           : HwiP_tirtos.oe674 (.text:HwiP_enableInterrupt)
                  007f94c0    00000020                           : HwiP_tirtos.oe674 (.text:HwiP_restore)
                  007f94e0    00000020                           : MemoryP_tirtos.oe674 (.text:MemoryP_ctrlAlloc)
                  007f9500    00000020                           : MemoryP_tirtos.oe674 (.text:MemoryP_ctrlFree)
                  007f9520    00000020     dss_main.oe674 (.text:MmwDemo_mboxCallback)
                  007f9540    00000020     dss_main.oe674 (.text:MmwDemo_sleep)
                  007f9560    00000020     libosal_xwr16xx.ae674 : SemaphoreP_tirtos.oe674 (.text:SemaphoreP_Params_init)
                  007f9580    00000020                           : SemaphoreP_tirtos.oe674 (.text:SemaphoreP_pend)
                  007f95a0    00000020                           : SemaphoreP_tirtos.oe674 (.text:SemaphoreP_post)
                  007f95c0    00000020                           : DebugP_tirtos.oe674 (.text:_DebugP_assert)
                  007f95e0    00000020     rts6740_elf.lib : trunc.obj (.text:__c6xabi_trunc)
                  007f9600    00000020                     : push.obj (.text:__pop_rts)
                  007f9620    00000020                     : push.obj (.text:__push_rts)
                  007f9640    00000020     ti.targets.rts6000.ae674 : xdc_noinit.oe674 (.text:__xdc__init)
                  007f9660    00000020     rts6740_elf.lib : _lock.obj (.text:_nop)
                  007f9680    00000020                     : _lock.obj (.text:_register_lock)
                  007f96a0    00000020                     : _lock.obj (.text:_register_unlock)
                  007f96c0    00000020     sysbios.ae674 : c62_TaskSupport_asm.obj (.text:_ti_sysbios_family_c62_TaskSupport_glue)
                  007f96e0    00000020     rts6740_elf.lib : exit.obj (.text:abort)
                  007f9700    00000020                     : fputc.obj (.text:putchar)
                  007f9720    00000020     dss_srr_pe674.oe674 (.text:ti_sysbios_BIOS_RtsGateProxy_enter__E)
                  007f9740    00000020     dss_srr_pe674.oe674 (.text:ti_sysbios_BIOS_RtsGateProxy_leave__E)
                  007f9760    00000020     sysbios.ae674 : BIOS.obj (.text:ti_sysbios_BIOS_getCpuFreq__E)
                  007f9780    00000020                   : BIOS.obj (.text:ti_sysbios_BIOS_linkedWithIncorrectBootLibrary__E)
                  007f97a0    00000020     dss_srr_pe674.oe674 (.text:ti_sysbios_BIOS_nullFunc__I)
                  007f97c0    00000020     sysbios.ae674 : BIOS.obj (.text:ti_sysbios_BIOS_setThreadType__E)
                  007f97e0    00000020                   : BIOS.obj (.text:ti_sysbios_BIOS_start__E)
                  007f9800    00000020     dss_srr_pe674.oe674 (.text:ti_sysbios_family_c62_TaskSupport_Module__startupDone__S)
                  007f9820    00000020     sysbios.ae674 : BIOS.obj (.text:ti_sysbios_family_c62_TaskSupport_checkStack__E)
                  007f9840    00000020                   : BIOS.obj (.text:ti_sysbios_family_c62_TaskSupport_getStackAlignment__E)
                  007f9860    00000020     dss_srr_pe674.oe674 (.text:ti_sysbios_family_c64p_Hwi_Module__startupDone__F)
                  007f9880    00000020     sysbios.ae674 : BIOS.obj (.text:ti_sysbios_family_c64p_Hwi_clearInterrupt__E)
                  007f98a0    00000020                   : BIOS.obj (.text:ti_sysbios_family_c64p_Hwi_disableInterrupt__E)
                  007f98c0    00000020                   : BIOS.obj (.text:ti_sysbios_family_c64p_Hwi_enableInterrupt__E)
                  007f98e0    00000020                   : BIOS.obj (.text:ti_sysbios_family_c64p_Hwi_getIsrStackAddress__I)
                  007f9900    00000020                   : BIOS.obj (.text:ti_sysbios_family_c64p_Hwi_startup__E)
                  007f9920    00000020                   : BIOS.obj (.text:ti_sysbios_family_c64p_Hwi_switchFromBootStack__E)
                  007f9940    00000020                   : BIOS.obj (.text:ti_sysbios_family_c64p_TimestampProvider_Module_startup__E)
                  007f9960    00000020                   : BIOS.obj (.text:ti_sysbios_family_c64p_TimestampProvider_get32__E)
                  007f9980    00000020                   : BIOS.obj (.text:ti_sysbios_gates_GateHwi_Instance_init__E)
                  007f99a0    00000020                   : BIOS.obj (.text:ti_sysbios_gates_GateHwi_enter__E)
                  007f99c0    00000020                   : BIOS.obj (.text:ti_sysbios_gates_GateHwi_leave__E)
                  007f99e0    00000020                   : BIOS.obj (.text:ti_sysbios_gates_GateHwi_query__E)
                  007f9a00    00000020                   : BIOS.obj (.text:ti_sysbios_gates_GateMutex_query__E)
                  007f9a20    00000020                   : BIOS.obj (.text:ti_sysbios_hal_Hwi_Module_startup__E)
                  007f9a40    00000020     dss_srr_pe674.oe674 (.text:ti_sysbios_heaps_HeapMem_Module_GateProxy_enter__E)
                  007f9a60    00000020     dss_srr_pe674.oe674 (.text:ti_sysbios_heaps_HeapMem_Module_GateProxy_leave__E)
                  007f9a80    00000020     sysbios.ae674 : BIOS.obj (.text:ti_sysbios_heaps_HeapMem_isBlocking__E)
                  007f9aa0    00000020                   : BIOS.obj (.text:ti_sysbios_heaps_HeapMem_restore__E)
                  007f9ac0    00000020     dss_srr_pe674.oe674 (.text:ti_sysbios_knl_Clock_TimerProxy_getMaxTicks__E)
                  007f9ae0    00000020     sysbios.ae674 : BIOS.obj (.text:ti_sysbios_knl_Clock_removeI__E)
                  007f9b00    00000020                   : BIOS.obj (.text:ti_sysbios_knl_Clock_startI__E)
                  007f9b20    00000020                   : BIOS.obj (.text:ti_sysbios_knl_Idle_loop__E)
                  007f9b40    00000020                   : BIOS.obj (.text:ti_sysbios_knl_Queue_Instance_init__E)
                  007f9b60    00000020     dss_srr_pe674.oe674 (.text:ti_sysbios_knl_Queue_Object__get__S)
                  007f9b80    00000020     sysbios.ae674 : BIOS.obj (.text:ti_sysbios_knl_Queue_dequeue__E)
                  007f9ba0    00000020     dss_srr_pe674.oe674 (.text:ti_sysbios_knl_Queue_destruct)
                  007f9bc0    00000020     sysbios.ae674 : BIOS.obj (.text:ti_sysbios_knl_Queue_empty__E)
                  007f9be0    00000020                   : BIOS.obj (.text:ti_sysbios_knl_Queue_enqueue__E)
                  007f9c00    00000020                   : BIOS.obj (.text:ti_sysbios_knl_Queue_put__E)
                  007f9c20    00000020     dss_srr_pe674.oe674 (.text:ti_sysbios_knl_Semaphore_Params__init__S)
                  007f9c40    00000020     dss_srr_pe674.oe674 (.text:ti_sysbios_knl_Task_Params__init__S)
                  007f9c60    00000020     sysbios.ae674 : BIOS.obj (.text:ti_sysbios_knl_Task_disable__E)
                  007f9c80    00000020                   : BIOS.obj (.text:ti_sysbios_knl_Task_enabled__E)
                  007f9ca0    00000020                   : BIOS.obj (.text:ti_sysbios_knl_Task_startup__E)
                  007f9cc0    00000020     dss_srr_pe674.oe674 (.text:ti_sysbios_timers_rti_Timer_Module__startupDone__F)
                  007f9ce0    00000020     sysbios.ae674 : BIOS.obj (.text:ti_sysbios_timers_rti_Timer_getMaxTicks__E)
                  007f9d00    00000020                   : BIOS.obj (.text:ti_sysbios_timers_rti_Timer_periodicStub__E)
                  007f9d20    00000020                   : BIOS.obj (.text:ti_sysbios_utils_Load_taskRegHook__E)
                  007f9d40    00000020     ti.targets.rts6000.ae674 : Error.oe674 (.text:xdc_runtime_Error_getSite__E)
                  007f9d60    00000020                              : Error.oe674 (.text:xdc_runtime_Error_raiseX__E)
                  007f9d80    00000020                              : Gate.oe674 (.text:xdc_runtime_Gate_enterSystem__E)
                  007f9da0    00000020                              : Gate.oe674 (.text:xdc_runtime_Gate_leaveSystem__E)
                  007f9dc0    00000020     dss_srr_pe674.oe674 (.text:xdc_runtime_IHeap_alloc)
                  007f9de0    00000020     dss_srr_pe674.oe674 (.text:xdc_runtime_IHeap_free)
                  007f9e00    00000020     ti.targets.rts6000.ae674 : Memory.oe674 (.text:xdc_runtime_Memory_calloc__E)
                  007f9e20    00000020                              : Memory.oe674 (.text:xdc_runtime_Memory_free__E)
                  007f9e40    00000020                              : Memory.oe674 (.text:xdc_runtime_Memory_getMaxDefaultTypeAlign__E)
                  007f9e60    00000020     dss_srr_pe674.oe674 (.text:xdc_runtime_Startup_exec__I)
                  007f9e80    00000020     dss_srr_pe674.oe674 (.text:xdc_runtime_Startup_reset__I)
                  007f9ea0    00000020     ti.targets.rts6000.ae674 : Startup.oe674 (.text:xdc_runtime_Startup_rtsDone__E)
                  007f9ec0    00000020                              : SysStd.oe674 (.text:xdc_runtime_SysStd_exit__E)
                  007f9ee0    00000020                              : SysStd.oe674 (.text:xdc_runtime_SysStd_putch__E)
                  007f9f00    00000020                              : SysStd.oe674 (.text:xdc_runtime_SysStd_ready__E)
                  007f9f20    00000020     dss_srr_pe674.oe674 (.text:xdc_runtime_System_Module_GateProxy_enter__E)
                  007f9f40    00000020     dss_srr_pe674.oe674 (.text:xdc_runtime_System_Module_GateProxy_leave__E)
                  007f9f60    00000020     ti.targets.rts6000.ae674 : System.oe674 (.text:xdc_runtime_System_Module_startup__E)
                  007f9f80    00000020                              : System.oe674 (.text:xdc_runtime_System_vsnprintf__E)
                  007f9fa0    00000020                              : Text.oe674 (.text:xdc_runtime_Text_ropeText__E)
                  007f9fc0    00000020     dss_srr_pe674.oe674 (.text:xdc_runtime_Text_visitRope__I)
                  007f9fe0    00000010     mathlib.ae674 : rsqrtsp.oe674 ($Tramp$S$$rsqrtsp)
                  007f9ff0    00000010     dss_data_path.oe674 ($Tramp$S$$MmwDemo_waitEndOfChirps)
                  007fa000    00000010     dss_data_path.oe674 ($Tramp$S$$MmwDemo_processChirp)
                  007fa010    00000010     clusteringDBscan.oe674 ($Tramp$S$$clusteringDBscan_findNeighbors2Fixed)
                  007fa020    00000010     mathlib.ae674 : sqrtsp.oe674 ($Tramp$S$$sqrtsp)
                  007fa030    00000010     Extended_Kalman_Filter_xyz.oe674 ($Tramp$S$$isTargetWithinDataAssociationThresh)
                  007fa040    00000010     dss_data_path.oe674 ($Tramp$S$$azimuthProcessing)
                  007fa050    00000010     dss_data_path.oe674 ($Tramp$S$$rangeBasedPruning)
                  007fa060    00000010     dss_data_path.oe674 ($Tramp$S$$cfarCadB_SO_withSNR)
                  007fa070    00000010     mathlib.ae674 : recipsp.oe674 ($Tramp$S$$recipsp)
                  007fa080    00000010                   : exp2sp.oe674 ($Tramp$S$$exp2sp)
                  007fa090    00000010                   : divsp.oe674 ($Tramp$S$$divsp)
                  007fa0a0    00000010     dss_data_path.oe674 ($Tramp$S$$cfarCa_SO_dBwrap_withSNR)
                  007fa0b0    00000010     dss_data_path.oe674 ($Tramp$S$$secondDimFFTandLog2Computation)

.l2data    0    00800000    0000c000     UNINITIALIZED
                  00800000    0000c000     dss_data_path.oe674 (.l2data)

systemHeap 
*          0    0080c000    00004000     UNINITIALIZED
                  0080c000    00004000     dss_srr_pe674.oe674 (systemHeap)

.const     0    00810000    00000e19     
                  00810000    00000518     sysbios.ae674 : BIOS.obj (.const:.string)
                  00810518    00000068     libedma_xwr16xx.ae674 : edma_xwr1xxx.oe674 (.const:gEdmaHwAttrs)
                  00810580    00000064     dss_srr_pe674.oe674 (.const:.string)
                  008105e4    00000058     libedma_xwr16xx.ae674 : edma.oe674 (.const:.string)
                  0081063c    00000058     ti.targets.rts6000.ae674 : Error.oe674 (.const:.string)
                  00810694    0000004c     libmailbox_xwr16xx.ae674 : mailbox.oe674 (.const:.string)
                  008106e0    00000048     dss_data_path.oe674 (.const:.string)
                  00810728    00000044     dss_main.oe674 (.const:.string)
                  0081076c    00000004     ti.targets.rts6000.ae674 : Assert.oe674 (.const:.string)
                  00810770    00000040     libmmwavealg_xwr16xx.ae674 : mmwavelib_log2abs.oe674 (.const:.string:c_Log2LookUp)
                  008107b0    00000040     ti.targets.rts6000.ae674 : Text.oe674 (.const:.string)
                  008107f0    0000003c     libsoc_xwr16xx.ae674 : soc_xwr16xx_dss.oe674 (.const:.string)
                  0081082c    0000003c     dss_srr_pe674.oe674 (.const:ti_sysbios_knl_Task_Object__PARAMS__C)
                  00810868    0000002c     ti.targets.rts6000.ae674 : Startup.oe674 (.const:.string)
                  00810894    00000028     dss_srr_pe674.oe674 (.const:ti_sysbios_heaps_HeapMem_Module__FXNS__C)
                  008108bc    00000004     dss_srr_pe674.oe674 (.const:ti_sysbios_family_c62_TaskSupport_stackAlignment__C)
                  008108c0    00000028     dss_srr_pe674.oe674 (.const:xdc_runtime_Startup_sfxnTab__A)
                  008108e8    00000024     libmailbox_xwr16xx.ae674 : mailbox.oe674 (.const)
                  0081090c    00000024     dss_srr_pe674.oe674 (.const:ti_sysbios_gates_GateHwi_Module__FXNS__C)
                  00810930    00000024     dss_srr_pe674.oe674 (.const:ti_sysbios_gates_GateMutex_Module__FXNS__C)
                  00810954    00000024     dss_srr_pe674.oe674 (.const:ti_sysbios_heaps_HeapMem_Object__PARAMS__C)
                  00810978    00000024     dss_srr_pe674.oe674 (.const:ti_sysbios_knl_Semaphore_Object__PARAMS__C)
                  0081099c    00000020     libosal_xwr16xx.ae674 : SemaphoreP_tirtos.oe674 (.const:.string)
                  008109bc    00000020     dss_srr_pe674.oe674 (.const:ti_sysbios_gates_GateHwi_Object__DESC__C)
                  008109dc    00000020     dss_srr_pe674.oe674 (.const:ti_sysbios_gates_GateMutex_Object__DESC__C)
                  008109fc    00000020     dss_srr_pe674.oe674 (.const:ti_sysbios_heaps_HeapMem_Object__DESC__C)
                  00810a1c    00000020     dss_srr_pe674.oe674 (.const:ti_sysbios_knl_Queue_Object__DESC__C)
                  00810a3c    00000020     dss_srr_pe674.oe674 (.const:ti_sysbios_knl_Semaphore_Object__DESC__C)
                  00810a5c    00000020     dss_srr_pe674.oe674 (.const:ti_sysbios_knl_Task_Object__DESC__C)
                  00810a7c    00000018     ti.targets.rts6000.ae674 : System.oe674 (.const:.string)
                  00810a94    00000018     dss_srr_pe674.oe674 (.const:ti_sysbios_gates_GateHwi_Object__PARAMS__C)
                  00810aac    00000018     dss_srr_pe674.oe674 (.const:ti_sysbios_gates_GateMutex_Object__PARAMS__C)
                  00810ac4    00000018     dss_srr_pe674.oe674 (.const:ti_sysbios_knl_Queue_Object__PARAMS__C)
                  00810adc    00000004     dss_srr_pe674.oe674 (.const:ti_sysbios_family_c64p_Cache_E_invalidL1CacheSize__C)
                  00810ae0    00000018     dss_srr_pe674.oe674 (.const:ti_sysbios_knl_Task_hooks__A)
                  00810af8    00000014     libadcbuf_xwr16xx.ae674 : adcbuf_mmwave.oe674 (.const:.string)
                  00810b0c    00000014                             : adcbuf_mmwave.oe674 (.const)
                  00810b20    00000014     dss_srr_pe674.oe674 (.const:xdc_runtime_Startup_sfxnRts__A)
                  00810b34    00000004     dss_srr_pe674.oe674 (.const:ti_sysbios_family_c64p_Cache_E_invalidL2CacheSize__C)
                  00810b38    00000010     libedma_xwr16xx.ae674 : edma.oe674 (.const:EDMA_config$1)
                  00810b48    00000010     libadcbuf_xwr16xx.ae674 : adcbuf_xwr1xxx.oe674 (.const:gADCBufHwCfg)
                  00810b58    00000010     dss_srr_pe674.oe674 (.const:ti_sysbios_family_c64p_EventCombiner_EVTMASK__C)
                  00810b68    0000000c     libadcbuf_xwr16xx.ae674 : ADCBuf.oe674 (.const)
                  00810b74    00000004     dss_srr_pe674.oe674 (.const:ti_sysbios_family_c64p_Cache_MAR0_31__C)
                  00810b78    0000000c     dss_srr_pe674.oe674 (.const:ti_sysbios_knl_Idle_funcList__A)
                  00810b84    00000008     dss_srr_pe674.oe674 (.const:ti_sysbios_knl_Idle_funcList__C)
                  00810b8c    00000008     dss_srr_pe674.oe674 (.const:ti_sysbios_knl_Task_hooks__C)
                  00810b94    00000004     dss_srr_pe674.oe674 (.const:ti_sysbios_family_c64p_Cache_MAR128_159__C)
                  00810b98    00000008     dss_srr_pe674.oe674 (.const:xdc_runtime_Startup_firstFxns__A)
                  00810ba0    00000008     dss_srr_pe674.oe674 (.const:xdc_runtime_Startup_firstFxns__C)
                  00810ba8    00000008     dss_srr_pe674.oe674 (.const:xdc_runtime_Startup_lastFxns__C)
                  00810bb0    00000004     dss_srr_pe674.oe674 (.const:ti_sysbios_family_c64p_Cache_MAR160_191__C)
                  00810bb4    00000004     dss_srr_pe674.oe674 (.const:ti_sysbios_family_c64p_Cache_MAR192_223__C)
                  00810bb8    00000004     dss_srr_pe674.oe674 (.const:ti_sysbios_family_c64p_Cache_MAR224_255__C)
                  00810bbc    00000004     dss_srr_pe674.oe674 (.const:ti_sysbios_family_c64p_Cache_MAR32_63__C)
                  00810bc0    00000004     dss_srr_pe674.oe674 (.const:ti_sysbios_family_c64p_Cache_MAR64_95__C)
                  00810bc4    00000004     dss_srr_pe674.oe674 (.const:ti_sysbios_family_c64p_Cache_MAR96_127__C)
                  00810bc8    00000004     dss_srr_pe674.oe674 (.const:ti_sysbios_family_c64p_EventCombiner_A_invalidEventId__C)
                  00810bcc    00000004     dss_srr_pe674.oe674 (.const:ti_sysbios_family_c64p_EventCombiner_E_unpluggedEvent__C)
                  00810bd0    00000004     dss_srr_pe674.oe674 (.const:ti_sysbios_family_c64p_EventCombiner_Module__diagsEnabled__C)
                  00810bd4    00000004     dss_srr_pe674.oe674 (.const:ti_sysbios_family_c64p_EventCombiner_Module__diagsIncluded__C)
                  00810bd8    00000004     dss_srr_pe674.oe674 (.const:ti_sysbios_family_c64p_EventCombiner_Module__diagsMask__C)
                  00810bdc    00000004     dss_srr_pe674.oe674 (.const:ti_sysbios_family_c64p_Exception_E_exceptionMax__C)
                  00810be0    00000004     dss_srr_pe674.oe674 (.const:ti_sysbios_family_c64p_Exception_exceptionHook__C)
                  00810be4    00000004     dss_srr_pe674.oe674 (.const:ti_sysbios_family_c64p_Exception_externalHook__C)
                  00810be8    00000004     dss_srr_pe674.oe674 (.const:ti_sysbios_family_c64p_Exception_internalHook__C)
                  00810bec    00000004     dss_srr_pe674.oe674 (.const:ti_sysbios_family_c64p_Exception_nmiHook__C)
                  00810bf0    00000004     dss_srr_pe674.oe674 (.const:ti_sysbios_family_c64p_Hwi_LD_end__C)
                  00810bf4    00000004     dss_srr_pe674.oe674 (.const:ti_sysbios_family_c64p_Hwi_LM_begin__C)
                  00810bf8    00000004     dss_srr_pe674.oe674 (.const:ti_sysbios_family_c64p_Hwi_Module__diagsEnabled__C)
                  00810bfc    00000004     dss_srr_pe674.oe674 (.const:ti_sysbios_family_c64p_Hwi_Module__diagsIncluded__C)
                  00810c00    00000004     dss_srr_pe674.oe674 (.const:ti_sysbios_family_c64p_Hwi_Module__diagsMask__C)
                  00810c04    00000004     dss_srr_pe674.oe674 (.const:ti_sysbios_family_c64p_Hwi_Module__loggerFxn1__C)
                  00810c08    00000004     dss_srr_pe674.oe674 (.const:ti_sysbios_family_c64p_Hwi_Module__loggerFxn8__C)
                  00810c0c    00000004     dss_srr_pe674.oe674 (.const:ti_sysbios_family_c64p_Hwi_Module__loggerObj__C)
                  00810c10    00000004     dss_srr_pe674.oe674 (.const:ti_sysbios_gates_GateMutex_A_badContext__C)
                  00810c14    00000004     dss_srr_pe674.oe674 (.const:ti_sysbios_gates_GateMutex_Instance_State_sem__O)
                  00810c18    00000004     dss_srr_pe674.oe674 (.const:ti_sysbios_gates_GateMutex_Module__diagsEnabled__C)
                  00810c1c    00000004     dss_srr_pe674.oe674 (.const:ti_sysbios_gates_GateMutex_Module__diagsIncluded__C)
                  00810c20    00000004     dss_srr_pe674.oe674 (.const:ti_sysbios_gates_GateMutex_Module__diagsMask__C)
                  00810c24    00000004     dss_srr_pe674.oe674 (.const:ti_sysbios_hal_Hwi_E_stackOverflow__C)
                  00810c28    00000004     dss_srr_pe674.oe674 (.const:ti_sysbios_heaps_HeapMem_A_align__C)
                  00810c2c    00000004     dss_srr_pe674.oe674 (.const:ti_sysbios_heaps_HeapMem_A_heapSize__C)
                  00810c30    00000004     dss_srr_pe674.oe674 (.const:ti_sysbios_heaps_HeapMem_A_invalidFree__C)
                  00810c34    00000004     dss_srr_pe674.oe674 (.const:ti_sysbios_heaps_HeapMem_A_zeroBlock__C)
                  00810c38    00000004     dss_srr_pe674.oe674 (.const:ti_sysbios_heaps_HeapMem_E_memory__C)
                  00810c3c    00000004     dss_srr_pe674.oe674 (.const:ti_sysbios_heaps_HeapMem_Module__diagsEnabled__C)
                  00810c40    00000004     dss_srr_pe674.oe674 (.const:ti_sysbios_heaps_HeapMem_Module__diagsIncluded__C)
                  00810c44    00000004     dss_srr_pe674.oe674 (.const:ti_sysbios_heaps_HeapMem_Module__diagsMask__C)
                  00810c48    00000004     dss_srr_pe674.oe674 (.const:ti_sysbios_heaps_HeapMem_Module__gateObj__C)
                  00810c4c    00000004     dss_srr_pe674.oe674 (.const:ti_sysbios_heaps_HeapMem_Object__count__C)
                  00810c50    00000004     dss_srr_pe674.oe674 (.const:ti_sysbios_heaps_HeapMem_reqAlign__C)
                  00810c54    00000004     dss_srr_pe674.oe674 (.const:ti_sysbios_knl_Clock_LM_begin__C)
                  00810c58    00000004     dss_srr_pe674.oe674 (.const:ti_sysbios_knl_Clock_LM_tick__C)
                  00810c5c    00000004     dss_srr_pe674.oe674 (.const:ti_sysbios_knl_Clock_LW_delayed__C)
                  00810c60    00000004     dss_srr_pe674.oe674 (.const:ti_sysbios_knl_Clock_Module_State_clockQ__O)
                  00810c64    00000004     dss_srr_pe674.oe674 (.const:ti_sysbios_knl_Clock_Module__diagsEnabled__C)
                  00810c68    00000004     dss_srr_pe674.oe674 (.const:ti_sysbios_knl_Clock_Module__diagsIncluded__C)
                  00810c6c    00000004     dss_srr_pe674.oe674 (.const:ti_sysbios_knl_Clock_Module__diagsMask__C)
                  00810c70    00000004     dss_srr_pe674.oe674 (.const:ti_sysbios_knl_Clock_Module__loggerFxn1__C)
                  00810c74    00000004     dss_srr_pe674.oe674 (.const:ti_sysbios_knl_Clock_Module__loggerFxn2__C)
                  00810c78    00000004     dss_srr_pe674.oe674 (.const:ti_sysbios_knl_Clock_Module__loggerObj__C)
                  00810c7c    00000004     dss_srr_pe674.oe674 (.const:ti_sysbios_knl_Semaphore_A_badContext__C)
                  00810c80    00000004     dss_srr_pe674.oe674 (.const:ti_sysbios_knl_Semaphore_A_noEvents__C)
                  00810c84    00000004     dss_srr_pe674.oe674 (.const:ti_sysbios_knl_Semaphore_A_overflow__C)
                  00810c88    00000004     dss_srr_pe674.oe674 (.const:ti_sysbios_knl_Semaphore_A_pendTaskDisabled__C)
                  00810c8c    00000004     dss_srr_pe674.oe674 (.const:ti_sysbios_knl_Semaphore_Instance_State_pendQ__O)
                  00810c90    00000004     dss_srr_pe674.oe674 (.const:ti_sysbios_knl_Semaphore_LM_pend__C)
                  00810c94    00000004     dss_srr_pe674.oe674 (.const:ti_sysbios_knl_Semaphore_LM_post__C)
                  00810c98    00000004     dss_srr_pe674.oe674 (.const:ti_sysbios_knl_Semaphore_Module__diagsEnabled__C)
                  00810c9c    00000004     dss_srr_pe674.oe674 (.const:ti_sysbios_knl_Semaphore_Module__diagsIncluded__C)
                  00810ca0    00000004     dss_srr_pe674.oe674 (.const:ti_sysbios_knl_Semaphore_Module__diagsMask__C)
                  00810ca4    00000004     dss_srr_pe674.oe674 (.const:ti_sysbios_knl_Semaphore_Module__loggerFxn2__C)
                  00810ca8    00000004     dss_srr_pe674.oe674 (.const:ti_sysbios_knl_Semaphore_Module__loggerFxn4__C)
                  00810cac    00000004     dss_srr_pe674.oe674 (.const:ti_sysbios_knl_Semaphore_Module__loggerObj__C)
                  00810cb0    00000004     dss_srr_pe674.oe674 (.const:ti_sysbios_knl_Task_A_badPriority__C)
                  00810cb4    00000004     dss_srr_pe674.oe674 (.const:ti_sysbios_knl_Task_A_badTaskState__C)
                  00810cb8    00000004     dss_srr_pe674.oe674 (.const:ti_sysbios_knl_Task_A_badThreadType__C)
                  00810cbc    00000004     dss_srr_pe674.oe674 (.const:ti_sysbios_knl_Task_A_noPendElem__C)
                  00810cc0    00000004     dss_srr_pe674.oe674 (.const:ti_sysbios_knl_Task_E_spOutOfBounds__C)
                  00810cc4    00000004     dss_srr_pe674.oe674 (.const:ti_sysbios_knl_Task_E_stackOverflow__C)
                  00810cc8    00000004     dss_srr_pe674.oe674 (.const:ti_sysbios_knl_Task_LD_block__C)
                  00810ccc    00000004     dss_srr_pe674.oe674 (.const:ti_sysbios_knl_Task_LD_exit__C)
                  00810cd0    00000004     dss_srr_pe674.oe674 (.const:ti_sysbios_knl_Task_LD_ready__C)
                  00810cd4    00000004     dss_srr_pe674.oe674 (.const:ti_sysbios_knl_Task_LM_switch__C)
                  00810cd8    00000004     dss_srr_pe674.oe674 (.const:ti_sysbios_knl_Task_Module_State_inactiveQ__O)
                  00810cdc    00000004     dss_srr_pe674.oe674 (.const:ti_sysbios_knl_Task_Module__diagsEnabled__C)
                  00810ce0    00000004     dss_srr_pe674.oe674 (.const:ti_sysbios_knl_Task_Module__diagsIncluded__C)
                  00810ce4    00000004     dss_srr_pe674.oe674 (.const:ti_sysbios_knl_Task_Module__diagsMask__C)
                  00810ce8    00000004     dss_srr_pe674.oe674 (.const:ti_sysbios_knl_Task_Module__loggerFxn2__C)
                  00810cec    00000004     dss_srr_pe674.oe674 (.const:ti_sysbios_knl_Task_Module__loggerFxn4__C)
                  00810cf0    00000004     dss_srr_pe674.oe674 (.const:ti_sysbios_knl_Task_Module__loggerObj__C)
                  00810cf4    00000004     dss_srr_pe674.oe674 (.const:ti_sysbios_knl_Task_Object__count__C)
                  00810cf8    00000004     dss_srr_pe674.oe674 (.const:ti_sysbios_knl_Task_Object__heap__C)
                  00810cfc    00000004     dss_srr_pe674.oe674 (.const:ti_sysbios_knl_Task_allBlockedFunc__C)
                  00810d00    00000004     dss_srr_pe674.oe674 (.const:ti_sysbios_knl_Task_defaultStackHeap__C)
                  00810d04    00000004     dss_srr_pe674.oe674 (.const:ti_sysbios_knl_Task_defaultStackSize__C)
                  00810d08    00000004     dss_srr_pe674.oe674 (.const:ti_sysbios_knl_Task_numConstructedTasks__C)
                  00810d0c    00000004     dss_srr_pe674.oe674 (.const:ti_sysbios_timers_rti_Timer_E_cannotSupport__C)
                  00810d10    00000004     dss_srr_pe674.oe674 (.const:ti_sysbios_timers_rti_Timer_Module__diagsEnabled__C)
                  00810d14    00000004     dss_srr_pe674.oe674 (.const:ti_sysbios_timers_rti_Timer_Module__diagsIncluded__C)
                  00810d18    00000004     dss_srr_pe674.oe674 (.const:ti_sysbios_timers_rti_Timer_Module__diagsMask__C)
                  00810d1c    00000004     dss_srr_pe674.oe674 (.const:ti_sysbios_timers_rti_Timer_numTimerDevices__C)
                  00810d20    00000004     dss_srr_pe674.oe674 (.const:ti_sysbios_timers_rti_Timer_startupNeeded__C)
                  00810d24    00000004     dss_srr_pe674.oe674 (.const:ti_sysbios_utils_Load_LS_cpuLoad__C)
                  00810d28    00000004     dss_srr_pe674.oe674 (.const:ti_sysbios_utils_Load_LS_taskLoad__C)
                  00810d2c    00000004     dss_srr_pe674.oe674 (.const:ti_sysbios_utils_Load_Module_State_taskList__O)
                  00810d30    00000004     dss_srr_pe674.oe674 (.const:ti_sysbios_utils_Load_Module__diagsEnabled__C)
                  00810d34    00000004     dss_srr_pe674.oe674 (.const:ti_sysbios_utils_Load_Module__diagsIncluded__C)
                  00810d38    00000004     dss_srr_pe674.oe674 (.const:ti_sysbios_utils_Load_Module__diagsMask__C)
                  00810d3c    00000004     dss_srr_pe674.oe674 (.const:ti_sysbios_utils_Load_Module__loggerFxn1__C)
                  00810d40    00000004     dss_srr_pe674.oe674 (.const:ti_sysbios_utils_Load_Module__loggerFxn4__C)
                  00810d44    00000004     dss_srr_pe674.oe674 (.const:ti_sysbios_utils_Load_Module__loggerObj__C)
                  00810d48    00000004     dss_srr_pe674.oe674 (.const:ti_sysbios_utils_Load_postUpdate__C)
                  00810d4c    00000004     dss_srr_pe674.oe674 (.const:ti_sysbios_utils_Load_windowInMs__C)
                  00810d50    00000004     dss_srr_pe674.oe674 (.const:xdc_runtime_Assert_E_assertFailed__C)
                  00810d54    00000004     dss_srr_pe674.oe674 (.const:xdc_runtime_Core_A_initializedParams__C)
                  00810d58    00000004     dss_srr_pe674.oe674 (.const:xdc_runtime_Core_Module__diagsEnabled__C)
                  00810d5c    00000004     dss_srr_pe674.oe674 (.const:xdc_runtime_Core_Module__diagsIncluded__C)
                  00810d60    00000004     dss_srr_pe674.oe674 (.const:xdc_runtime_Core_Module__diagsMask__C)
                  00810d64    00000004     dss_srr_pe674.oe674 (.const:xdc_runtime_Error_E_memory__C)
                  00810d68    00000004     dss_srr_pe674.oe674 (.const:xdc_runtime_Error_Module__diagsEnabled__C)
                  00810d6c    00000004     dss_srr_pe674.oe674 (.const:xdc_runtime_Error_Module__diagsIncluded__C)
                  00810d70    00000004     dss_srr_pe674.oe674 (.const:xdc_runtime_Error_Module__diagsMask__C)
                  00810d74    00000004     dss_srr_pe674.oe674 (.const:xdc_runtime_Error_Module__loggerFxn8__C)
                  00810d78    00000004     dss_srr_pe674.oe674 (.const:xdc_runtime_Error_Module__loggerObj__C)
                  00810d7c    00000004     dss_srr_pe674.oe674 (.const:xdc_runtime_Error_policyFxn__C)
                  00810d80    00000004     dss_srr_pe674.oe674 (.const:xdc_runtime_Error_policy__C)
                  00810d84    00000004     dss_srr_pe674.oe674 (.const:xdc_runtime_Error_raiseHook__C)
                  00810d88    00000004     dss_srr_pe674.oe674 (.const:xdc_runtime_IGateProvider_Interface__BASE__C)
                  00810d8c    00000004     dss_srr_pe674.oe674 (.const:xdc_runtime_IHeap_Interface__BASE__C)
                  00810d90    00000004     dss_srr_pe674.oe674 (.const:xdc_runtime_IModule_Interface__BASE__C)
                  00810d94    00000004     dss_srr_pe674.oe674 (.const:xdc_runtime_Log_L_error__C)
                  00810d98    00000004     dss_srr_pe674.oe674 (.const:xdc_runtime_Memory_defaultHeapInstance__C)
                  00810d9c    00000004     dss_srr_pe674.oe674 (.const:xdc_runtime_Startup_execImpl__C)
                  00810da0    00000004     dss_srr_pe674.oe674 (.const:xdc_runtime_Startup_maxPasses__C)
                  00810da4    00000004     dss_srr_pe674.oe674 (.const:xdc_runtime_Startup_sfxnRts__C)
                  00810da8    00000004     dss_srr_pe674.oe674 (.const:xdc_runtime_Startup_sfxnTab__C)
                  00810dac    00000004     dss_srr_pe674.oe674 (.const:xdc_runtime_System_Module__gateObj__C)
                  00810db0    00000004     dss_srr_pe674.oe674 (.const:xdc_runtime_System_abortFxn__C)
                  00810db4    00000004     dss_srr_pe674.oe674 (.const:xdc_runtime_System_exitFxn__C)
                  00810db8    00000004     dss_srr_pe674.oe674 (.const:xdc_runtime_System_extendFxn__C)
                  00810dbc    00000004     dss_srr_pe674.oe674 (.const:xdc_runtime_System_maxAtexitHandlers__C)
                  00810dc0    00000004     dss_srr_pe674.oe674 (.const:xdc_runtime_Text_charTab__C)
                  00810dc4    00000004     dss_srr_pe674.oe674 (.const:xdc_runtime_Text_nameEmpty__C)
                  00810dc8    00000004     dss_srr_pe674.oe674 (.const:xdc_runtime_Text_nameStatic__C)
                  00810dcc    00000004     dss_srr_pe674.oe674 (.const:xdc_runtime_Text_nameUnknown__C)
                  00810dd0    00000004     dss_srr_pe674.oe674 (.const:xdc_runtime_Text_nodeTab__A)
                  00810dd4    00000004     dss_srr_pe674.oe674 (.const:xdc_runtime_Text_visitRopeFxn__C)
                  00810dd8    00000002     dss_srr_pe674.oe674 (.const:ti_sysbios_family_c64p_Cache_Module__id__C)
                  00810dda    00000002     dss_srr_pe674.oe674 (.const:ti_sysbios_family_c64p_EventCombiner_Module__id__C)
                  00810ddc    00000002     dss_srr_pe674.oe674 (.const:ti_sysbios_family_c64p_Exception_Module__id__C)
                  00810dde    00000002     dss_srr_pe674.oe674 (.const:ti_sysbios_family_c64p_Exception_useInternalBuffer__C)
                  00810de0    00000002     dss_srr_pe674.oe674 (.const:ti_sysbios_family_c64p_Hwi_Module__id__C)
                  00810de2    00000002     dss_srr_pe674.oe674 (.const:ti_sysbios_family_c64p_Hwi_Module__loggerDefined__C)
                  00810de4    00000002     dss_srr_pe674.oe674 (.const:ti_sysbios_gates_GateMutex_Module__id__C)
                  00810de6    00000002     dss_srr_pe674.oe674 (.const:ti_sysbios_hal_Hwi_Module__id__C)
                  00810de8    00000002     dss_srr_pe674.oe674 (.const:ti_sysbios_heaps_HeapMem_Module__id__C)
                  00810dea    00000002     dss_srr_pe674.oe674 (.const:ti_sysbios_knl_Clock_Module__id__C)
                  00810dec    00000002     dss_srr_pe674.oe674 (.const:ti_sysbios_knl_Clock_Module__loggerDefined__C)
                  00810dee    00000002     dss_srr_pe674.oe674 (.const:ti_sysbios_knl_Semaphore_Module__id__C)
                  00810df0    00000002     dss_srr_pe674.oe674 (.const:ti_sysbios_knl_Semaphore_Module__loggerDefined__C)
                  00810df2    00000002     dss_srr_pe674.oe674 (.const:ti_sysbios_knl_Task_Module__id__C)
                  00810df4    00000002     dss_srr_pe674.oe674 (.const:ti_sysbios_knl_Task_Module__loggerDefined__C)
                  00810df6    00000002     dss_srr_pe674.oe674 (.const:ti_sysbios_timers_rti_Timer_Module__id__C)
                  00810df8    00000002     dss_srr_pe674.oe674 (.const:ti_sysbios_timers_rti_Timer_continueOnSuspend__C)
                  00810dfa    00000002     dss_srr_pe674.oe674 (.const:ti_sysbios_utils_Load_Module__id__C)
                  00810dfc    00000002     dss_srr_pe674.oe674 (.const:ti_sysbios_utils_Load_Module__loggerDefined__C)
                  00810dfe    00000002     dss_srr_pe674.oe674 (.const:ti_sysbios_utils_Load_autoAddTasks__C)
                  00810e00    00000002     dss_srr_pe674.oe674 (.const:ti_sysbios_utils_Load_updateInIdle__C)
                  00810e02    00000002     dss_srr_pe674.oe674 (.const:xdc_runtime_Core_Module__id__C)
                  00810e04    00000002     dss_srr_pe674.oe674 (.const:xdc_runtime_Error_Module__loggerDefined__C)
                  00810e06    00000002     dss_srr_pe674.oe674 (.const:xdc_runtime_Error_maxDepth__C)
                  00810e08    00000002     dss_srr_pe674.oe674 (.const:xdc_runtime_Main_Module__id__C)
                  00810e0a    00000002     dss_srr_pe674.oe674 (.const:xdc_runtime_Memory_Module__id__C)
                  00810e0c    00000002     dss_srr_pe674.oe674 (.const:xdc_runtime_Text_charCnt__C)
                  00810e0e    00000002     dss_srr_pe674.oe674 (.const:xdc_runtime_Text_isLoaded__C)
                  00810e10    00000002     dss_srr_pe674.oe674 (.const:xdc_runtime_Text_registryModsLastId__C)
                  00810e12    00000002     dss_srr_pe674.oe674 (.const:xdc_runtime_Text_unnamedModsLastId__C)
                  00810e14    00000004     --HOLE-- [fill = 0]
                  00810e18    00000001     dss_srr_pe674.oe674 (.const:xdc_runtime_Text_charTab__A)

.far       0    00810e20    00000efc     UNINITIALIZED
                  00810e20    00000538     (.common:EDMA_object)
                  00811358    00000538     (.common:gSrrDSSMCB)
                  00811890    00000320     dss_srr_pe674.oe674 (.far:taskStackSection)
                  00811bb0    00000140     (.common:__TI_tmpnams)
                  00811cf0    00000010     (.common:edmaDbg)
                  00811d00    00000010     (.common:gCycleLog)
                  00811d10    00000008     (.common:parmbuf)
                  00811d18    00000004     (.common:ti_sysbios_knl_Task_Instance_State_0_hookEnv__A)

.fardata   0    00811d20    00000d5c     
                  00811d20    0000068c     dss_srr_pe674.oe674 (.fardata)
                  008123ac    00000004     rts6740_elf.lib : _lock.obj (.fardata:_lock)
                  008123b0    000001e0                     : defs.obj (.fardata:_ftable)
                  00812590    000000a0                     : lowlev.obj (.fardata:_stream)
                  00812630    00000080     dss_srr_pe674.oe674 (.fardata:ti_sysbios_knl_Task_Module_State_0_readyQ__A)
                  008126b0    00000078     rts6740_elf.lib : lowlev.obj (.fardata:_device)
                  00812728    00000078     dss_srr_pe674.oe674 (.fardata:ti_sysbios_family_c64p_Hwi_Object__table__V)
                  008127a0    00000050     libmailbox_xwr16xx.ae674 : mailbox.oe674 (.fardata)
                  008127f0    0000004c     dss_srr_pe674.oe674 (.fardata:ti_sysbios_knl_Task_Object__table__V)
                  0081283c    00000004     rts6740_elf.lib : _lock.obj (.fardata:_unlock)
                  00812840    00000040                     : cos.obj (.fardata:R$1)
                  00812880    00000040                     : sin.obj (.fardata:R$1)
                  008128c0    00000040     libsoc_xwr16xx.ae674 : soc_xwr16xx.oe674 (.fardata:SOC_TranslateAddr_LUT)
                  00812900    00000040     dss_srr_pe674.oe674 (.fardata:ti_sysbios_gates_GateMutex_Object__table__V)
                  00812940    0000003c     dss_srr_pe674.oe674 (.fardata:ti_sysbios_timers_rti_Timer_Object__table__V)
                  0081297c    00000030     libmailbox_xwr16xx.ae674 : mailbox_xwr16xx.oe674 (.fardata)
                  008129ac    00000004     rts6740_elf.lib : defs.obj (.fardata)
                  008129b0    0000001c     dss_srr_pe674.oe674 (.fardata:ti_sysbios_utils_Load_Module_State_0_taskEnv__A)
                  008129cc    00000004     rts6740_elf.lib : errno.obj (.fardata)
                  008129d0    00000018     libadcbuf_xwr16xx.ae674 : adcbuf_xwr1xxx.oe674 (.fardata:ADCBuf_config)
                  008129e8    00000018     libsoc_xwr16xx.ae674 : soc_xwr16xx_dss.oe674 (.fardata)
                  00812a00    00000018     dss_srr_pe674.oe674 (.fardata:ti_sysbios_heaps_HeapMem_Object__table__V)
                  00812a18    00000018     dss_srr_pe674.oe674 (.fardata:ti_sysbios_timers_rti_Timer_Module_State_0_device__A)
                  00812a30    00000010     dss_srr_pe674.oe674 (.fardata:ti_sysbios_timers_rti_Timer_Module_State_0_intFreqs__A)
                  00812a40    0000000c     rts6740_elf.lib : exit.obj (.fardata)
[...]
00810bd8  ti_sysbios_family_c64p_EventCombiner_Module__diagsMask__C    
00810bdc  ti_sysbios_family_c64p_Exception_E_exceptionMax__C           
00810be0  ti_sysbios_family_c64p_Exception_exceptionHook__C            
00810be4  ti_sysbios_family_c64p_Exception_externalHook__C             
00810be8  ti_sysbios_family_c64p_Exception_internalHook__C             
00810bec  ti_sysbios_family_c64p_Exception_nmiHook__C                  
00810bf0  ti_sysbios_family_c64p_Hwi_LD_end__C                         
00810bf4  ti_sysbios_family_c64p_Hwi_LM_begin__C                       
00810bf8  ti_sysbios_family_c64p_Hwi_Module__diagsEnabled__C           
00810bfc  ti_sysbios_family_c64p_Hwi_Module__diagsIncluded__C          
00810c00  ti_sysbios_family_c64p_Hwi_Module__diagsMask__C              
00810c04  ti_sysbios_family_c64p_Hwi_Module__loggerFxn1__C             
00810c08  ti_sysbios_family_c64p_Hwi_Module__loggerFxn8__C             
00810c0c  ti_sysbios_family_c64p_Hwi_Module__loggerObj__C              
00810c10  ti_sysbios_gates_GateMutex_A_badContext__C                   
00810c14  ti_sysbios_gates_GateMutex_Instance_State_sem__O             
00810c18  ti_sysbios_gates_GateMutex_Module__diagsEnabled__C           
00810c1c  ti_sysbios_gates_GateMutex_Module__diagsIncluded__C          
00810c20  ti_sysbios_gates_GateMutex_Module__diagsMask__C              
00810c24  ti_sysbios_hal_Hwi_E_stackOverflow__C                        
00810c28  ti_sysbios_heaps_HeapMem_A_align__C                          
00810c2c  ti_sysbios_heaps_HeapMem_A_heapSize__C                       
00810c30  ti_sysbios_heaps_HeapMem_A_invalidFree__C                    
00810c34  ti_sysbios_heaps_HeapMem_A_zeroBlock__C                      
00810c38  ti_sysbios_heaps_HeapMem_E_memory__C                         
00810c3c  ti_sysbios_heaps_HeapMem_Module__diagsEnabled__C             
00810c40  ti_sysbios_heaps_HeapMem_Module__diagsIncluded__C            
00810c44  ti_sysbios_heaps_HeapMem_Module__diagsMask__C                
00810c48  ti_sysbios_heaps_HeapMem_Module__gateObj__C                  
00810c4c  ti_sysbios_heaps_HeapMem_Object__count__C                    
00810c50  ti_sysbios_heaps_HeapMem_reqAlign__C                         
00810c54  ti_sysbios_knl_Clock_LM_begin__C                             
00810c58  ti_sysbios_knl_Clock_LM_tick__C                              
00810c5c  ti_sysbios_knl_Clock_LW_delayed__C                           
00810c60  ti_sysbios_knl_Clock_Module_State_clockQ__O                  
00810c64  ti_sysbios_knl_Clock_Module__diagsEnabled__C                 
00810c68  ti_sysbios_knl_Clock_Module__diagsIncluded__C                
00810c6c  ti_sysbios_knl_Clock_Module__diagsMask__C                    
00810c70  ti_sysbios_knl_Clock_Module__loggerFxn1__C                   
00810c74  ti_sysbios_knl_Clock_Module__loggerFxn2__C                   
00810c78  ti_sysbios_knl_Clock_Module__loggerObj__C                    
00810c7c  ti_sysbios_knl_Semaphore_A_badContext__C                     
00810c80  ti_sysbios_knl_Semaphore_A_noEvents__C                       
00810c84  ti_sysbios_knl_Semaphore_A_overflow__C                       
00810c88  ti_sysbios_knl_Semaphore_A_pendTaskDisabled__C               
00810c8c  ti_sysbios_knl_Semaphore_Instance_State_pendQ__O             
00810c90  ti_sysbios_knl_Semaphore_LM_pend__C                          
00810c94  ti_sysbios_knl_Semaphore_LM_post__C                          
00810c98  ti_sysbios_knl_Semaphore_Module__diagsEnabled__C             
00810c9c  ti_sysbios_knl_Semaphore_Module__diagsIncluded__C            
00810ca0  ti_sysbios_knl_Semaphore_Module__diagsMask__C                
00810ca4  ti_sysbios_knl_Semaphore_Module__loggerFxn2__C               
00810ca8  ti_sysbios_knl_Semaphore_Module__loggerFxn4__C               
00810cac  ti_sysbios_knl_Semaphore_Module__loggerObj__C                
00810cb0  ti_sysbios_knl_Task_A_badPriority__C                         
00810cb4  ti_sysbios_knl_Task_A_badTaskState__C                        
00810cb8  ti_sysbios_knl_Task_A_badThreadType__C                       
00810cbc  ti_sysbios_knl_Task_A_noPendElem__C                          
00810cc0  ti_sysbios_knl_Task_E_spOutOfBounds__C                       
00810cc4  ti_sysbios_knl_Task_E_stackOverflow__C                       
00810cc8  ti_sysbios_knl_Task_LD_block__C                              
00810ccc  ti_sysbios_knl_Task_LD_exit__C                               
00810cd0  ti_sysbios_knl_Task_LD_ready__C                              
00810cd4  ti_sysbios_knl_Task_LM_switch__C                             
00810cd8  ti_sysbios_knl_Task_Module_State_inactiveQ__O                
00810cdc  ti_sysbios_knl_Task_Module__diagsEnabled__C                  
00810ce0  ti_sysbios_knl_Task_Module__diagsIncluded__C                 
00810ce4  ti_sysbios_knl_Task_Module__diagsMask__C                     
00810ce8  ti_sysbios_knl_Task_Module__loggerFxn2__C                    
00810cec  ti_sysbios_knl_Task_Module__loggerFxn4__C                    
00810cf0  ti_sysbios_knl_Task_Module__loggerObj__C                     
00810cf4  ti_sysbios_knl_Task_Object__count__C                         
00810cf8  ti_sysbios_knl_Task_Object__heap__C                          
00810cfc  ti_sysbios_knl_Task_allBlockedFunc__C                        
00810d00  ti_sysbios_knl_Task_defaultStackHeap__C                      
00810d04  ti_sysbios_knl_Task_defaultStackSize__C                      
00810d08  ti_sysbios_knl_Task_numConstructedTasks__C                   
00810d0c  ti_sysbios_timers_rti_Timer_E_cannotSupport__C               
00810d10  ti_sysbios_timers_rti_Timer_Module__diagsEnabled__C          
00810d14  ti_sysbios_timers_rti_Timer_Module__diagsIncluded__C         
00810d18  ti_sysbios_timers_rti_Timer_Module__diagsMask__C             
00810d1c  ti_sysbios_timers_rti_Timer_numTimerDevices__C               
00810d20  ti_sysbios_timers_rti_Timer_startupNeeded__C                 
00810d24  ti_sysbios_utils_Load_LS_cpuLoad__C                          
00810d28  ti_sysbios_utils_Load_LS_taskLoad__C                         
00810d2c  ti_sysbios_utils_Load_Module_State_taskList__O               
00810d30  ti_sysbios_utils_Load_Module__diagsEnabled__C                
00810d34  ti_sysbios_utils_Load_Module__diagsIncluded__C               
00810d38  ti_sysbios_utils_Load_Module__diagsMask__C                   
00810d3c  ti_sysbios_utils_Load_Module__loggerFxn1__C                  
00810d40  ti_sysbios_utils_Load_Module__loggerFxn4__C                  
00810d44  ti_sysbios_utils_Load_Module__loggerObj__C                   
00810d48  ti_sysbios_utils_Load_postUpdate__C                          
00810d4c  ti_sysbios_utils_Load_windowInMs__C                          
00810d50  xdc_runtime_Assert_E_assertFailed__C                         
00810d54  xdc_runtime_Core_A_initializedParams__C                      
00810d58  xdc_runtime_Core_Module__diagsEnabled__C                     
00810d5c  xdc_runtime_Core_Module__diagsIncluded__C                    
00810d60  xdc_runtime_Core_Module__diagsMask__C                        
00810d64  xdc_runtime_Error_E_memory__C                                
00810d68  xdc_runtime_Error_Module__diagsEnabled__C                    
00810d6c  xdc_runtime_Error_Module__diagsIncluded__C                   
00810d70  xdc_runtime_Error_Module__diagsMask__C                       
00810d74  xdc_runtime_Error_Module__loggerFxn8__C                      
00810d78  xdc_runtime_Error_Module__loggerObj__C                       
00810d7c  xdc_runtime_Error_policyFxn__C                               
00810d80  xdc_runtime_Error_policy__C                                  
00810d84  xdc_runtime_Error_raiseHook__C                               
00810d88  xdc_runtime_IGateProvider_Interface__BASE__C                 
00810d8c  xdc_runtime_IHeap_Interface__BASE__C                         
00810d90  xdc_runtime_IModule_Interface__BASE__C                       
00810d94  xdc_runtime_Log_L_error__C                                   
00810d98  xdc_runtime_Memory_defaultHeapInstance__C                    
00810d9c  xdc_runtime_Startup_execImpl__C                              
00810da0  xdc_runtime_Startup_maxPasses__C                             
00810da4  xdc_runtime_Startup_sfxnRts__C                               
00810da8  xdc_runtime_Startup_sfxnTab__C                               
00810dac  xdc_runtime_System_Module__gateObj__C                        
00810db0  xdc_runtime_System_abortFxn__C                               
00810db4  xdc_runtime_System_exitFxn__C                                
00810db8  xdc_runtime_System_extendFxn__C                              
00810dbc  xdc_runtime_System_maxAtexitHandlers__C                      
00810dc0  xdc_runtime_Text_charTab__C                                  
00810dc4  xdc_runtime_Text_nameEmpty__C                                
00810dc8  xdc_runtime_Text_nameStatic__C                               
00810dcc  xdc_runtime_Text_nameUnknown__C                              
00810dd0  xdc_runtime_Text_nodeTab__A                                  
00810dd4  xdc_runtime_Text_visitRopeFxn__C                             
00810dd8  ti_sysbios_family_c64p_Cache_Module__id__C                   
00810dda  ti_sysbios_family_c64p_EventCombiner_Module__id__C           
00810ddc  ti_sysbios_family_c64p_Exception_Module__id__C               
00810dde  ti_sysbios_family_c64p_Exception_useInternalBuffer__C        
00810de0  ti_sysbios_family_c64p_Hwi_Module__id__C                     
00810de2  ti_sysbios_family_c64p_Hwi_Module__loggerDefined__C          
00810de4  ti_sysbios_gates_GateMutex_Module__id__C                     
00810de6  ti_sysbios_hal_Hwi_Module__id__C                             
00810de8  ti_sysbios_heaps_HeapMem_Module__id__C                       
00810dea  ti_sysbios_knl_Clock_Module__id__C                           
00810dec  ti_sysbios_knl_Clock_Module__loggerDefined__C                
00810dee  ti_sysbios_knl_Semaphore_Module__id__C                       
00810df0  ti_sysbios_knl_Semaphore_Module__loggerDefined__C            
00810df2  ti_sysbios_knl_Task_Module__id__C                            
00810df4  ti_sysbios_knl_Task_Module__loggerDefined__C                 
00810df6  ti_sysbios_timers_rti_Timer_Module__id__C                    
00810df8  ti_sysbios_timers_rti_Timer_continueOnSuspend__C             
00810dfa  ti_sysbios_utils_Load_Module__id__C                          
00810dfc  ti_sysbios_utils_Load_Module__loggerDefined__C               
00810dfe  ti_sysbios_utils_Load_autoAddTasks__C                        
00810e00  ti_sysbios_utils_Load_updateInIdle__C                        
00810e02  xdc_runtime_Core_Module__id__C                               
00810e04  xdc_runtime_Error_Module__loggerDefined__C                   
00810e06  xdc_runtime_Error_maxDepth__C                                
00810e08  xdc_runtime_Main_Module__id__C                               
00810e0a  xdc_runtime_Memory_Module__id__C                             
00810e0c  xdc_runtime_Text_charCnt__C                                  
00810e0e  xdc_runtime_Text_isLoaded__C                                 
00810e10  xdc_runtime_Text_registryModsLastId__C                       
00810e12  xdc_runtime_Text_unnamedModsLastId__C                        
00810e18  xdc_runtime_Text_charTab__A                                  
00811358  gSrrDSSMCB                                                   
00811890  ti_sysbios_knl_Task_Instance_State_0_stack__A                
00811bb0  __TI_tmpnams                                                 
00811cf0  edmaDbg                                                      
00811d00  gCycleLog                                                    
00811d18  ti_sysbios_knl_Task_Instance_State_0_hookEnv__A              
00811d20  xdc_runtime_Error_IgnoreBlock                                
00811d40  ti_sysbios_BIOS_Module__state__V                             
00811d64  ti_sysbios_family_c64p_Cache_Module__state__V                
00811d68  ti_sysbios_family_c64p_EventCombiner_Module__state__V        
00812168  ti_sysbios_family_c64p_Exception_Module__state__V            
00812198  ti_sysbios_family_c64p_Hwi_Module__root__V                   
008121a0  ti_sysbios_family_c64p_Hwi_Module__state__V                  
0081220c  ti_sysbios_gates_GateHwi_Module__root__V                     
00812214  ti_sysbios_gates_GateMutex_Module__root__V                   
0081221c  ti_sysbios_hal_Hwi_Module__root__V                           
00812224  ti_sysbios_heaps_HeapMem_Module__root__V                     
0081222c  ti_sysbios_knl_Clock_Module__root__V                         
00812234  ti_sysbios_knl_Clock_Module__state__V                        
00812260  ti_sysbios_knl_Event_Module__root__V                         
00812268  ti_sysbios_knl_Queue_Module__root__V                         
00812270  ti_sysbios_knl_Semaphore_Module__root__V                     
00812278  ti_sysbios_knl_Task_Module__root__V                          
00812280  ti_sysbios_knl_Task_Module__state__V                         
008122c4  ti_sysbios_rts_ti_ThreadLocalStorage_Module__state__V        
008122d0  ti_sysbios_timers_rti_Timer_Module__root__V                  
008122d8  ti_sysbios_timers_rti_Timer_Module__state__V                 
008122e8  ti_sysbios_utils_Load_Module__state__V                       
00812380  xdc_runtime_Error_Module__state__V                           
00812384  xdc_runtime_Memory_Module__state__V                          
00812388  xdc_runtime_Registry_Module__state__V                        
00812390  xdc_runtime_Startup_Module__state__V                         
00812398  xdc_runtime_System_Module__state__V                          
008123a0  xdc_runtime_Text_Module__state__V                            
008123a8  __xdc__init__addr                                            
008123ac  _lock                                                        
008123b0  _ftable                                                      
00812630  ti_sysbios_knl_Task_Module_State_0_readyQ__A                 
00812728  ti_sysbios_family_c64p_Hwi_Object__table__V                  
008127a0  gMailboxMCB                                                  
008127f0  ti_sysbios_knl_Task_Object__table__V                         
0081283c  _unlock                                                      
008128c0  SOC_TranslateAddr_LUT                                        
00812900  ti_sysbios_gates_GateMutex_Object__table__V                  
00812940  ti_sysbios_timers_rti_Timer_Object__table__V                 
0081297c  gMailboxDssMssHwCfg                                          
00812994  gMailboxDssBssHwCfg                                          
008129ac  __TI_ft_end                                                  
008129b0  ti_sysbios_utils_Load_Module_State_0_taskEnv__A              
008129cc  __errno                                                      
008129cc  errno                                                        
008129d0  ADCBuf_config                                                
008129e8  gSOCHwAttrib                                                 
00812a00  ti_sysbios_heaps_HeapMem_Object__table__V                    
00812a18  ti_sysbios_timers_rti_Timer_Module_State_0_device__A         
00812a30  ti_sysbios_timers_rti_Timer_Module_State_0_intFreqs__A       
00812a40  __TI_cleanup_ptr                                             
00812a44  __TI_dtors_ptr                                               
00812a48  __TI_enable_exit_profile_output                              
00812a50  ti_sysbios_hal_Hwi_Object__table__V                          
00812a58  ti_sysbios_timers_rti_Timer_Module_State_0_handles__A        
00812a60  ti_sysbios_gates_GateHwi_Object__table__V                    
00812a68  ti_sysbios_knl_Task_Module_State_0_idleTask__A               
00812a70  ti_sysbios_utils_Load_Module_State_0_runningTask__A          
00812a78  ti_sysbios_utils_Load_Module_State_0_taskStartTime__A        
00812a80  _stack                                                       
00812e98  __CIOBUF_                                                    
00812e98  __TI_STACK_END                                               
0081307c  __TI_STATIC_BASE                                             
00813080  regionId                                                     
00813088  _MmwDemo_fastCode_L1PSRAM_copy_table                         
00813088  __TI_table__MmwDemo_fastCode_L1PSRAM_copy_table              
00e00000  DSP_fft32x32                                                 
00e00380  DSP_fft16x16                                                 
00e00680  mmwavelib_log2Abs32                                          
00e00880  mmwavelib_dftSingleBinWithWindow                             
00e00a20  mmwavelib_windowing16x16                                     
00e00b80  mmwavelib_windowing16x32                                     
00e00c20  mmwavelib_accum16                                            
00e00c80  exp2sp                                                       
00e00e00  sqrtsp                                                       
00e00ea0  rsqrtsp                                                      
00e00f20  divsp                                                        
00e00f80  recipsp                                                      
00e01020  secondDimFFTandLog2Computation                               
00e01440  MmwDemo_processChirp                                         
00e017e0  MmwDemo_interChirpProcessing                                 
00e01aa0  MmwDemo_XYestimation                                         
00e01e20  cfarCa_SO_dBwrap_withSNR                                     
00e02380  cfarCadB_SO_withSNR                                          
00e027a0  rangeBasedPruning                                            
00e02940  azimuthProcessing                                            
00e03120  MmwDemo_waitEndOfChirps                                      
00e03180  clusteringDBscan_findNeighbors2Fixed                         
00e032e0  isTargetWithinDataAssociationThresh                          
00f00000  gMmwL1                                                       
20000000  _L3data_start                                                
20000000  gMmwL3                                                       
200034c0  SOC_init                                                     
200035e0  main                                                         
20003860  MmwDemo_populateSRR                                          
20003d20  MmwDemo_populateUSRR                                         
200041a0  MmwDemo_dataPathInitEdma                                     
21080000  gHSRAM                                                       
ffffffff  __TI_pprof_out_hndl                                          
ffffffff  __TI_prof_data_size                                          
ffffffff  __TI_prof_data_start                                         
ffffffff  __binit__                                                    
ffffffff  __c_args__                                                   
ffffffff  binit                                                        
UNDEFED   __TI_CINIT_Base                                              
UNDEFED   __TI_CINIT_Limit                                             
UNDEFED   __TI_Handler_Table_Base                                      
UNDEFED   __TI_Handler_Table_Limit                                     
UNDEFED   __TI_INITARRAY_Base                                          
UNDEFED   __TI_INITARRAY_Limit                                         
UNDEFED   __TI_TLS_INIT_Base                                           
UNDEFED   __TI_TLS_INIT_Limit                                          

[811 symbols]
